Archive member included to satisfy reference by file (symbol)

E:/Programming/Cypress/PSoC6/psoc6pdl_Cortex-M4/Debug/libpsoc6pdl_Cortex-M4.a(cy_syslib_gcc.o)
                              ./psoc6sw-1.1/components/psoc6pdl/devices/psoc6/startup/system_psoc6_cm4.o (Cy_SysLib_EnterCriticalSection)
E:/Programming/Cypress/PSoC6/psoc6pdl_Cortex-M4/Debug/libpsoc6pdl_Cortex-M4.a(cy_csd.o)
                              ./psoc6sw-1.1/components/psoc6mw/csdadc/cy_csdadc.o (Cy_CSD_DeInit)
E:/Programming/Cypress/PSoC6/psoc6pdl_Cortex-M4/Debug/libpsoc6pdl_Cortex-M4.a(cy_device.o)
                              ./psoc6sw-1.1/components/psoc6pdl/devices/psoc6/startup/system_psoc6_cm4.o (Cy_PDL_Init)
E:/Programming/Cypress/PSoC6/psoc6pdl_Cortex-M4/Debug/libpsoc6pdl_Cortex-M4.a(cy_gpio.o)
                              ./GeneratedSource/cycfg_pins.o (Cy_GPIO_Pin_Init)
E:/Programming/Cypress/PSoC6/psoc6pdl_Cortex-M4/Debug/libpsoc6pdl_Cortex-M4.a(cy_ipc_pipe.o)
                              ./psoc6sw-1.1/components/psoc6pdl/devices/psoc6/startup/system_psoc6_cm4.o (Cy_IPC_Pipe_Config)
E:/Programming/Cypress/PSoC6/psoc6pdl_Cortex-M4/Debug/libpsoc6pdl_Cortex-M4.a(cy_ipc_sema.o)
                              ./psoc6sw-1.1/components/psoc6pdl/devices/psoc6/startup/system_psoc6_cm4.o (Cy_IPC_Sema_Init)
E:/Programming/Cypress/PSoC6/psoc6pdl_Cortex-M4/Debug/libpsoc6pdl_Cortex-M4.a(cy_rtc.o)
                              ./Source/main.o (Cy_RTC_Init)
E:/Programming/Cypress/PSoC6/psoc6pdl_Cortex-M4/Debug/libpsoc6pdl_Cortex-M4.a(cy_sar.o)
                              ./Source/main.o (Cy_SAR_Init)
E:/Programming/Cypress/PSoC6/psoc6pdl_Cortex-M4/Debug/libpsoc6pdl_Cortex-M4.a(cy_scb_common.o)
                              ./Source/stdio_user.o (Cy_SCB_Write)
E:/Programming/Cypress/PSoC6/psoc6pdl_Cortex-M4/Debug/libpsoc6pdl_Cortex-M4.a(cy_scb_uart.o)
                              ./Source/main.o (Cy_SCB_UART_Init)
E:/Programming/Cypress/PSoC6/psoc6pdl_Cortex-M4/Debug/libpsoc6pdl_Cortex-M4.a(cy_sysanalog.o)
                              ./Source/main.o (Cy_SysAnalog_Init)
E:/Programming/Cypress/PSoC6/psoc6pdl_Cortex-M4/Debug/libpsoc6pdl_Cortex-M4.a(cy_sysclk.o)
                              ./GeneratedSource/cycfg_platform.o (Cy_SysClk_ClkPathSetSource)
E:/Programming/Cypress/PSoC6/psoc6pdl_Cortex-M4/Debug/libpsoc6pdl_Cortex-M4.a(cy_sysint.o)
                              E:/Programming/Cypress/PSoC6/psoc6pdl_Cortex-M4/Debug/libpsoc6pdl_Cortex-M4.a(cy_ipc_pipe.o) (Cy_SysInt_Init)
E:/Programming/Cypress/PSoC6/psoc6pdl_Cortex-M4/Debug/libpsoc6pdl_Cortex-M4.a(cy_syslib.o)
                              ./Source/main.o (Cy_SysLib_Delay)
E:/Programming/Cypress/PSoC6/psoc6pdl_Cortex-M4/Debug/libpsoc6pdl_Cortex-M4.a(cy_syspm.o)
                              ./GeneratedSource/cycfg_platform.o (Cy_SysPm_LdoSetVoltage)
E:/Programming/Cypress/PSoC6/psoc6pdl_Cortex-M4/Debug/libpsoc6pdl_Cortex-M4.a(cy_ipc_drv.o)
                              E:/Programming/Cypress/PSoC6/psoc6pdl_Cortex-M4/Debug/libpsoc6pdl_Cortex-M4.a(cy_ipc_pipe.o) (Cy_IPC_Drv_LockRelease)
E:/Programming/Cypress/PSoC6/psoc6pdl_Cortex-M4/Debug/libpsoc6pdl_Cortex-M4.a(cy_prot.o)
                              E:/Programming/Cypress/PSoC6/psoc6pdl_Cortex-M4/Debug/libpsoc6pdl_Cortex-M4.a(cy_syspm.o) (Cy_Prot_GetActivePC)
c:/users/oleh/modustoolbox_1.1/tools/gcc-7.2.1-1.0/bin/../lib/gcc/arm-none-eabi/7.2.1/thumb/v7e-m/fpv4-sp/softfp\libgcc.a(_arm_addsubdf3.o)
                              ./GeneratedSource/Thermistor.o (__aeabi_dsub)
c:/users/oleh/modustoolbox_1.1/tools/gcc-7.2.1-1.0/bin/../lib/gcc/arm-none-eabi/7.2.1/thumb/v7e-m/fpv4-sp/softfp\libgcc.a(_arm_muldivdf3.o)
                              ./Source/main.o (__aeabi_dmul)
c:/users/oleh/modustoolbox_1.1/tools/gcc-7.2.1-1.0/bin/../lib/gcc/arm-none-eabi/7.2.1/thumb/v7e-m/fpv4-sp/softfp\libgcc.a(_arm_truncdfsf2.o)
                              ./GeneratedSource/Thermistor.o (__aeabi_d2f)
c:/users/oleh/modustoolbox_1.1/tools/gcc-7.2.1-1.0/bin/../lib/gcc/arm-none-eabi/7.2.1/thumb/v7e-m/fpv4-sp/softfp\libgcc.a(_aeabi_ldivmod.o)
                              E:/Programming/Cypress/PSoC6/psoc6pdl_Cortex-M4/Debug/libpsoc6pdl_Cortex-M4.a(cy_sar.o) (__aeabi_ldivmod)
c:/users/oleh/modustoolbox_1.1/tools/gcc-7.2.1-1.0/bin/../lib/gcc/arm-none-eabi/7.2.1/thumb/v7e-m/fpv4-sp/softfp\libgcc.a(_aeabi_uldivmod.o)
                              E:/Programming/Cypress/PSoC6/psoc6pdl_Cortex-M4/Debug/libpsoc6pdl_Cortex-M4.a(cy_sysclk.o) (__aeabi_uldivmod)
c:/users/oleh/modustoolbox_1.1/tools/gcc-7.2.1-1.0/bin/../lib/gcc/arm-none-eabi/7.2.1/thumb/v7e-m/fpv4-sp/softfp\libgcc.a(_udivmoddi4.o)
                              c:/users/oleh/modustoolbox_1.1/tools/gcc-7.2.1-1.0/bin/../lib/gcc/arm-none-eabi/7.2.1/thumb/v7e-m/fpv4-sp/softfp\libgcc.a(_aeabi_ldivmod.o) (__udivmoddi4)
c:/users/oleh/modustoolbox_1.1/tools/gcc-7.2.1-1.0/bin/../lib/gcc/arm-none-eabi/7.2.1/thumb/v7e-m/fpv4-sp/softfp\libgcc.a(_dvmd_tls.o)
[...]
Memory Configuration

Name             Origin             Length             Attributes
ram              0x08002000         0x000fd800         xrw
flash            0x10002000         0x001fe000         xr
em_eeprom        0x14000000         0x00008000         xr
sflash_user_data 0x16000800         0x00000800         xr
sflash_nar       0x16001a00         0x00000200         xr
sflash_public_key 0x16005a00         0x00000c00         xr
sflash_toc_2     0x16007c00         0x00000200         xr
sflash_rtoc_2    0x16007e00         0x00000200         xr
xip              0x18000000         0x08000000         xr
efuse            0x90700000         0x00100000         r
*default*        0x00000000         0xffffffff

Linker script and memory map

LOAD c:/users/oleh/modustoolbox_1.1/tools/gcc-7.2.1-1.0/bin/../lib/gcc/arm-none-eabi/7.2.1/thumb/v7e-m/fpv4-sp/softfp/crti.o
LOAD c:/users/oleh/modustoolbox_1.1/tools/gcc-7.2.1-1.0/bin/../lib/gcc/arm-none-eabi/7.2.1/thumb/v7e-m/fpv4-sp/softfp/crtbegin.o
LOAD c:/users/oleh/modustoolbox_1.1/tools/gcc-7.2.1-1.0/bin/../lib/gcc/arm-none-eabi/7.2.1/../../../../arm-none-eabi/lib/thumb/v7e-m/fpv4-sp/softfp/crt0.o
START GROUP
LOAD ./psoc6sw-1.1/components/psoc6pdl/utilities/retarget_io/retarget.o
LOAD ./psoc6sw-1.1/components/psoc6pdl/devices/psoc6/startup/gcc/startup_psoc6_02_cm4.o
LOAD ./psoc6sw-1.1/components/psoc6pdl/devices/psoc6/startup/system_psoc6_cm4.o
LOAD ./psoc6sw-1.1/components/psoc6mw/csdadc/cy_csdadc.o
LOAD ./Source/main.o
LOAD ./Source/stdio_user.o
LOAD ./GeneratedSource/Thermistor.o
LOAD ./GeneratedSource/cycfg.o
LOAD ./GeneratedSource/cycfg_clocks.o
LOAD ./GeneratedSource/cycfg_peripherals.o
LOAD ./GeneratedSource/cycfg_pins.o
LOAD ./GeneratedSource/cycfg_platform.o
LOAD ./GeneratedSource/cycfg_routing.o
LOAD E:/Programming/Cypress/PSoC6/psoc6pdl_Cortex-M4/Debug/libpsoc6pdl_Cortex-M4.a
END GROUP
START GROUP
LOAD c:/users/oleh/modustoolbox_1.1/tools/gcc-7.2.1-1.0/bin/../lib/gcc/arm-none-eabi/7.2.1/thumb/v7e-m/fpv4-sp/softfp\libgcc.a
LOAD c:/users/oleh/modustoolbox_1.1/tools/gcc-7.2.1-1.0/bin/../lib/gcc/arm-none-eabi/7.2.1/../../../../arm-none-eabi/lib/thumb/v7e-m/fpv4-sp/softfp\libg_nano.a
LOAD c:/users/oleh/modustoolbox_1.1/tools/gcc-7.2.1-1.0/bin/../lib/gcc/arm-none-eabi/7.2.1/../../../../arm-none-eabi/lib/thumb/v7e-m/fpv4-sp/softfp\libc_nano.a
END GROUP
START GROUP
LOAD c:/users/oleh/modustoolbox_1.1/tools/gcc-7.2.1-1.0/bin/../lib/gcc/arm-none-eabi/7.2.1/thumb/v7e-m/fpv4-sp/softfp\libgcc.a
LOAD c:/users/oleh/modustoolbox_1.1/tools/gcc-7.2.1-1.0/bin/../lib/gcc/arm-none-eabi/7.2.1/../../../../arm-none-eabi/lib/thumb/v7e-m/fpv4-sp/softfp\libc_nano.a
END GROUP
LOAD c:/users/oleh/modustoolbox_1.1/tools/gcc-7.2.1-1.0/bin/../lib/gcc/arm-none-eabi/7.2.1/thumb/v7e-m/fpv4-sp/softfp/crtend.o
LOAD c:/users/oleh/modustoolbox_1.1/tools/gcc-7.2.1-1.0/bin/../lib/gcc/arm-none-eabi/7.2.1/thumb/v7e-m/fpv4-sp/softfp/crtn.o
START GROUP
LOAD c:/users/oleh/modustoolbox_1.1/tools/gcc-7.2.1-1.0/bin/../lib/gcc/arm-none-eabi/7.2.1/thumb/v7e-m/fpv4-sp/softfp\libgcc.a
LOAD c:/users/oleh/modustoolbox_1.1/tools/gcc-7.2.1-1.0/bin/../lib/gcc/arm-none-eabi/7.2.1/../../../../arm-none-eabi/lib/thumb/v7e-m/fpv4-sp/softfp\libc.a
LOAD c:/users/oleh/modustoolbox_1.1/tools/gcc-7.2.1-1.0/bin/../lib/gcc/arm-none-eabi/7.2.1/../../../../arm-none-eabi/lib/thumb/v7e-m/fpv4-sp/softfp\libnosys.a
END GROUP
START GROUP
LOAD c:/users/oleh/modustoolbox_1.1/tools/gcc-7.2.1-1.0/bin/../lib/gcc/arm-none-eabi/7.2.1/thumb/v7e-m/fpv4-sp/softfp\libgcc.a
LOAD c:/users/oleh/modustoolbox_1.1/tools/gcc-7.2.1-1.0/bin/../lib/gcc/arm-none-eabi/7.2.1/../../../../arm-none-eabi/lib/thumb/v7e-m/fpv4-sp/softfp\libc.a
LOAD c:/users/oleh/modustoolbox_1.1/tools/gcc-7.2.1-1.0/bin/../lib/gcc/arm-none-eabi/7.2.1/../../../../arm-none-eabi/lib/thumb/v7e-m/fpv4-sp/softfp\libm.a
LOAD c:/users/oleh/modustoolbox_1.1/tools/gcc-7.2.1-1.0/bin/../lib/gcc/arm-none-eabi/7.2.1/../../../../arm-none-eabi/lib/thumb/v7e-m/fpv4-sp/softfp\libnosys.a
END GROUP

.text           0x10002000     0x8084
                0x10002000                . = ALIGN (0x4)
                0x10002000                __Vectors = .
 *(.vectors)
 .vectors       0x10002000      0x2e0 ./psoc6sw-1.1/components/psoc6pdl/devices/psoc6/startup/gcc/startup_psoc6_02_cm4.o
                0x100022e0                . = ALIGN (0x4)
                0x100022e0                __Vectors_End = .
                0x000002e0                __Vectors_Size = (__Vectors_End - __Vectors)
                0x100022e0                __end__ = .
                0x100022e0                . = ALIGN (0x4)
 *(.text*)
 .text          0x100022e0       0x40 c:/users/oleh/modustoolbox_1.1/tools/gcc-7.2.1-1.0/bin/../lib/gcc/arm-none-eabi/7.2.1/thumb/v7e-m/fpv4-sp/softfp/crtbegin.o
 .text._write   0x10002320       0x22 ./psoc6sw-1.1/components/psoc6pdl/utilities/retarget_io/retarget.o
                0x10002320                _write
 .text._read    0x10002342       0x2a ./psoc6sw-1.1/components/psoc6pdl/utilities/retarget_io/retarget.o
                0x10002342                _read
 .text          0x1000236c       0x84 ./psoc6sw-1.1/components/psoc6pdl/devices/psoc6/startup/gcc/startup_psoc6_02_cm4.o
                0x1000236c                Cy_OnResetUser
                0x1000236e                Reset_Handler
                0x100023d0                cpuss_interrupts_dw0_5_IRQHandler
                0x100023d0                cpuss_interrupts_dw1_28_IRQHandler
                0x100023d0                cpuss_interrupts_ipc_6_IRQHandler
                0x100023d0                DebugMon_Handler
                0x100023d0                tcpwm_1_interrupts_11_IRQHandler
                0x100023d0                cpuss_interrupts_dw1_24_IRQHandler
                0x100023d0                cpuss_interrupts_ipc_0_IRQHandler
                0x100023d0                tcpwm_1_interrupts_15_IRQHandler
                0x100023d0                cpuss_interrupts_dw0_23_IRQHandler
                0x100023d0                cpuss_interrupts_dw1_18_IRQHandler
                0x100023d0                cpuss_interrupts_dw1_21_IRQHandler
                0x100023d0                tcpwm_1_interrupts_13_IRQHandler
                0x100023d0                cpuss_interrupts_dw1_8_IRQHandler
                0x100023d0                tcpwm_0_interrupts_0_IRQHandler
                0x100023d0                SysTick_Handler
                0x100023d0                cpuss_interrupt_fm_IRQHandler
                0x100023d0                lpcomp_interrupt_IRQHandler
                0x100023d0                tcpwm_1_interrupts_14_IRQHandler
                0x100023d0                cpuss_interrupts_dmac_0_IRQHandler
                0x100023d0                cpuss_interrupts_dw0_11_IRQHandler
                0x100023d0                tcpwm_1_interrupts_9_IRQHandler
                0x100023d0                cpuss_interrupts_cm0_cti_1_IRQHandler
                0x100023d0                tcpwm_1_interrupts_22_IRQHandler
                0x100023d0                cpuss_interrupts_dw0_4_IRQHandler
                0x100023d0                PendSV_Handler
                0x100023d0                NMI_Handler
                0x100023d0                scb_10_interrupt_IRQHandler
                0x100023d0                cpuss_interrupts_dw1_12_IRQHandler
                0x100023d0                tcpwm_1_interrupts_12_IRQHandler
                0x100023d0                smif_interrupt_IRQHandler
                0x100023d0                tcpwm_1_interrupts_2_IRQHandler
                0x100023d0                cpuss_interrupts_ipc_13_IRQHandler
                0x100023d0                tcpwm_1_interrupts_18_IRQHandler
                0x100023d0                cpuss_interrupts_ipc_7_IRQHandler
                0x100023d0                tcpwm_0_interrupts_2_IRQHandler
                0x100023d0                cpuss_interrupts_dw0_13_IRQHandler
                0x100023d0                cpuss_interrupts_dw1_7_IRQHandler
                0x100023d0                ioss_interrupts_gpio_1_IRQHandler
                0x100023d0                ioss_interrupts_gpio_7_IRQHandler
                0x100023d0                cpuss_interrupts_dw0_24_IRQHandler
                0x100023d0                scb_5_interrupt_IRQHandler
                0x100023d0                cpuss_interrupts_fault_1_IRQHandler
                0x100023d0                cpuss_interrupts_ipc_4_IRQHandler
                0x100023d0                cpuss_interrupts_ipc_5_IRQHandler
                0x100023d0                cpuss_interrupts_dw0_19_IRQHandler
                0x100023d0                cpuss_interrupts_dw1_10_IRQHandler
                0x100023d0                audioss_0_interrupt_i2s_IRQHandler
                0x100023d0                tcpwm_1_interrupts_6_IRQHandler
                0x100023d0                scb_4_interrupt_IRQHandler
                0x100023d0                ioss_interrupts_gpio_2_IRQHandler
                0x100023d0                cpuss_interrupts_dw0_27_IRQHandler
                0x100023d0                cpuss_interrupts_dw1_9_IRQHandler
                0x100023d0                cpuss_interrupts_dw1_13_IRQHandler
                0x100023d0                scb_2_interrupt_IRQHandler
                0x100023d0                cpuss_interrupts_dw1_20_IRQHandler
                0x100023d0                ioss_interrupts_gpio_13_IRQHandler
                0x100023d0                cpuss_interrupts_dmac_3_IRQHandler
                0x100023d0                cpuss_interrupts_cm4_fp_IRQHandler
                0x100023d0                srss_interrupt_IRQHandler
                0x100023d0                scb_0_interrupt_IRQHandler
                0x100023d0                csd_interrupt_IRQHandler
                0x100023d0                cpuss_interrupts_dw0_18_IRQHandler
                0x100023d0                profile_interrupt_IRQHandler
                0x100023d0                tcpwm_1_interrupts_1_IRQHandler
                0x100023d0                scb_12_interrupt_IRQHandler
                0x100023d0                audioss_0_interrupt_pdm_IRQHandler
                0x100023d0                cpuss_interrupts_dw1_25_IRQHandler
                0x100023d0                sdhc_0_interrupt_wakeup_IRQHandler
                0x100023d0                cpuss_interrupts_ipc_12_IRQHandler
                0x100023d0                tcpwm_1_interrupts_3_IRQHandler
                0x100023d0                tcpwm_0_interrupts_7_IRQHandler
                0x100023d0                cpuss_interrupts_dw1_1_IRQHandler
                0x100023d0                cpuss_interrupts_dw1_0_IRQHandler
                0x100023d0                cpuss_interrupts_dw0_9_IRQHandler
                0x100023d0                scb_11_interrupt_IRQHandler
                0x100023d0                tcpwm_1_interrupts_23_IRQHandler
                0x100023d0                tcpwm_1_interrupts_20_IRQHandler
                0x100023d0                ioss_interrupt_gpio_IRQHandler
                0x100023d0                tcpwm_0_interrupts_1_IRQHandler
                0x100023d0                sdhc_0_interrupt_general_IRQHandler
                0x100023d0                ioss_interrupts_gpio_8_IRQHandler
                0x100023d0                tcpwm_0_interrupts_6_IRQHandler
                0x100023d0                scb_7_interrupt_IRQHandler
                0x100023d0                tcpwm_1_interrupts_7_IRQHandler
                0x100023d0                cpuss_interrupts_ipc_11_IRQHandler
                0x100023d0                cpuss_interrupts_dw0_15_IRQHandler
                0x100023d0                cpuss_interrupts_dw1_6_IRQHandler
                0x100023d0                cpuss_interrupt_crypto_IRQHandler
                0x100023d0                scb_1_interrupt_IRQHandler
                0x100023d0                Default_Handler
                0x100023d0                usb_interrupt_hi_IRQHandler
                0x100023d0                tcpwm_1_interrupts_0_IRQHandler
                0x100023d0                scb_9_interrupt_IRQHandler
                0x100023d0                srss_interrupt_mcwdt_0_IRQHandler
                0x100023d0                cpuss_interrupts_dmac_1_IRQHandler
                0x100023d0                scb_3_interrupt_IRQHandler
                0x100023d0                cpuss_interrupts_dw0_16_IRQHandler
                0x100023d0                ioss_interrupts_gpio_3_IRQHandler
                0x100023d0                scb_6_interrupt_IRQHandler
                0x100023d0                cpuss_interrupts_cm4_cti_0_IRQHandler
                0x100023d0                cpuss_interrupts_dw1_26_IRQHandler
                0x100023d0                cpuss_interrupts_dw1_3_IRQHandler
                0x100023d0                pass_interrupt_sar_IRQHandler
                0x100023d0                ioss_interrupts_gpio_0_IRQHandler
                0x100023d0                cpuss_interrupts_dw1_17_IRQHandler
                0x100023d0                sdhc_1_interrupt_general_IRQHandler
                0x100023d0                ioss_interrupts_gpio_14_IRQHandler
                0x100023d0                tcpwm_0_interrupts_4_IRQHandler
                0x100023d0                tcpwm_0_interrupts_5_IRQHandler
                0x100023d0                cpuss_interrupts_dw1_16_IRQHandler
                0x100023d0                cpuss_interrupts_ipc_15_IRQHandler
                0x100023d0                cpuss_interrupts_cm4_cti_1_IRQHandler
                0x100023d0                scb_8_interrupt_IRQHandler
                0x100023d0                srss_interrupt_mcwdt_1_IRQHandler
                0x100023d0                cpuss_interrupts_cm0_cti_0_IRQHandler
                0x100023d0                SVC_Handler
                0x100023d0                cpuss_interrupts_dw1_27_IRQHandler
                0x100023d0                cpuss_interrupts_dw0_20_IRQHandler
                0x100023d0                cpuss_interrupts_dw1_5_IRQHandler
                0x100023d0                audioss_1_interrupt_i2s_IRQHandler
                0x100023d0                cpuss_interrupts_ipc_1_IRQHandler
                0x100023d0                cpuss_interrupts_dw0_0_IRQHandler
                0x100023d0                ioss_interrupts_gpio_12_IRQHandler
                0x100023d0                cpuss_interrupts_dw0_17_IRQHandler
                0x100023d0                cpuss_interrupts_ipc_3_IRQHandler
                0x100023d0                cpuss_interrupts_dw1_22_IRQHandler
                0x100023d0                cpuss_interrupts_dw1_23_IRQHandler
                0x100023d0                tcpwm_1_interrupts_17_IRQHandler
                0x100023d0                srss_interrupt_backup_IRQHandler
                0x100023d0                cpuss_interrupts_dw0_26_IRQHandler
                0x100023d0                cpuss_interrupts_ipc_10_IRQHandler
                0x100023d0                cpuss_interrupts_ipc_9_IRQHandler
                0x100023d0                cpuss_interrupts_dw0_14_IRQHandler
                0x100023d0                tcpwm_1_interrupts_4_IRQHandler
                0x100023d0                tcpwm_0_interrupts_3_IRQHandler
                0x100023d0                cpuss_interrupts_dw1_15_IRQHandler
                0x100023d0                ioss_interrupts_gpio_10_IRQHandler
                0x100023d0                cpuss_interrupts_dw0_8_IRQHandler
                0x100023d0                cpuss_interrupts_dmac_2_IRQHandler
                0x100023d0                ioss_interrupts_gpio_11_IRQHandler
                0x100023d0                cpuss_interrupts_ipc_14_IRQHandler
                0x100023d0                ioss_interrupts_gpio_5_IRQHandler
                0x100023d0                ioss_interrupts_gpio_4_IRQHandler
                0x100023d0                tcpwm_1_interrupts_8_IRQHandler
                0x100023d0                cpuss_interrupts_dw1_14_IRQHandler
                0x100023d0                cpuss_interrupts_dw0_22_IRQHandler
                0x100023d0                usb_interrupt_med_IRQHandler
                0x100023d0                cpuss_interrupts_dw0_2_IRQHandler
                0x100023d0                tcpwm_1_interrupts_10_IRQHandler
                0x100023d0                cpuss_interrupts_dw0_28_IRQHandler
                0x100023d0                cpuss_interrupts_fault_0_IRQHandler
                0x100023d0                cpuss_interrupts_dw0_12_IRQHandler
                0x100023d0                ioss_interrupts_gpio_6_IRQHandler
                0x100023d0                tcpwm_1_interrupts_21_IRQHandler
                0x100023d0                tcpwm_1_interrupts_16_IRQHandler
                0x100023d0                cpuss_interrupts_dw1_4_IRQHandler
                0x100023d0                cpuss_interrupts_dw1_11_IRQHandler
                0x100023d0                cpuss_interrupts_dw0_6_IRQHandler
                0x100023d0                cpuss_interrupts_dw0_25_IRQHandler
                0x100023d0                ioss_interrupt_vdd_IRQHandler
                0x100023d0                cpuss_interrupts_dw1_2_IRQHandler
                0x100023d0                tcpwm_1_interrupts_5_IRQHandler
                0x100023d0                cpuss_interrupts_ipc_2_IRQHandler
                0x100023d0                cpuss_interrupts_dw0_10_IRQHandler
                0x100023d0                cpuss_interrupts_dw1_19_IRQHandler
                0x100023d0                tcpwm_1_interrupts_19_IRQHandler
                0x100023d0                cpuss_interrupts_dw0_1_IRQHandler
                0x100023d0                ioss_interrupts_gpio_9_IRQHandler
                0x100023d0                sdhc_1_interrupt_wakeup_IRQHandler
                0x100023d0                usb_interrupt_lo_IRQHandler
                0x100023d0                cpuss_interrupts_ipc_8_IRQHandler
                0x100023d0                cpuss_interrupts_dw0_21_IRQHandler
                0x100023d0                cpuss_interrupts_dw0_7_IRQHandler
                0x100023d0                cpuss_interrupts_dw0_3_IRQHandler
                0x100023d4                UsageFault_Handler
                0x100023d4                HardFault_Handler
                0x100023d4                MemManage_Handler
                0x100023d4                BusFault_Handler
 .text.Cy_SysIpcPipeIsrCm4
                0x100023f0        0xa ./psoc6sw-1.1/components/psoc6pdl/devices/psoc6/startup/system_psoc6_cm4.o
                0x100023f0                Cy_SysIpcPipeIsrCm4
 .text.Cy_SystemInit
                0x100023fa        0x2 ./psoc6sw-1.1/components/psoc6pdl/devices/psoc6/startup/system_psoc6_cm4.o
                0x100023fa                Cy_SystemInit
 .text.SystemCoreClockUpdate
                0x100023fc      0x1b8 ./psoc6sw-1.1/components/psoc6pdl/devices/psoc6/startup/system_psoc6_cm4.o
                0x100023fc                SystemCoreClockUpdate
 .text.SystemInit
                0x100025b4       0x44 ./psoc6sw-1.1/components/psoc6pdl/devices/psoc6/startup/system_psoc6_cm4.o
                0x100025b4                SystemInit
 .text.Cy_SystemInitFpuEnable
                0x100025f8       0x28 ./psoc6sw-1.1/components/psoc6pdl/devices/psoc6/startup/system_psoc6_cm4.o
                0x100025f8                Cy_SystemInitFpuEnable
 .text.ThermistorInfo
                0x10002620       0x80 ./Source/main.o
                0x10002620                ThermistorInfo
 .text.PrintDateAndTime
                0x100026a0       0x8c ./Source/main.o
                0x100026a0                PrintDateAndTime
 .text.main     0x1000272c       0x8c ./Source/main.o
                0x1000272c                main
 .text.STDIO_PutChar
                0x100027b8       0x18 ./Source/stdio_user.o
                0x100027b8                STDIO_PutChar
 .text.STDIO_GetChar
                0x100027d0       0x1c ./Source/stdio_user.o
                0x100027d0                STDIO_GetChar
 .text.Thermistor_GetResistance
                0x100027ec       0x24 ./GeneratedSource/Thermistor.o
                0x100027ec                Thermistor_GetResistance
 .text.Thermistor_GetTemperature
                0x10002810       0xc8 ./GeneratedSource/Thermistor.o
                0x10002810                Thermistor_GetTemperature
 .text.init_cycfg_all
                0x100028d8       0x18 ./GeneratedSource/cycfg.o
                0x100028d8                init_cycfg_all
 .text.init_cycfg_clocks
                0x100028f0       0xa4 ./GeneratedSource/cycfg_clocks.o
                0x100028f0                init_cycfg_clocks
 .text.init_cycfg_peripherals
                0x10002994       0x30 ./GeneratedSource/cycfg_peripherals.o
                0x10002994                init_cycfg_peripherals
 .text.init_cycfg_pins
                0x100029c4       0xa4 ./GeneratedSource/cycfg_pins.o
                0x100029c4                init_cycfg_pins
 .text.cycfg_ClockStartupError
                0x10002a68        0x2 ./GeneratedSource/cycfg_platform.o
                0x10002a68                cycfg_ClockStartupError
 *fill*         0x10002a6a        0x2 
 .text.init_cycfg_platform
                0x10002a6c      0x360 ./GeneratedSource/cycfg_platform.o
                0x10002a6c                init_cycfg_platform
 .text.init_cycfg_routing
                0x10002dcc       0x10 ./GeneratedSource/cycfg_routing.o
                0x10002dcc                init_cycfg_routing
 *fill*         0x10002ddc        0x4 
 .text          0x10002de0       0x20 E:/Programming/Cypress/PSoC6/psoc6pdl_Cortex-M4/Debug/libpsoc6pdl_Cortex-M4.a(cy_syslib_gcc.o)
                0x10002de0                Cy_SysLib_DelayCycles
                0x10002df2                Cy_SysLib_EnterCriticalSection
                0x10002dfa                Cy_SysLib_ExitCriticalSection
 .text.Cy_PDL_Init
                0x10002e00        0xc E:/Programming/Cypress/PSoC6/psoc6pdl_Cortex-M4/Debug/libpsoc6pdl_Cortex-M4.a(cy_device.o)
                0x10002e00                Cy_PDL_Init
 .text.Cy_GPIO_Pin_Init
                0x10002e0c      0x360 E:/Programming/Cypress/PSoC6/psoc6pdl_Cortex-M4/Debug/libpsoc6pdl_Cortex-M4.a(cy_gpio.o)
                0x10002e0c                Cy_GPIO_Pin_Init
 .text.Cy_GPIO_Pin_FastInit
                0x1000316c       0xfc E:/Programming/Cypress/PSoC6/psoc6pdl_Cortex-M4/Debug/libpsoc6pdl_Cortex-M4.a(cy_gpio.o)
                0x1000316c                Cy_GPIO_Pin_FastInit
 .text.Cy_IPC_Pipe_Config
                0x10003268       0x14 E:/Programming/Cypress/PSoC6/psoc6pdl_Cortex-M4/Debug/libpsoc6pdl_Cortex-M4.a(cy_ipc_pipe.o)
                0x10003268                Cy_IPC_Pipe_Config
 .text.Cy_IPC_Pipe_EndpointInit
                0x1000327c       0xdc E:/Programming/Cypress/PSoC6/psoc6pdl_Cortex-M4/Debug/libpsoc6pdl_Cortex-M4.a(cy_ipc_pipe.o)
                0x1000327c                Cy_IPC_Pipe_EndpointInit
 .text.Cy_IPC_Pipe_Init
                0x10003358       0xc0 E:/Programming/Cypress/PSoC6/psoc6pdl_Cortex-M4/Debug/libpsoc6pdl_Cortex-M4.a(cy_ipc_pipe.o)
                0x10003358                Cy_IPC_Pipe_Init
 .text.Cy_IPC_Pipe_ExecCallback
                0x10003418       0xcc E:/Programming/Cypress/PSoC6/psoc6pdl_Cortex-M4/Debug/libpsoc6pdl_Cortex-M4.a(cy_ipc_pipe.o)
                0x10003418                Cy_IPC_Pipe_ExecCallback
 .text.Cy_IPC_Pipe_ExecuteCallback
                0x100034e4       0x30 E:/Programming/Cypress/PSoC6/psoc6pdl_Cortex-M4/Debug/libpsoc6pdl_Cortex-M4.a(cy_ipc_pipe.o)
                0x100034e4                Cy_IPC_Pipe_ExecuteCallback
 .text.Cy_IPC_Sema_InitExt
                0x10003514       0xac E:/Programming/Cypress/PSoC6/psoc6pdl_Cortex-M4/Debug/libpsoc6pdl_Cortex-M4.a(cy_ipc_sema.o)
                0x10003514                Cy_IPC_Sema_InitExt
 .text.Cy_IPC_Sema_Init
                0x100035c0       0x6c E:/Programming/Cypress/PSoC6/psoc6pdl_Cortex-M4/Debug/libpsoc6pdl_Cortex-M4.a(cy_ipc_sema.o)
                0x100035c0                Cy_IPC_Sema_Init
 .text.ConstructTimeDate
                0x1000362c      0x18c E:/Programming/Cypress/PSoC6/psoc6pdl_Cortex-M4/Debug/libpsoc6pdl_Cortex-M4.a(cy_rtc.o)
 .text.Cy_RTC_SetDateAndTime
                0x100037b8      0x184 E:/Programming/Cypress/PSoC6/psoc6pdl_Cortex-M4/Debug/libpsoc6pdl_Cortex-M4.a(cy_rtc.o)
                0x100037b8                Cy_RTC_SetDateAndTime
 .text.Cy_RTC_Init
                0x1000393c        0x8 E:/Programming/Cypress/PSoC6/psoc6pdl_Cortex-M4/Debug/libpsoc6pdl_Cortex-M4.a(cy_rtc.o)
                0x1000393c                Cy_RTC_Init
 .text.Cy_RTC_GetDateAndTime
                0x10003944       0xf8 E:/Programming/Cypress/PSoC6/psoc6pdl_Cortex-M4/Debug/libpsoc6pdl_Cortex-M4.a(cy_rtc.o)
                0x10003944                Cy_RTC_GetDateAndTime
 .text.Cy_SAR_Init
                0x10003a3c      0x220 E:/Programming/Cypress/PSoC6/psoc6pdl_Cortex-M4/Debug/libpsoc6pdl_Cortex-M4.a(cy_sar.o)
                0x10003a3c                Cy_SAR_Init
 .text.Cy_SAR_Enable
                0x10003c5c       0x20 E:/Programming/Cypress/PSoC6/psoc6pdl_Cortex-M4/Debug/libpsoc6pdl_Cortex-M4.a(cy_sar.o)
                0x10003c5c                Cy_SAR_Enable
 .text.Cy_SAR_StartConvert
                0x10003c7c       0x30 E:/Programming/Cypress/PSoC6/psoc6pdl_Cortex-M4/Debug/libpsoc6pdl_Cortex-M4.a(cy_sar.o)
                0x10003c7c                Cy_SAR_StartConvert
 .text.Cy_SAR_GetResult16
                0x10003cac       0x30 E:/Programming/Cypress/PSoC6/psoc6pdl_Cortex-M4/Debug/libpsoc6pdl_Cortex-M4.a(cy_sar.o)
                0x10003cac                Cy_SAR_GetResult16
 .text.Cy_SCB_Write
                0x10003cdc       0x26 E:/Programming/Cypress/PSoC6/psoc6pdl_Cortex-M4/Debug/libpsoc6pdl_Cortex-M4.a(cy_scb_common.o)
                0x10003cdc                Cy_SCB_Write
 *fill*         0x10003d02        0x2 
 .text.Cy_SCB_UART_Init
                0x10003d04      0x3a4 E:/Programming/Cypress/PSoC6/psoc6pdl_Cortex-M4/Debug/libpsoc6pdl_Cortex-M4.a(cy_scb_uart.o)
                0x10003d04                Cy_SCB_UART_Init
 .text.Cy_SysAnalog_Init
                0x100040a8       0xa4 E:/Programming/Cypress/PSoC6/psoc6pdl_Cortex-M4/Debug/libpsoc6pdl_Cortex-M4.a(cy_sysanalog.o)
                0x100040a8                Cy_SysAnalog_Init
 .text.Cy_SysClk_ClkPathSetSource
                0x1000414c       0x5c E:/Programming/Cypress/PSoC6/psoc6pdl_Cortex-M4/Debug/libpsoc6pdl_Cortex-M4.a(cy_sysclk.o)
                0x1000414c                Cy_SysClk_ClkPathSetSource
 .text.Cy_SysClk_ClkPathGetSource
                0x100041a8       0x4c E:/Programming/Cypress/PSoC6/psoc6pdl_Cortex-M4/Debug/libpsoc6pdl_Cortex-M4.a(cy_sysclk.o)
                0x100041a8                Cy_SysClk_ClkPathGetSource
 .text.Cy_SysClk_PllManualConfigure
                0x100041f4       0xc8 E:/Programming/Cypress/PSoC6/psoc6pdl_Cortex-M4/Debug/libpsoc6pdl_Cortex-M4.a(cy_sysclk.o)
                0x100041f4                Cy_SysClk_PllManualConfigure
 .text.Cy_SysClk_PllEnable
                0x100042bc       0x60 E:/Programming/Cypress/PSoC6/psoc6pdl_Cortex-M4/Debug/libpsoc6pdl_Cortex-M4.a(cy_sysclk.o)
                0x100042bc                Cy_SysClk_PllEnable
 .text.Cy_SysInt_SetVector
                0x1000431c       0x48 E:/Programming/Cypress/PSoC6/psoc6pdl_Cortex-M4/Debug/libpsoc6pdl_Cortex-M4.a(cy_sysint.o)
                0x1000431c                Cy_SysInt_SetVector
 .text.Cy_SysInt_Init
                0x10004364       0x74 E:/Programming/Cypress/PSoC6/psoc6pdl_Cortex-M4/Debug/libpsoc6pdl_Cortex-M4.a(cy_sysint.o)
                0x10004364                Cy_SysInt_Init
 .text.Cy_SysLib_Delay
                0x100043d8       0x30 E:/Programming/Cypress/PSoC6/psoc6pdl_Cortex-M4/Debug/libpsoc6pdl_Cortex-M4.a(cy_syslib.o)
                0x100043d8                Cy_SysLib_Delay
 .text.Cy_SysLib_DelayUs
                0x10004408       0x14 E:/Programming/Cypress/PSoC6/psoc6pdl_Cortex-M4/Debug/libpsoc6pdl_Cortex-M4.a(cy_syslib.o)
                0x10004408                Cy_SysLib_DelayUs
 .text.Cy_SysLib_Halt
                0x1000441c        0x4 E:/Programming/Cypress/PSoC6/psoc6pdl_Cortex-M4/Debug/libpsoc6pdl_Cortex-M4.a(cy_syslib.o)
                0x1000441c                Cy_SysLib_Halt
 .text.Cy_SysLib_AssertFailed
                0x10004420       0x1c E:/Programming/Cypress/PSoC6/psoc6pdl_Cortex-M4/Debug/libpsoc6pdl_Cortex-M4.a(cy_syslib.o)
                0x10004420                Cy_SysLib_AssertFailed
 .text.Cy_SysLib_ResetBackupDomain
                0x1000443c       0x20 E:/Programming/Cypress/PSoC6/psoc6pdl_Cortex-M4/Debug/libpsoc6pdl_Cortex-M4.a(cy_syslib.o)
                0x1000443c                Cy_SysLib_ResetBackupDomain
 .text.Cy_SysLib_GetResetReason
                0x1000445c       0x18 E:/Programming/Cypress/PSoC6/psoc6pdl_Cortex-M4/Debug/libpsoc6pdl_Cortex-M4.a(cy_syslib.o)
                0x1000445c                Cy_SysLib_GetResetReason
 .text.Cy_SysLib_ProcessingFault
                0x10004474        0x2 E:/Programming/Cypress/PSoC6/psoc6pdl_Cortex-M4/Debug/libpsoc6pdl_Cortex-M4.a(cy_syslib.o)
                0x10004474                Cy_SysLib_ProcessingFault
 *fill*         0x10004476        0x2 
 .text.Cy_SysLib_FaultHandler
                0x10004478       0xa4 E:/Programming/Cypress/PSoC6/psoc6pdl_Cortex-M4/Debug/libpsoc6pdl_Cortex-M4.a(cy_syslib.o)
                0x10004478                Cy_SysLib_FaultHandler
 .text.Cy_SysLib_SetWaitStates
                0x1000451c       0xcc E:/Programming/Cypress/PSoC6/psoc6pdl_Cortex-M4/Debug/libpsoc6pdl_Cortex-M4.a(cy_syslib.o)
                0x1000451c                Cy_SysLib_SetWaitStates
 .text.SetReadMarginTrimUlp
                0x100045e8       0x84 E:/Programming/Cypress/PSoC6/psoc6pdl_Cortex-M4/Debug/libpsoc6pdl_Cortex-M4.a(cy_syspm.o)
 .text.SetReadMarginTrimLp
                0x1000466c       0x7c E:/Programming/Cypress/PSoC6/psoc6pdl_Cortex-M4/Debug/libpsoc6pdl_Cortex-M4.a(cy_syspm.o)
 .text.SetWriteAssistTrimUlp
                0x100046e8       0x58 E:/Programming/Cypress/PSoC6/psoc6pdl_Cortex-M4/Debug/libpsoc6pdl_Cortex-M4.a(cy_syspm.o)
 .text.SetWriteAssistTrimLp
                0x10004740       0x68 E:/Programming/Cypress/PSoC6/psoc6pdl_Cortex-M4/Debug/libpsoc6pdl_Cortex-M4.a(cy_syspm.o)
 .text.IsVoltageChangePossible
                0x100047a8       0x46 E:/Programming/Cypress/PSoC6/psoc6pdl_Cortex-M4/Debug/libpsoc6pdl_Cortex-M4.a(cy_syspm.o)
 *fill*         0x100047ee        0x2 
 .text.Cy_SysPm_WriteVoltageBitForFlash
                0x100047f0      0x118 E:/Programming/Cypress/PSoC6/psoc6pdl_Cortex-M4/Debug/libpsoc6pdl_Cortex-M4.a(cy_syspm.o)
                0x100047f0                Cy_SysPm_WriteVoltageBitForFlash
 .text.Cy_SysPm_LdoSetVoltage
                0x10004908       0xcc E:/Programming/Cypress/PSoC6/psoc6pdl_Cortex-M4/Debug/libpsoc6pdl_Cortex-M4.a(cy_syspm.o)
                0x10004908                Cy_SysPm_LdoSetVoltage
 .text.Cy_IPC_Drv_LockRelease
                0x100049d4       0x40 E:/Programming/Cypress/PSoC6/psoc6pdl_Cortex-M4/Debug/libpsoc6pdl_Cortex-M4.a(cy_ipc_drv.o)
                0x100049d4                Cy_IPC_Drv_LockRelease
 .text.Cy_IPC_Drv_SendMsgWord
                0x10004a14       0x34 E:/Programming/Cypress/PSoC6/psoc6pdl_Cortex-M4/Debug/libpsoc6pdl_Cortex-M4.a(cy_ipc_drv.o)
                0x10004a14                Cy_IPC_Drv_SendMsgWord
 .text.Cy_IPC_Drv_ReadMsgWord
                0x10004a48       0x38 E:/Programming/Cypress/PSoC6/psoc6pdl_Cortex-M4/Debug/libpsoc6pdl_Cortex-M4.a(cy_ipc_drv.o)
                0x10004a48                Cy_IPC_Drv_ReadMsgWord
 .text.Cy_Prot_GetActivePC
                0x10004a80       0x38 E:/Programming/Cypress/PSoC6/psoc6pdl_Cortex-M4/Debug/libpsoc6pdl_Cortex-M4.a(cy_prot.o)
                0x10004a80                Cy_Prot_GetActivePC
 .text          0x10004ab8      0x378 c:/users/oleh/modustoolbox_1.1/tools/gcc-7.2.1-1.0/bin/../lib/gcc/arm-none-eabi/7.2.1/thumb/v7e-m/fpv4-sp/softfp\libgcc.a(_arm_addsubdf3.o)
                0x10004ab8                __aeabi_drsub
                0x10004ac0                __aeabi_dsub
                0x10004ac0                __subdf3
                0x10004ac4                __aeabi_dadd
                0x10004ac4                __adddf3
                0x10004d3c                __floatunsidf
                0x10004d3c                __aeabi_ui2d
                0x10004d5c                __floatsidf
                0x10004d5c                __aeabi_i2d
                0x10004d80                __aeabi_f2d
                0x10004d80                __extendsfdf2
                0x10004dc4                __floatundidf
                0x10004dc4                __aeabi_ul2d
                0x10004dd4                __floatdidf
                0x10004dd4                __aeabi_l2d
 .text          0x10004e30      0x424 c:/users/oleh/modustoolbox_1.1/tools/gcc-7.2.1-1.0/bin/../lib/gcc/arm-none-eabi/7.2.1/thumb/v7e-m/fpv4-sp/softfp\libgcc.a(_arm_muldivdf3.o)
                0x10004e30                __aeabi_dmul
                0x10004e30                __muldf3
                0x10005084                __divdf3
                0x10005084                __aeabi_ddiv
 .text          0x10005254       0xa0 c:/users/oleh/modustoolbox_1.1/tools/gcc-7.2.1-1.0/bin/../lib/gcc/arm-none-eabi/7.2.1/thumb/v7e-m/fpv4-sp/softfp\libgcc.a(_arm_truncdfsf2.o)
                0x10005254                __truncdfsf2
                0x10005254                __aeabi_d2f
 .text.memcpy   0x100052f4       0x16 c:/users/oleh/modustoolbox_1.1/tools/gcc-7.2.1-1.0/bin/../lib/gcc/arm-none-eabi/7.2.1/../../../../arm-none-eabi/lib/thumb/v7e-m/fpv4-sp/softfp\libg_nano.a(lib_a-memcpy-stub.o)
                0x100052f4                memcpy
 .text.memset   0x1000530a       0x10 c:/users/oleh/modustoolbox_1.1/tools/gcc-7.2.1-1.0/bin/../lib/gcc/arm-none-eabi/7.2.1/../../../../arm-none-eabi/lib/thumb/v7e-m/fpv4-sp/softfp\libg_nano.a(lib_a-memset.o)
                0x1000530a                memset
 .text.__cvt    0x1000531a       0xbc c:/users/oleh/modustoolbox_1.1/tools/gcc-7.2.1-1.0/bin/../lib/gcc/arm-none-eabi/7.2.1/../../../../arm-none-eabi/lib/thumb/v7e-m/fpv4-sp/softfp\libg_nano.a(lib_a-nano-vfprintf_float.o)
                0x1000531a                __cvt
 .text.__exponent
                0x100053d6       0x66 c:/users/oleh/modustoolbox_1.1/tools/gcc-7.2.1-1.0/bin/../lib/gcc/arm-none-eabi/7.2.1/../../../../arm-none-eabi/lib/thumb/v7e-m/fpv4-sp/softfp\libg_nano.a(lib_a-nano-vfprintf_float.o)
                0x100053d6                __exponent
 .text._printf_float
                0x1000543c      0x48c c:/users/oleh/modustoolbox_1.1/tools/gcc-7.2.1-1.0/bin/../lib/gcc/arm-none-eabi/7.2.1/../../../../arm-none-eabi/lib/thumb/v7e-m/fpv4-sp/softfp\libg_nano.a(lib_a-nano-vfprintf_float.o)
                0x1000543c                _printf_float
 .text._printf_common
                0x100058c8       0xea c:/users/oleh/modustoolbox_1.1/tools/gcc-7.2.1-1.0/bin/../lib/gcc/arm-none-eabi/7.2.1/../../../../arm-none-eabi/lib/thumb/v7e-m/fpv4-sp/softfp\libg_nano.a(lib_a-nano-vfprintf_i.o)
                0x100058c8                _printf_common
 *fill*         0x100059b2        0x2 
 .text._printf_i
                0x100059b4      0x224 c:/users/oleh/modustoolbox_1.1/tools/gcc-7.2.1-1.0/bin/../lib/gcc/arm-none-eabi/7.2.1/../../../../arm-none-eabi/lib/thumb/v7e-m/fpv4-sp/softfp\libg_nano.a(lib_a-nano-vfprintf_i.o)
                0x100059b4                _printf_i
 .text.printf   0x10005bd8       0x30 c:/users/oleh/modustoolbox_1.1/tools/gcc-7.2.1-1.0/bin/../lib/gcc/arm-none-eabi/7.2.1/../../../../arm-none-eabi/lib/thumb/v7e-m/fpv4-sp/softfp\libg_nano.a(lib_a-printf.o)
                0x10005bd8                iprintf
                0x10005bd8                printf
 .text._puts_r  0x10005c08       0xb8 c:/users/oleh/modustoolbox_1.1/tools/gcc-7.2.1-1.0/bin/../lib/gcc/arm-none-eabi/7.2.1/../../../../arm-none-eabi/lib/thumb/v7e-m/fpv4-sp/softfp\libg_nano.a(lib_a-puts.o)
                0x10005c08                _puts_r
 .text.puts     0x10005cc0       0x10 c:/users/oleh/modustoolbox_1.1/tools/gcc-7.2.1-1.0/bin/../lib/gcc/arm-none-eabi/7.2.1/../../../../arm-none-eabi/lib/thumb/v7e-m/fpv4-sp/softfp\libg_nano.a(lib_a-puts.o)
                0x10005cc0                puts
 .text          0x10005cd0       0x10 c:/users/oleh/modustoolbox_1.1/tools/gcc-7.2.1-1.0/bin/../lib/gcc/arm-none-eabi/7.2.1/../../../../arm-none-eabi/lib/thumb/v7e-m/fpv4-sp/softfp\libg_nano.a(lib_a-strlen.o)
                0x10005cd0                strlen
 .text.strncpy  0x10005ce0       0x2a c:/users/oleh/modustoolbox_1.1/tools/gcc-7.2.1-1.0/bin/../lib/gcc/arm-none-eabi/7.2.1/../../../../arm-none-eabi/lib/thumb/v7e-m/fpv4-sp/softfp\libg_nano.a(lib_a-strncpy.o)
                0x10005ce0                strncpy
 *fill*         0x10005d0a        0x2 
 .text.__swbuf_r
                0x10005d0c       0xa4 c:/users/oleh/modustoolbox_1.1/tools/gcc-7.2.1-1.0/bin/../lib/gcc/arm-none-eabi/7.2.1/../../../../arm-none-eabi/lib/thumb/v7e-m/fpv4-sp/softfp\libg_nano.a(lib_a-wbuf.o)
                0x10005d0c                __swbuf_r
 .text.__swsetup_r
                0x10005db0       0xdc c:/users/oleh/modustoolbox_1.1/tools/gcc-7.2.1-1.0/bin/../lib/gcc/arm-none-eabi/7.2.1/../../../../arm-none-eabi/lib/thumb/v7e-m/fpv4-sp/softfp\libg_nano.a(lib_a-wsetup.o)
                0x10005db0                __swsetup_r
 .text.quorem   0x10005e8c      0x118 c:/users/oleh/modustoolbox_1.1/tools/gcc-7.2.1-1.0/bin/../lib/gcc/arm-none-eabi/7.2.1/../../../../arm-none-eabi/lib/thumb/v7e-m/fpv4-sp/softfp\libg_nano.a(lib_a-dtoa.o)
 *fill*         0x10005fa4        0x4 
 .text._dtoa_r  0x10005fa8      0xb7c c:/users/oleh/modustoolbox_1.1/tools/gcc-7.2.1-1.0/bin/../lib/gcc/arm-none-eabi/7.2.1/../../../../arm-none-eabi/lib/thumb/v7e-m/fpv4-sp/softfp\libg_nano.a(lib_a-dtoa.o)
                0x10005fa8                _dtoa_r
 .text.__sflush_r
                0x10006b24      0x10c c:/users/oleh/modustoolbox_1.1/tools/gcc-7.2.1-1.0/bin/../lib/gcc/arm-none-eabi/7.2.1/../../../../arm-none-eabi/lib/thumb/v7e-m/fpv4-sp/softfp\libg_nano.a(lib_a-fflush.o)
                0x10006b24                __sflush_r
 .text._fflush_r
                0x10006c30       0x54 c:/users/oleh/modustoolbox_1.1/tools/gcc-7.2.1-1.0/bin/../lib/gcc/arm-none-eabi/7.2.1/../../../../arm-none-eabi/lib/thumb/v7e-m/fpv4-sp/softfp\libg_nano.a(lib_a-fflush.o)
                0x10006c30                _fflush_r
 .text.std      0x10006c84       0x48 c:/users/oleh/modustoolbox_1.1/tools/gcc-7.2.1-1.0/bin/../lib/gcc/arm-none-eabi/7.2.1/../../../../arm-none-eabi/lib/thumb/v7e-m/fpv4-sp/softfp\libg_nano.a(lib_a-findfp.o)
 .text._cleanup_r
                0x10006ccc        0xc c:/users/oleh/modustoolbox_1.1/tools/gcc-7.2.1-1.0/bin/../lib/gcc/arm-none-eabi/7.2.1/../../../../arm-none-eabi/lib/thumb/v7e-m/fpv4-sp/softfp\libg_nano.a(lib_a-findfp.o)
                0x10006ccc                _cleanup_r
 .text.__sfmoreglue
                0x10006cd8       0x2c c:/users/oleh/modustoolbox_1.1/tools/gcc-7.2.1-1.0/bin/../lib/gcc/arm-none-eabi/7.2.1/../../../../arm-none-eabi/lib/thumb/v7e-m/fpv4-sp/softfp\libg_nano.a(lib_a-findfp.o)
                0x10006cd8                __sfmoreglue
 .text.__sinit  0x10006d04       0x60 c:/users/oleh/modustoolbox_1.1/tools/gcc-7.2.1-1.0/bin/../lib/gcc/arm-none-eabi/7.2.1/../../../../arm-none-eabi/lib/thumb/v7e-m/fpv4-sp/softfp\libg_nano.a(lib_a-findfp.o)
                0x10006d04                __sinit
 .text.__sfp    0x10006d64       0x78 c:/users/oleh/modustoolbox_1.1/tools/gcc-7.2.1-1.0/bin/../lib/gcc/arm-none-eabi/7.2.1/../../../../arm-none-eabi/lib/thumb/v7e-m/fpv4-sp/softfp\libg_nano.a(lib_a-findfp.o)
                0x10006d64                __sfp
 .text._fwalk_reent
                0x10006ddc       0x3c c:/users/oleh/modustoolbox_1.1/tools/gcc-7.2.1-1.0/bin/../lib/gcc/arm-none-eabi/7.2.1/../../../../arm-none-eabi/lib/thumb/v7e-m/fpv4-sp/softfp\libg_nano.a(lib_a-fwalk.o)
                0x10006ddc                _fwalk_reent
 .text._localeconv_r
                0x10006e18       0x1c c:/users/oleh/modustoolbox_1.1/tools/gcc-7.2.1-1.0/bin/../lib/gcc/arm-none-eabi/7.2.1/../../../../arm-none-eabi/lib/thumb/v7e-m/fpv4-sp/softfp\libg_nano.a(lib_a-localeconv.o)
                0x10006e18                _localeconv_r
 .text.__swhatbuf_r
                0x10006e34       0x48 c:/users/oleh/modustoolbox_1.1/tools/gcc-7.2.1-1.0/bin/../lib/gcc/arm-none-eabi/7.2.1/../../../../arm-none-eabi/lib/thumb/v7e-m/fpv4-sp/softfp\libg_nano.a(lib_a-makebuf.o)
                0x10006e34                __swhatbuf_r
 .text.__smakebuf_r
                0x10006e7c       0x80 c:/users/oleh/modustoolbox_1.1/tools/gcc-7.2.1-1.0/bin/../lib/gcc/arm-none-eabi/7.2.1/../../../../arm-none-eabi/lib/thumb/v7e-m/fpv4-sp/softfp\libg_nano.a(lib_a-makebuf.o)
                0x10006e7c                __smakebuf_r
 .text.malloc   0x10006efc       0x10 c:/users/oleh/modustoolbox_1.1/tools/gcc-7.2.1-1.0/bin/../lib/gcc/arm-none-eabi/7.2.1/../../../../arm-none-eabi/lib/thumb/v7e-m/fpv4-sp/softfp\libg_nano.a(lib_a-malloc.o)
                0x10006efc                malloc
 .text.__ascii_mbtowc
                0x10006f0c       0x24 c:/users/oleh/modustoolbox_1.1/tools/gcc-7.2.1-1.0/bin/../lib/gcc/arm-none-eabi/7.2.1/../../../../arm-none-eabi/lib/thumb/v7e-m/fpv4-sp/softfp\libg_nano.a(lib_a-mbtowc_r.o)
                0x10006f0c                __ascii_mbtowc
 .text          0x10006f30       0xa0 c:/users/oleh/modustoolbox_1.1/tools/gcc-7.2.1-1.0/bin/../lib/gcc/arm-none-eabi/7.2.1/../../../../arm-none-eabi/lib/thumb/v7e-m/fpv4-sp/softfp\libg_nano.a(lib_a-memchr.o)
                0x10006f30                memchr
 .text._Balloc  0x10006fd0       0x68 c:/users/oleh/modustoolbox_1.1/tools/gcc-7.2.1-1.0/bin/../lib/gcc/arm-none-eabi/7.2.1/../../../../arm-none-eabi/lib/thumb/v7e-m/fpv4-sp/softfp\libg_nano.a(lib_a-mprec.o)
                0x10006fd0                _Balloc
 .text._Bfree   0x10007038       0x2e c:/users/oleh/modustoolbox_1.1/tools/gcc-7.2.1-1.0/bin/../lib/gcc/arm-none-eabi/7.2.1/../../../../arm-none-eabi/lib/thumb/v7e-m/fpv4-sp/softfp\libg_nano.a(lib_a-mprec.o)
                0x10007038                _Bfree
 .text.__multadd
                0x10007066       0x76 c:/users/oleh/modustoolbox_1.1/tools/gcc-7.2.1-1.0/bin/../lib/gcc/arm-none-eabi/7.2.1/../../../../arm-none-eabi/lib/thumb/v7e-m/fpv4-sp/softfp\libg_nano.a(lib_a-mprec.o)
                0x10007066                __multadd
 .text.__hi0bits
                0x100070dc       0x3e c:/users/oleh/modustoolbox_1.1/tools/gcc-7.2.1-1.0/bin/../lib/gcc/arm-none-eabi/7.2.1/../../../../arm-none-eabi/lib/thumb/v7e-m/fpv4-sp/softfp\libg_nano.a(lib_a-mprec.o)
                0x100070dc                __hi0bits
 .text.__lo0bits
                0x1000711a       0x5e c:/users/oleh/modustoolbox_1.1/tools/gcc-7.2.1-1.0/bin/../lib/gcc/arm-none-eabi/7.2.1/../../../../arm-none-eabi/lib/thumb/v7e-m/fpv4-sp/softfp\libg_nano.a(lib_a-mprec.o)
                0x1000711a                __lo0bits
 .text.__i2b    0x10007178       0x12 c:/users/oleh/modustoolbox_1.1/tools/gcc-7.2.1-1.0/bin/../lib/gcc/arm-none-eabi/7.2.1/../../../../arm-none-eabi/lib/thumb/v7e-m/fpv4-sp/softfp\libg_nano.a(lib_a-mprec.o)
                0x10007178                __i2b
 .text.__multiply
                0x1000718a      0x12c c:/users/oleh/modustoolbox_1.1/tools/gcc-7.2.1-1.0/bin/../lib/gcc/arm-none-eabi/7.2.1/../../../../arm-none-eabi/lib/thumb/v7e-m/fpv4-sp/softfp\libg_nano.a(lib_a-mprec.o)
                0x1000718a                __multiply
 *fill*         0x100072b6        0x2 
 .text.__pow5mult
                0x100072b8       0x9c c:/users/oleh/modustoolbox_1.1/tools/gcc-7.2.1-1.0/bin/../lib/gcc/arm-none-eabi/7.2.1/../../../../arm-none-eabi/lib/thumb/v7e-m/fpv4-sp/softfp\libg_nano.a(lib_a-mprec.o)
                0x100072b8                __pow5mult
 .text.__lshift
                0x10007354       0xa8 c:/users/oleh/modustoolbox_1.1/tools/gcc-7.2.1-1.0/bin/../lib/gcc/arm-none-eabi/7.2.1/../../../../arm-none-eabi/lib/thumb/v7e-m/fpv4-sp/softfp\libg_nano.a(lib_a-mprec.o)
                0x10007354                __lshift
 .text.__mcmp   0x100073fc       0x34 c:/users/oleh/modustoolbox_1.1/tools/gcc-7.2.1-1.0/bin/../lib/gcc/arm-none-eabi/7.2.1/../../../../arm-none-eabi/lib/thumb/v7e-m/fpv4-sp/softfp\libg_nano.a(lib_a-mprec.o)
                0x100073fc                __mcmp
 .text.__mdiff  0x10007430       0xba c:/users/oleh/modustoolbox_1.1/tools/gcc-7.2.1-1.0/bin/../lib/gcc/arm-none-eabi/7.2.1/../../../../arm-none-eabi/lib/thumb/v7e-m/fpv4-sp/softfp\libg_nano.a(lib_a-mprec.o)
                0x10007430                __mdiff
 .text.__d2b    0x100074ea       0x9e c:/users/oleh/modustoolbox_1.1/tools/gcc-7.2.1-1.0/bin/../lib/gcc/arm-none-eabi/7.2.1/../../../../arm-none-eabi/lib/thumb/v7e-m/fpv4-sp/softfp\libg_nano.a(lib_a-mprec.o)
                0x100074ea                __d2b
 .text._calloc_r
                0x10007588       0x1c c:/users/oleh/modustoolbox_1.1/tools/gcc-7.2.1-1.0/bin/../lib/gcc/arm-none-eabi/7.2.1/../../../../arm-none-eabi/lib/thumb/v7e-m/fpv4-sp/softfp\libg_nano.a(lib_a-nano-callocr.o)
                0x10007588                _calloc_r
 .text._free_r  0x100075a4       0x9c c:/users/oleh/modustoolbox_1.1/tools/gcc-7.2.1-1.0/bin/../lib/gcc/arm-none-eabi/7.2.1/../../../../arm-none-eabi/lib/thumb/v7e-m/fpv4-sp/softfp\libg_nano.a(lib_a-nano-freer.o)
                0x100075a4                _free_r
 .text._malloc_r
                0x10007640       0xb4 c:/users/oleh/modustoolbox_1.1/tools/gcc-7.2.1-1.0/bin/../lib/gcc/arm-none-eabi/7.2.1/../../../../arm-none-eabi/lib/thumb/v7e-m/fpv4-sp/softfp\libg_nano.a(lib_a-nano-mallocr.o)
                0x10007640                _malloc_r
 .text.__sfputc_r
                0x100076f4       0x2e c:/users/oleh/modustoolbox_1.1/tools/gcc-7.2.1-1.0/bin/../lib/gcc/arm-none-eabi/7.2.1/../../../../arm-none-eabi/lib/thumb/v7e-m/fpv4-sp/softfp\libg_nano.a(lib_a-nano-vfprintf.o)
 .text.__sfputs_r
                0x10007722       0x24 c:/users/oleh/modustoolbox_1.1/tools/gcc-7.2.1-1.0/bin/../lib/gcc/arm-none-eabi/7.2.1/../../../../arm-none-eabi/lib/thumb/v7e-m/fpv4-sp/softfp\libg_nano.a(lib_a-nano-vfprintf.o)
                0x10007722                __sfputs_r
 *fill*         0x10007746        0x2 
 .text._vfprintf_r
                0x10007748      0x228 c:/users/oleh/modustoolbox_1.1/tools/gcc-7.2.1-1.0/bin/../lib/gcc/arm-none-eabi/7.2.1/../../../../arm-none-eabi/lib/thumb/v7e-m/fpv4-sp/softfp\libg_nano.a(lib_a-nano-vfprintf.o)
                0x10007748                _vfprintf_r
                0x10007748                _vfiprintf_r
 .text._sbrk_r  0x10007970       0x20 c:/users/oleh/modustoolbox_1.1/tools/gcc-7.2.1-1.0/bin/../lib/gcc/arm-none-eabi/7.2.1/../../../../arm-none-eabi/lib/thumb/v7e-m/fpv4-sp/softfp\libg_nano.a(lib_a-sbrkr.o)
                0x10007970                _sbrk_r
 .text.__sread  0x10007990       0x22 c:/users/oleh/modustoolbox_1.1/tools/gcc-7.2.1-1.0/bin/../lib/gcc/arm-none-eabi/7.2.1/../../../../arm-none-eabi/lib/thumb/v7e-m/fpv4-sp/softfp\libg_nano.a(lib_a-stdio.o)
                0x10007990                __sread
 .text.__swrite
                0x100079b2       0x38 c:/users/oleh/modustoolbox_1.1/tools/gcc-7.2.1-1.0/bin/../lib/gcc/arm-none-eabi/7.2.1/../../../../arm-none-eabi/lib/thumb/v7e-m/fpv4-sp/softfp\libg_nano.a(lib_a-stdio.o)
                0x100079b2                __swrite
 .text.__sseek  0x100079ea       0x24 c:/users/oleh/modustoolbox_1.1/tools/gcc-7.2.1-1.0/bin/../lib/gcc/arm-none-eabi/7.2.1/../../../../arm-none-eabi/lib/thumb/v7e-m/fpv4-sp/softfp\libg_nano.a(lib_a-stdio.o)
                0x100079ea                __sseek
 .text.__sclose
                0x10007a0e        0x8 c:/users/oleh/modustoolbox_1.1/tools/gcc-7.2.1-1.0/bin/../lib/gcc/arm-none-eabi/7.2.1/../../../../arm-none-eabi/lib/thumb/v7e-m/fpv4-sp/softfp\libg_nano.a(lib_a-stdio.o)
                0x10007a0e                __sclose
 .text.__ascii_wctomb
                0x10007a16       0x1a c:/users/oleh/modustoolbox_1.1/tools/gcc-7.2.1-1.0/bin/../lib/gcc/arm-none-eabi/7.2.1/../../../../arm-none-eabi/lib/thumb/v7e-m/fpv4-sp/softfp\libg_nano.a(lib_a-wctomb_r.o)
                0x10007a16                __ascii_wctomb
 .text._write_r
                0x10007a30       0x24 c:/users/oleh/modustoolbox_1.1/tools/gcc-7.2.1-1.0/bin/../lib/gcc/arm-none-eabi/7.2.1/../../../../arm-none-eabi/lib/thumb/v7e-m/fpv4-sp/softfp\libg_nano.a(lib_a-writer.o)
                0x10007a30                _write_r
 .text._close_r
                0x10007a54       0x20 c:/users/oleh/modustoolbox_1.1/tools/gcc-7.2.1-1.0/bin/../lib/gcc/arm-none-eabi/7.2.1/../../../../arm-none-eabi/lib/thumb/v7e-m/fpv4-sp/softfp\libg_nano.a(lib_a-closer.o)
                0x10007a54                _close_r
 .text._fstat_r
                0x10007a74       0x24 c:/users/oleh/modustoolbox_1.1/tools/gcc-7.2.1-1.0/bin/../lib/gcc/arm-none-eabi/7.2.1/../../../../arm-none-eabi/lib/thumb/v7e-m/fpv4-sp/softfp\libg_nano.a(lib_a-fstatr.o)
                0x10007a74                _fstat_r
 .text._isatty_r
                0x10007a98       0x20 c:/users/oleh/modustoolbox_1.1/tools/gcc-7.2.1-1.0/bin/../lib/gcc/arm-none-eabi/7.2.1/../../../../arm-none-eabi/lib/thumb/v7e-m/fpv4-sp/softfp\libg_nano.a(lib_a-isattyr.o)
                0x10007a98                _isatty_r
 .text._lseek_r
                0x10007ab8       0x24 c:/users/oleh/modustoolbox_1.1/tools/gcc-7.2.1-1.0/bin/../lib/gcc/arm-none-eabi/7.2.1/../../../../arm-none-eabi/lib/thumb/v7e-m/fpv4-sp/softfp\libg_nano.a(lib_a-lseekr.o)
                0x10007ab8                _lseek_r
 .text.__malloc_lock
                0x10007adc        0x2 c:/users/oleh/modustoolbox_1.1/tools/gcc-7.2.1-1.0/bin/../lib/gcc/arm-none-eabi/7.2.1/../../../../arm-none-eabi/lib/thumb/v7e-m/fpv4-sp/softfp\libg_nano.a(lib_a-mlock.o)
                0x10007adc                __malloc_lock
 .text.__malloc_unlock
                0x10007ade        0x2 c:/users/oleh/modustoolbox_1.1/tools/gcc-7.2.1-1.0/bin/../lib/gcc/arm-none-eabi/7.2.1/../../../../arm-none-eabi/lib/thumb/v7e-m/fpv4-sp/softfp\libg_nano.a(lib_a-mlock.o)
                0x10007ade                __malloc_unlock
 .text._read_r  0x10007ae0       0x24 c:/users/oleh/modustoolbox_1.1/tools/gcc-7.2.1-1.0/bin/../lib/gcc/arm-none-eabi/7.2.1/../../../../arm-none-eabi/lib/thumb/v7e-m/fpv4-sp/softfp\libg_nano.a(lib_a-readr.o)
                0x10007ae0                _read_r
 .text          0x10007b04      0x110 c:/users/oleh/modustoolbox_1.1/tools/gcc-7.2.1-1.0/bin/../lib/gcc/arm-none-eabi/7.2.1/thumb/v7e-m/fpv4-sp/softfp\libgcc.a(_arm_cmpdf2.o)
                0x10007b04                __gtdf2
                0x10007b04                __gedf2
                0x10007b0c                __ltdf2
                0x10007b0c                __ledf2
                0x10007b14                __nedf2
                0x10007b14                __eqdf2
                0x10007b14                __cmpdf2
                0x10007b90                __aeabi_cdrcmple
                0x10007ba0                __aeabi_cdcmpeq
                0x10007ba0                __aeabi_cdcmple
                0x10007bb0                __aeabi_dcmpeq
                0x10007bc4                __aeabi_dcmplt
                0x10007bd8                __aeabi_dcmple
                0x10007bec                __aeabi_dcmpge
                0x10007c00                __aeabi_dcmpgt
 .text          0x10007c14       0x2c c:/users/oleh/modustoolbox_1.1/tools/gcc-7.2.1-1.0/bin/../lib/gcc/arm-none-eabi/7.2.1/thumb/v7e-m/fpv4-sp/softfp\libgcc.a(_arm_unorddf2.o)
                0x10007c14                __unorddf2
                0x10007c14                __aeabi_dcmpun
 .text          0x10007c40       0x50 c:/users/oleh/modustoolbox_1.1/tools/gcc-7.2.1-1.0/bin/../lib/gcc/arm-none-eabi/7.2.1/thumb/v7e-m/fpv4-sp/softfp\libgcc.a(_arm_fixdfsi.o)
                0x10007c40                __aeabi_d2iz
                0x10007c40                __fixdfsi
 .text._close   0x10007c90       0x10 c:/users/oleh/modustoolbox_1.1/tools/gcc-7.2.1-1.0/bin/../lib/gcc/arm-none-eabi/7.2.1/../../../../arm-none-eabi/lib/thumb/v7e-m/fpv4-sp/softfp\libnosys.a(close.o)
                0x10007c90                _close
 .text._fstat   0x10007ca0       0x10 c:/users/oleh/modustoolbox_1.1/tools/gcc-7.2.1-1.0/bin/../lib/gcc/arm-none-eabi/7.2.1/../../../../arm-none-eabi/lib/thumb/v7e-m/fpv4-sp/softfp\libnosys.a(fstat.o)
                0x10007ca0                _fstat
 .text._isatty  0x10007cb0       0x10 c:/users/oleh/modustoolbox_1.1/tools/gcc-7.2.1-1.0/bin/../lib/gcc/arm-none-eabi/7.2.1/../../../../arm-none-eabi/lib/thumb/v7e-m/fpv4-sp/softfp\libnosys.a(isatty.o)
                0x10007cb0                _isatty
 .text._lseek   0x10007cc0       0x10 c:/users/oleh/modustoolbox_1.1/tools/gcc-7.2.1-1.0/bin/../lib/gcc/arm-none-eabi/7.2.1/../../../../arm-none-eabi/lib/thumb/v7e-m/fpv4-sp/softfp\libnosys.a(lseek.o)
                0x10007cc0                _lseek
 .text._sbrk    0x10007cd0       0x1c c:/users/oleh/modustoolbox_1.1/tools/gcc-7.2.1-1.0/bin/../lib/gcc/arm-none-eabi/7.2.1/../../../../arm-none-eabi/lib/thumb/v7e-m/fpv4-sp/softfp\libnosys.a(sbrk.o)
                0x10007cd0                _sbrk
 .text.log      0x10007cec       0xfc c:/users/oleh/modustoolbox_1.1/tools/gcc-7.2.1-1.0/bin/../lib/gcc/arm-none-eabi/7.2.1/../../../../arm-none-eabi/lib/thumb/v7e-m/fpv4-sp/softfp\libm.a(lib_a-w_log.o)
                0x10007cec                log
 .text.pow      0x10007de8      0x33c c:/users/oleh/modustoolbox_1.1/tools/gcc-7.2.1-1.0/bin/../lib/gcc/arm-none-eabi/7.2.1/../../../../arm-none-eabi/lib/thumb/v7e-m/fpv4-sp/softfp\libm.a(lib_a-w_pow.o)
                0x10007de8                pow
 *fill*         0x10008124        0x4 
 .text.__ieee754_log
                0x10008128      0x394 c:/users/oleh/modustoolbox_1.1/tools/gcc-7.2.1-1.0/bin/../lib/gcc/arm-none-eabi/7.2.1/../../../../arm-none-eabi/lib/thumb/v7e-m/fpv4-sp/softfp\libm.a(lib_a-e_log.o)
                0x10008128                __ieee754_log
 *fill*         0x100084bc        0x4 
 .text.__ieee754_pow
                0x100084c0      0xaa8 c:/users/oleh/modustoolbox_1.1/tools/gcc-7.2.1-1.0/bin/../lib/gcc/arm-none-eabi/7.2.1/../../../../arm-none-eabi/lib/thumb/v7e-m/fpv4-sp/softfp\libm.a(lib_a-e_pow.o)
                0x100084c0                __ieee754_pow
 .text.__ieee754_sqrt
                0x10008f68      0x180 c:/users/oleh/modustoolbox_1.1/tools/gcc-7.2.1-1.0/bin/../lib/gcc/arm-none-eabi/7.2.1/../../../../arm-none-eabi/lib/thumb/v7e-m/fpv4-sp/softfp\libm.a(lib_a-e_sqrt.o)
                0x10008f68                __ieee754_sqrt
 .text.fabs     0x100090e8        0x8 c:/users/oleh/modustoolbox_1.1/tools/gcc-7.2.1-1.0/bin/../lib/gcc/arm-none-eabi/7.2.1/../../../../arm-none-eabi/lib/thumb/v7e-m/fpv4-sp/softfp\libm.a(lib_a-s_fabs.o)
                0x100090e8                fabs
 .text.finite   0x100090f0        0xc c:/users/oleh/modustoolbox_1.1/tools/gcc-7.2.1-1.0/bin/../lib/gcc/arm-none-eabi/7.2.1/../../../../arm-none-eabi/lib/thumb/v7e-m/fpv4-sp/softfp\libm.a(lib_a-s_finite.o)
                0x100090f0                finite
 .text.matherr  0x100090fc        0x4 c:/users/oleh/modustoolbox_1.1/tools/gcc-7.2.1-1.0/bin/../lib/gcc/arm-none-eabi/7.2.1/../../../../arm-none-eabi/lib/thumb/v7e-m/fpv4-sp/softfp\libm.a(lib_a-s_matherr.o)
                0x100090fc                matherr
 .text.nan      0x10009100        0xc c:/users/oleh/modustoolbox_1.1/tools/gcc-7.2.1-1.0/bin/../lib/gcc/arm-none-eabi/7.2.1/../../../../arm-none-eabi/lib/thumb/v7e-m/fpv4-sp/softfp\libm.a(lib_a-s_nan.o)
                0x10009100                nan
 .text.rint     0x1000910c      0x11c c:/users/oleh/modustoolbox_1.1/tools/gcc-7.2.1-1.0/bin/../lib/gcc/arm-none-eabi/7.2.1/../../../../arm-none-eabi/lib/thumb/v7e-m/fpv4-sp/softfp\libm.a(lib_a-s_rint.o)
                0x1000910c                rint
 .text.scalbn   0x10009228       0xfc c:/users/oleh/modustoolbox_1.1/tools/gcc-7.2.1-1.0/bin/../lib/gcc/arm-none-eabi/7.2.1/../../../../arm-none-eabi/lib/thumb/v7e-m/fpv4-sp/softfp\libm.a(lib_a-s_scalbn.o)
                0x10009228                scalbn
 .text.copysign
                0x10009324       0x10 c:/users/oleh/modustoolbox_1.1/tools/gcc-7.2.1-1.0/bin/../lib/gcc/arm-none-eabi/7.2.1/../../../../arm-none-eabi/lib/thumb/v7e-m/fpv4-sp/softfp\libm.a(lib_a-s_copysign.o)
                0x10009324                copysign
 .text.__errno  0x10009334        0xc c:/users/oleh/modustoolbox_1.1/tools/gcc-7.2.1-1.0/bin/../lib/gcc/arm-none-eabi/7.2.1/../../../../arm-none-eabi/lib/thumb/v7e-m/fpv4-sp/softfp\libc.a(lib_a-errno.o)
                0x10009334                __errno
 *(.init)
 .init          0x10009340        0x4 c:/users/oleh/modustoolbox_1.1/tools/gcc-7.2.1-1.0/bin/../lib/gcc/arm-none-eabi/7.2.1/thumb/v7e-m/fpv4-sp/softfp/crti.o
                0x10009340                _init
 .init          0x10009344        0x8 c:/users/oleh/modustoolbox_1.1/tools/gcc-7.2.1-1.0/bin/../lib/gcc/arm-none-eabi/7.2.1/thumb/v7e-m/fpv4-sp/softfp/crtn.o
 *(.fini)
 .fini          0x1000934c        0x4 c:/users/oleh/modustoolbox_1.1/tools/gcc-7.2.1-1.0/bin/../lib/gcc/arm-none-eabi/7.2.1/thumb/v7e-m/fpv4-sp/softfp/crti.o
                0x1000934c                _fini
 .fini          0x10009350        0x8 c:/users/oleh/modustoolbox_1.1/tools/gcc-7.2.1-1.0/bin/../lib/gcc/arm-none-eabi/7.2.1/thumb/v7e-m/fpv4-sp/softfp/crtn.o
 *crtbegin.o(.ctors)
 *crtbegin?.o(.ctors)
 *(EXCLUDE_FILE(*crtend.o *crtend?.o) .ctors)
 *(SORT_BY_NAME(.ctors.*))
 *(.ctors)
 *crtbegin.o(.dtors)
 *crtbegin?.o(.dtors)
 *(EXCLUDE_FILE(*crtend.o *crtend?.o) .dtors)
 *(SORT_BY_NAME(.dtors.*))
 *(.dtors)
 *(.rodata .rodata.* .constdata .constdata.* .conststring .conststring.*)
 .rodata.systemIpcPipeConfigCm4.12323
                0x10009358       0x34 ./psoc6sw-1.1/components/psoc6pdl/devices/psoc6/startup/system_psoc6_cm4.o
 .rodata.PrintDateAndTime.str1.4
                0x1000938c       0x3d ./Source/main.o
 *fill*         0x100093c9        0x3 
 .rodata.ThermistorInfo.str1.4
                0x100093cc       0x18 ./Source/main.o
 .rodata.main.str1.4
                0x100093e4        0x9 ./Source/main.o
 *fill*         0x100093ed        0x3 
 .rodata.Bridge_UART_config
                0x100093f0       0x40 ./GeneratedSource/cycfg_peripherals.o
                0x100093f0                Bridge_UART_config
 .rodata.RTC_config
                0x10009430       0x20 ./GeneratedSource/cycfg_peripherals.o
                0x10009430                RTC_config
 .rodata.SAR_config
                0x10009450       0x78 ./GeneratedSource/cycfg_peripherals.o
                0x10009450                SAR_config
 .rodata.Pin_Led_config
                0x100094c8       0x34 ./GeneratedSource/cycfg_pins.o
                0x100094c8                Pin_Led_config
 .rodata.SWCLK_config
                0x100094fc       0x34 ./GeneratedSource/cycfg_pins.o
                0x100094fc                SWCLK_config
 .rodata.SWDIO_config
                0x10009530       0x34 ./GeneratedSource/cycfg_pins.o
                0x10009530                SWDIO_config
 .rodata.SWO_config
                0x10009564       0x34 ./GeneratedSource/cycfg_pins.o
                0x10009564                SWO_config
 .rodata.ioss_0_port_0_pin_0_config
                0x10009598       0x34 ./GeneratedSource/cycfg_pins.o
                0x10009598                ioss_0_port_0_pin_0_config
 .rodata.ioss_0_port_0_pin_1_config
                0x100095cc       0x34 ./GeneratedSource/cycfg_pins.o
                0x100095cc                ioss_0_port_0_pin_1_config
 .rodata.ioss_0_port_10_pin_0_config
                0x10009600       0x34 ./GeneratedSource/cycfg_pins.o
                0x10009600                ioss_0_port_10_pin_0_config
 .rodata.ioss_0_port_10_pin_1_config
                0x10009634       0x34 ./GeneratedSource/cycfg_pins.o
                0x10009634                ioss_0_port_10_pin_1_config
 .rodata.ioss_0_port_5_pin_0_config
                0x10009668       0x34 ./GeneratedSource/cycfg_pins.o
                0x10009668                ioss_0_port_5_pin_0_config
 .rodata.ioss_0_port_5_pin_1_config
                0x1000969c       0x34 ./GeneratedSource/cycfg_pins.o
                0x1000969c                ioss_0_port_5_pin_1_config
 .rodata.init_cycfg_platform.str1.4
                0x100096d0       0x65 ./GeneratedSource/cycfg_platform.o
 *fill*         0x10009735        0x3 
 .rodata.srss_0_clock_0_pll_0_pllConfig
                0x10009738        0x5 ./GeneratedSource/cycfg_platform.o
 *fill*         0x1000973d        0x3 
 .rodata.cy_deviceIpBlockCfgPSoC6_02
                0x10009740       0xb8 E:/Programming/Cypress/PSoC6/psoc6pdl_Cortex-M4/Debug/libpsoc6pdl_Cortex-M4.a(cy_device.o)
                0x10009740                cy_deviceIpBlockCfgPSoC6_02
 .rodata.Cy_GPIO_Pin_Init.str1.4
                0x100097f8       0xc7 E:/Programming/Cypress/PSoC6/psoc6pdl_Cortex-M4/Debug/libpsoc6pdl_Cortex-M4.a(cy_gpio.o)
 *fill*         0x100098bf        0x1 
 .rodata.Cy_IPC_Pipe_EndpointInit.str1.4
                0x100098c0       0xce E:/Programming/Cypress/PSoC6/psoc6pdl_Cortex-M4/Debug/libpsoc6pdl_Cortex-M4.a(cy_ipc_pipe.o)
 .rodata.Cy_IPC_Sema_InitExt.str1.4
                0x1000998e       0x66 E:/Programming/Cypress/PSoC6/psoc6pdl_Cortex-M4/Debug/libpsoc6pdl_Cortex-M4.a(cy_ipc_sema.o)
 *fill*         0x1000998e        0x2 
 .rodata.Cy_RTC_SetDateAndTime.str1.4
                0x10009990       0x61 E:/Programming/Cypress/PSoC6/psoc6pdl_Cortex-M4/Debug/libpsoc6pdl_Cortex-M4.a(cy_rtc.o)
 *fill*         0x100099f1        0x3 
 .rodata.RelativeToFixed.str1.4
                0x100099f4       0x62 E:/Programming/Cypress/PSoC6/psoc6pdl_Cortex-M4/Debug/libpsoc6pdl_Cortex-M4.a(cy_rtc.o)
 *fill*         0x10009a56        0x2 
 .rodata.cy_RTC_daysInMonthTbl
                0x10009a58        0xc E:/Programming/Cypress/PSoC6/psoc6pdl_Cortex-M4/Debug/libpsoc6pdl_Cortex-M4.a(cy_rtc.o)
                0x10009a58                cy_RTC_daysInMonthTbl
 .rodata.Cy_SAR_Init.str1.4
                0x10009a64       0x61 E:/Programming/Cypress/PSoC6/psoc6pdl_Cortex-M4/Debug/libpsoc6pdl_Cortex-M4.a(cy_sar.o)
 *fill*         0x10009ac5        0x3 
 .rodata.Cy_SCB_UART_Init.str1.4
                0x10009ac8       0x66 E:/Programming/Cypress/PSoC6/psoc6pdl_Cortex-M4/Debug/libpsoc6pdl_Cortex-M4.a(cy_scb_uart.o)
 *fill*         0x10009b2e        0x2 
 .rodata.Cy_SysAnalog_Fast_Local
                0x10009b30       0x10 E:/Programming/Cypress/PSoC6/psoc6pdl_Cortex-M4/Debug/libpsoc6pdl_Cortex-M4.a(cy_sysanalog.o)
                0x10009b30                Cy_SysAnalog_Fast_Local
 .rodata.Cy_SysAnalog_Init.str1.4
                0x10009b40       0x67 E:/Programming/Cypress/PSoC6/psoc6pdl_Cortex-M4/Debug/libpsoc6pdl_Cortex-M4.a(cy_sysanalog.o)
 *fill*         0x10009ba7        0x1 
 .rodata.Cy_SysClk_ClkPathGetSource.str1.4
                0x10009ba8       0x64 E:/Programming/Cypress/PSoC6/psoc6pdl_Cortex-M4/Debug/libpsoc6pdl_Cortex-M4.a(cy_sysclk.o)
 .rodata.Cy_SysInt_SetVector.str1.4
                0x10009c0c       0x64 E:/Programming/Cypress/PSoC6/psoc6pdl_Cortex-M4/Debug/libpsoc6pdl_Cortex-M4.a(cy_sysint.o)
 .rodata.Cy_SysPm_SetHibernateWakeupSource.str1.4
                0x10009c70       0x63 E:/Programming/Cypress/PSoC6/psoc6pdl_Cortex-M4/Debug/libpsoc6pdl_Cortex-M4.a(cy_syspm.o)
 .rodata.Cy_SysPm_WriteVoltageBitForFlash.str1.4
                0x10009cd3       0x66 E:/Programming/Cypress/PSoC6/psoc6pdl_Cortex-M4/Debug/libpsoc6pdl_Cortex-M4.a(cy_syspm.o)
 .rodata.Cy_IPC_Drv_LockRelease.str1.4
                0x10009cd3       0x66 E:/Programming/Cypress/PSoC6/psoc6pdl_Cortex-M4/Debug/libpsoc6pdl_Cortex-M4.a(cy_ipc_drv.o)
 *fill*         0x10009cd3        0x1 
 .rodata.Cy_IPC_Drv_ReadMsgWord.str1.4
                0x10009cd4       0x65 E:/Programming/Cypress/PSoC6/psoc6pdl_Cortex-M4/Debug/libpsoc6pdl_Cortex-M4.a(cy_ipc_drv.o)
 *fill*         0x10009d39        0x3 
 .rodata.Cy_Prot_ConfigBusMaster.str1.4
                0x10009d3c       0x62 E:/Programming/Cypress/PSoC6/psoc6pdl_Cortex-M4/Debug/libpsoc6pdl_Cortex-M4.a(cy_prot.o)
 *fill*         0x10009d9e        0x2 
 .rodata._global_impure_ptr
                0x10009da0        0x4 c:/users/oleh/modustoolbox_1.1/tools/gcc-7.2.1-1.0/bin/../lib/gcc/arm-none-eabi/7.2.1/../../../../arm-none-eabi/lib/thumb/v7e-m/fpv4-sp/softfp\libg_nano.a(lib_a-impure.o)
                0x10009da0                _global_impure_ptr
 .rodata._printf_float.str1.1
                0x10009da4       0x12 c:/users/oleh/modustoolbox_1.1/tools/gcc-7.2.1-1.0/bin/../lib/gcc/arm-none-eabi/7.2.1/../../../../arm-none-eabi/lib/thumb/v7e-m/fpv4-sp/softfp\libg_nano.a(lib_a-nano-vfprintf_float.o)
 .rodata._printf_i.str1.1
                0x10009db6       0x22 c:/users/oleh/modustoolbox_1.1/tools/gcc-7.2.1-1.0/bin/../lib/gcc/arm-none-eabi/7.2.1/../../../../arm-none-eabi/lib/thumb/v7e-m/fpv4-sp/softfp\libg_nano.a(lib_a-nano-vfprintf_i.o)
 .rodata._dtoa_r.str1.1
                0x10009dd8        0xd c:/users/oleh/modustoolbox_1.1/tools/gcc-7.2.1-1.0/bin/../lib/gcc/arm-none-eabi/7.2.1/../../../../arm-none-eabi/lib/thumb/v7e-m/fpv4-sp/softfp\libg_nano.a(lib_a-dtoa.o)
                                  0xf (size before relaxing)
 *fill*         0x10009de5        0x3 
 .rodata.__sf_fake_stderr
                0x10009de8       0x20 c:/users/oleh/modustoolbox_1.1/tools/gcc-7.2.1-1.0/bin/../lib/gcc/arm-none-eabi/7.2.1/../../../../arm-none-eabi/lib/thumb/v7e-m/fpv4-sp/softfp\libg_nano.a(lib_a-findfp.o)
                0x10009de8                __sf_fake_stderr
 .rodata.__sf_fake_stdin
                0x10009e08       0x20 c:/users/oleh/modustoolbox_1.1/tools/gcc-7.2.1-1.0/bin/../lib/gcc/arm-none-eabi/7.2.1/../../../../arm-none-eabi/lib/thumb/v7e-m/fpv4-sp/softfp\libg_nano.a(lib_a-findfp.o)
                0x10009e08                __sf_fake_stdin
 .rodata.__sf_fake_stdout
                0x10009e28       0x20 c:/users/oleh/modustoolbox_1.1/tools/gcc-7.2.1-1.0/bin/../lib/gcc/arm-none-eabi/7.2.1/../../../../arm-none-eabi/lib/thumb/v7e-m/fpv4-sp/softfp\libg_nano.a(lib_a-findfp.o)
                0x10009e28                __sf_fake_stdout
 .rodata._setlocale_r.str1.1
                0x10009e48        0x8 c:/users/oleh/modustoolbox_1.1/tools/gcc-7.2.1-1.0/bin/../lib/gcc/arm-none-eabi/7.2.1/../../../../arm-none-eabi/lib/thumb/v7e-m/fpv4-sp/softfp\libg_nano.a(lib_a-locale.o)
                                  0x9 (size before relaxing)
 .rodata.str1.1
                0x10009e50        0x2 c:/users/oleh/modustoolbox_1.1/tools/gcc-7.2.1-1.0/bin/../lib/gcc/arm-none-eabi/7.2.1/../../../../arm-none-eabi/lib/thumb/v7e-m/fpv4-sp/softfp\libg_nano.a(lib_a-locale.o)
 *fill*         0x10009e52        0x6 
 .rodata.__mprec_bigtens
                0x10009e58       0x28 c:/users/oleh/modustoolbox_1.1/tools/gcc-7.2.1-1.0/bin/../lib/gcc/arm-none-eabi/7.2.1/../../../../arm-none-eabi/lib/thumb/v7e-m/fpv4-sp/softfp\libg_nano.a(lib_a-mprec.o)
                0x10009e58                __mprec_bigtens
 .rodata.__mprec_tens
                0x10009e80       0xc8 c:/users/oleh/modustoolbox_1.1/tools/gcc-7.2.1-1.0/bin/../lib/gcc/arm-none-eabi/7.2.1/../../../../arm-none-eabi/lib/thumb/v7e-m/fpv4-sp/softfp\libg_nano.a(lib_a-mprec.o)
                0x10009e80                __mprec_tens
 .rodata.p05.7359
                0x10009f48        0xc c:/users/oleh/modustoolbox_1.1/tools/gcc-7.2.1-1.0/bin/../lib/gcc/arm-none-eabi/7.2.1/../../../../arm-none-eabi/lib/thumb/v7e-m/fpv4-sp/softfp\libg_nano.a(lib_a-mprec.o)
 .rodata._vfprintf_r.str1.1
                0x10009f54       0x11 c:/users/oleh/modustoolbox_1.1/tools/gcc-7.2.1-1.0/bin/../lib/gcc/arm-none-eabi/7.2.1/../../../../arm-none-eabi/lib/thumb/v7e-m/fpv4-sp/softfp\libg_nano.a(lib_a-nano-vfprintf.o)
 .rodata._ctype_
                0x10009f65      0x101 c:/users/oleh/modustoolbox_1.1/tools/gcc-7.2.1-1.0/bin/../lib/gcc/arm-none-eabi/7.2.1/../../../../arm-none-eabi/lib/thumb/v7e-m/fpv4-sp/softfp\libg_nano.a(lib_a-ctype_.o)
                0x10009f65                _ctype_
 *fill*         0x1000a066        0x2 
 .rodata.log.str1.4
                0x1000a068        0x4 c:/users/oleh/modustoolbox_1.1/tools/gcc-7.2.1-1.0/bin/../lib/gcc/arm-none-eabi/7.2.1/../../../../arm-none-eabi/lib/thumb/v7e-m/fpv4-sp/softfp\libm.a(lib_a-w_log.o)
                                  0x5 (size before relaxing)
 .rodata.pow.str1.4
                0x1000a06c        0x4 c:/users/oleh/modustoolbox_1.1/tools/gcc-7.2.1-1.0/bin/../lib/gcc/arm-none-eabi/7.2.1/../../../../arm-none-eabi/lib/thumb/v7e-m/fpv4-sp/softfp\libm.a(lib_a-w_pow.o)
 .rodata.__ieee754_pow.str1.4
                0x1000a070        0x1 c:/users/oleh/modustoolbox_1.1/tools/gcc-7.2.1-1.0/bin/../lib/gcc/arm-none-eabi/7.2.1/../../../../arm-none-eabi/lib/thumb/v7e-m/fpv4-sp/softfp\libm.a(lib_a-e_pow.o)
 .rodata.TWO52  0x1000a070       0x10 c:/users/oleh/modustoolbox_1.1/tools/gcc-7.2.1-1.0/bin/../lib/gcc/arm-none-eabi/7.2.1/../../../../arm-none-eabi/lib/thumb/v7e-m/fpv4-sp/softfp\libm.a(lib_a-s_rint.o)
 *(.eh_frame*)
 .eh_frame      0x1000a080        0x0 c:/users/oleh/modustoolbox_1.1/tools/gcc-7.2.1-1.0/bin/../lib/gcc/arm-none-eabi/7.2.1/thumb/v7e-m/fpv4-sp/softfp/crtbegin.o
 .eh_frame      0x1000a080        0x4 c:/users/oleh/modustoolbox_1.1/tools/gcc-7.2.1-1.0/bin/../lib/gcc/arm-none-eabi/7.2.1/thumb/v7e-m/fpv4-sp/softfp/crtend.o

.glue_7         0x1000a084        0x0
 .glue_7        0x1000a084        0x0 linker stubs

.glue_7t        0x1000a084        0x0
 .glue_7t       0x1000a084        0x0 linker stubs

.vfp11_veneer   0x1000a084        0x0
 .vfp11_veneer  0x1000a084        0x0 linker stubs

.v4_bx          0x1000a084        0x0
 .v4_bx         0x1000a084        0x0 linker stubs

.iplt           0x1000a084        0x0
 .iplt          0x1000a084        0x0 c:/users/oleh/modustoolbox_1.1/tools/gcc-7.2.1-1.0/bin/../lib/gcc/arm-none-eabi/7.2.1/thumb/v7e-m/fpv4-sp/softfp/crtbegin.o

.rel.dyn        0x1000a084        0x0
 .rel.iplt      0x1000a084        0x0 c:/users/oleh/modustoolbox_1.1/tools/gcc-7.2.1-1.0/bin/../lib/gcc/arm-none-eabi/7.2.1/thumb/v7e-m/fpv4-sp/softfp/crtbegin.o

.ARM.extab
 *(.ARM.extab* .gnu.linkonce.armextab.*)
                0x1000a084                __exidx_start = .

.ARM.exidx
 *(.ARM.exidx* .gnu.linkonce.armexidx.*)
                0x1000a084                __exidx_end = .

.copy.table     0x1000a084       0x18
                0x1000a084                . = ALIGN (0x4)
                0x1000a084                __copy_table_start__ = .
                0x1000a084        0x4 LONG 0x10002000 __Vectors
                0x1000a088        0x4 LONG 0x8002000 __ram_vectors_start__
                0x1000a08c        0x4 LONG 0x2e0 (__Vectors_End - __Vectors)
                0x1000a090        0x4 LONG 0x1000a0a4 __etext
                0x1000a094        0x4 LONG 0x80022e0 __data_start__
                0x1000a098        0x4 LONG 0x40c (__data_end__ - __data_start__)
                0x1000a09c                __copy_table_end__ = .

.zero.table     0x1000a09c        0x8
                0x1000a09c                . = ALIGN (0x4)
                0x1000a09c                __zero_table_start__ = .
                0x1000a09c        0x4 LONG 0x8002784 __bss_start__
                0x1000a0a0        0x4 LONG 0x2a0 (__bss_end__ - __bss_start__)
                0x1000a0a4                __zero_table_end__ = .
                0x1000a0a4                __etext = .

.ramVectors     0x08002000      0x2e0
                0x08002000                __ram_vectors_start__ = .
 *(.ram_vectors)
 .ram_vectors   0x08002000      0x2e0 ./psoc6sw-1.1/components/psoc6pdl/devices/psoc6/startup/gcc/startup_psoc6_02_cm4.o
                0x08002000                __ramVectors
                0x080022e0                __ram_vectors_end__ = .

.data           0x080022e0      0x40c load address 0x1000a0a4
                0x080022e0                __data_start__ = .
 *(vtable)
 *(.data*)
 .data.SystemCoreClock
                0x080022e0        0x4 ./psoc6sw-1.1/components/psoc6pdl/devices/psoc6/startup/system_psoc6_cm4.o
                0x080022e0                SystemCoreClock
 .data.cy_Hfclk0FreqHz
                0x080022e4        0x4 ./psoc6sw-1.1/components/psoc6pdl/devices/psoc6/startup/system_psoc6_cm4.o
                0x080022e4                cy_Hfclk0FreqHz
 .data.cy_PeriClkFreqHz
                0x080022e8        0x4 ./psoc6sw-1.1/components/psoc6pdl/devices/psoc6/startup/system_psoc6_cm4.o
                0x080022e8                cy_PeriClkFreqHz
 .data.cy_delay32kMs
                0x080022ec        0x4 ./psoc6sw-1.1/components/psoc6pdl/devices/psoc6/startup/system_psoc6_cm4.o
                0x080022ec                cy_delay32kMs
 .data.cy_delayFreqHz
                0x080022f0        0x4 ./psoc6sw-1.1/components/psoc6pdl/devices/psoc6/startup/system_psoc6_cm4.o
                0x080022f0                cy_delayFreqHz
 .data.cy_delayFreqKhz
                0x080022f4        0x4 ./psoc6sw-1.1/components/psoc6pdl/devices/psoc6/startup/system_psoc6_cm4.o
                0x080022f4                cy_delayFreqKhz
 .data.cy_delayFreqMhz
                0x080022f8        0x1 ./psoc6sw-1.1/components/psoc6pdl/devices/psoc6/startup/system_psoc6_cm4.o
                0x080022f8                cy_delayFreqMhz
 *fill*         0x080022f9        0x3 
 .data.secPrev.16380
                0x080022fc        0x4 ./Source/main.o
 .data._impure_ptr
                0x08002300        0x4 c:/users/oleh/modustoolbox_1.1/tools/gcc-7.2.1-1.0/bin/../lib/gcc/arm-none-eabi/7.2.1/../../../../arm-none-eabi/lib/thumb/v7e-m/fpv4-sp/softfp\libg_nano.a(lib_a-impure.o)
                0x08002300                _impure_ptr
 .data.impure_data
                0x08002304       0x60 c:/users/oleh/modustoolbox_1.1/tools/gcc-7.2.1-1.0/bin/../lib/gcc/arm-none-eabi/7.2.1/../../../../arm-none-eabi/lib/thumb/v7e-m/fpv4-sp/softfp\libg_nano.a(lib_a-impure.o)
 .data.__global_locale
                0x08002364      0x16c c:/users/oleh/modustoolbox_1.1/tools/gcc-7.2.1-1.0/bin/../lib/gcc/arm-none-eabi/7.2.1/../../../../arm-none-eabi/lib/thumb/v7e-m/fpv4-sp/softfp\libg_nano.a(lib_a-locale.o)
                0x08002364                __global_locale
 .data.__fdlib_version
                0x080024d0        0x1 c:/users/oleh/modustoolbox_1.1/tools/gcc-7.2.1-1.0/bin/../lib/gcc/arm-none-eabi/7.2.1/../../../../arm-none-eabi/lib/thumb/v7e-m/fpv4-sp/softfp\libm.a(lib_a-s_lib_ver.o)
                0x080024d0                __fdlib_version
                0x080024d4                . = ALIGN (0x4)
 *fill*         0x080024d1        0x3 
                0x080024d4                PROVIDE (__preinit_array_start, .)
 *(.preinit_array)
                0x080024d4                PROVIDE (__preinit_array_end, .)
                0x080024d4                . = ALIGN (0x4)
                0x080024d4                PROVIDE (__init_array_start, .)
 *(SORT_BY_NAME(.init_array.*))
 *(.init_array)
 .init_array    0x080024d4        0x4 c:/users/oleh/modustoolbox_1.1/tools/gcc-7.2.1-1.0/bin/../lib/gcc/arm-none-eabi/7.2.1/thumb/v7e-m/fpv4-sp/softfp/crtbegin.o
                0x080024d8                PROVIDE (__init_array_end, .)
                0x080024d8                . = ALIGN (0x4)
                [!provide]                PROVIDE (__fini_array_start, .)
 *(SORT_BY_NAME(.fini_array.*))
 *(.fini_array)
 .fini_array    0x080024d8        0x4 c:/users/oleh/modustoolbox_1.1/tools/gcc-7.2.1-1.0/bin/../lib/gcc/arm-none-eabi/7.2.1/thumb/v7e-m/fpv4-sp/softfp/crtbegin.o
                [!provide]                PROVIDE (__fini_array_end, .)
 *(.jcr*)
                0x080024dc                . = ALIGN (0x4)
 *(.cy_ramfunc*)
 .cy_ramfunc    0x080024dc      0x210 E:/Programming/Cypress/PSoC6/psoc6pdl_Cortex-M4/Debug/libpsoc6pdl_Cortex-M4.a(cy_syspm.o)
                0x080026ec                . = ALIGN (0x4)
                0x080026ec                __data_end__ = .

.igot.plt       0x080026ec        0x0 load address 0x1000a4b0
 .igot.plt      0x080026ec        0x0 c:/users/oleh/modustoolbox_1.1/tools/gcc-7.2.1-1.0/bin/../lib/gcc/arm-none-eabi/7.2.1/thumb/v7e-m/fpv4-sp/softfp/crtbegin.o

.noinit         0x080026f0       0x94 load address 0x1000a4b8
 *(.noinit)
 .noinit        0x080026f0       0x94 E:/Programming/Cypress/PSoC6/psoc6pdl_Cortex-M4/Debug/libpsoc6pdl_Cortex-M4.a(cy_syslib.o)
                0x080026f0                cy_assertFileName
                0x08002708                cy_assertLine
                0x0800270c                cy_faultFrame

.bss            0x08002784      0x2a0 load address 0x1000a54c
                0x08002784                . = ALIGN (0x4)
                0x08002784                __bss_start__ = .
 *(.bss*)
 .bss           0x08002784       0x1c c:/users/oleh/modustoolbox_1.1/tools/gcc-7.2.1-1.0/bin/../lib/gcc/arm-none-eabi/7.2.1/thumb/v7e-m/fpv4-sp/softfp/crtbegin.o
 .bss.systemIpcPipeEpArray.12321
                0x080027a0      0x160 ./psoc6sw-1.1/components/psoc6pdl/devices/psoc6/startup/system_psoc6_cm4.o
 .bss.systemIpcPipeSysCbArray.12322
                0x08002900       0x20 ./psoc6sw-1.1/components/psoc6pdl/devices/psoc6/startup/system_psoc6_cm4.o
 .bss.access.16379
                0x08002920        0x1 ./Source/main.o
 *fill*         0x08002921        0x3 
 .bss.cy_ipc_pipe_epArray
                0x08002924        0x4 E:/Programming/Cypress/PSoC6/psoc6pdl_Cortex-M4/Debug/libpsoc6pdl_Cortex-M4.a(cy_ipc_pipe.o)
 .bss.cy_semaData.9850
                0x08002928        0x8 E:/Programming/Cypress/PSoC6/psoc6pdl_Cortex-M4/Debug/libpsoc6pdl_Cortex-M4.a(cy_ipc_sema.o)
 .bss.cy_semaIpcStruct
                0x08002930        0x4 E:/Programming/Cypress/PSoC6/psoc6pdl_Cortex-M4/Debug/libpsoc6pdl_Cortex-M4.a(cy_ipc_sema.o)
 .bss.bkpRegs   0x08002934       0x20 E:/Programming/Cypress/PSoC6/psoc6pdl_Cortex-M4/Debug/libpsoc6pdl_Cortex-M4.a(cy_syspm.o)
 .bss.wasEventSent
                0x08002954        0x1 E:/Programming/Cypress/PSoC6/psoc6pdl_Cortex-M4/Debug/libpsoc6pdl_Cortex-M4.a(cy_syspm.o)
 *fill*         0x08002955        0x3 
 .bss.__malloc_free_list
                0x08002958        0x4 c:/users/oleh/modustoolbox_1.1/tools/gcc-7.2.1-1.0/bin/../lib/gcc/arm-none-eabi/7.2.1/../../../../arm-none-eabi/lib/thumb/v7e-m/fpv4-sp/softfp\libg_nano.a(lib_a-nano-mallocr.o)
                0x08002958                __malloc_free_list
 .bss.__malloc_sbrk_start
                0x0800295c        0x4 c:/users/oleh/modustoolbox_1.1/tools/gcc-7.2.1-1.0/bin/../lib/gcc/arm-none-eabi/7.2.1/../../../../arm-none-eabi/lib/thumb/v7e-m/fpv4-sp/softfp\libg_nano.a(lib_a-nano-mallocr.o)
                0x0800295c                __malloc_sbrk_start
 .bss.heap_end.5377
                0x08002960        0x4 c:/users/oleh/modustoolbox_1.1/tools/gcc-7.2.1-1.0/bin/../lib/gcc/arm-none-eabi/7.2.1/../../../../arm-none-eabi/lib/thumb/v7e-m/fpv4-sp/softfp\libnosys.a(sbrk.o)
 *(COMMON)
 COMMON         0x08002964       0x58 ./Source/main.o
                0x08002964                dateTime
                0x08002984                uart_context
 COMMON         0x080029bc        0x4 E:/Programming/Cypress/PSoC6/psoc6pdl_Cortex-M4/Debug/libpsoc6pdl_Cortex-M4.a(cy_device.o)
                0x080029bc                cy_device
 COMMON         0x080029c0       0x60 E:/Programming/Cypress/PSoC6/psoc6pdl_Cortex-M4/Debug/libpsoc6pdl_Cortex-M4.a(cy_sar.o)
                0x080029c0                Cy_SAR_offset
                0x080029e0                Cy_SAR_countsPer10Volt
 COMMON         0x08002a20        0x4 c:/users/oleh/modustoolbox_1.1/tools/gcc-7.2.1-1.0/bin/../lib/gcc/arm-none-eabi/7.2.1/../../../../arm-none-eabi/lib/thumb/v7e-m/fpv4-sp/softfp\libg_nano.a(lib_a-reent.o)
                0x08002a20                errno
                0x08002a24                . = ALIGN (0x4)
                0x08002a24                __bss_end__ = .

.heap           0x08002a28      0x400
                0x08002a28                __HeapBase = .
                0x08002a28                __end__ = .
                0x08002a28                end = __end__
 *(.heap*)
 .heap          0x08002a28      0x400 ./psoc6sw-1.1/components/psoc6pdl/devices/psoc6/startup/gcc/startup_psoc6_02_cm4.o
                0x08002e28                __HeapLimit = .

.stack_dummy    0x08002a28     0x1000
 *(.stack*)
 .stack         0x08002a28     0x1000 ./psoc6sw-1.1/components/psoc6pdl/devices/psoc6/startup/gcc/startup_psoc6_02_cm4.o
                0x080ff800                __StackTop = (ORIGIN (ram) + LENGTH (ram))
                0x080fe800                __StackLimit = (__StackTop - SIZEOF (.stack_dummy))
                0x080ff800                PROVIDE (__stack, __StackTop)
                0x00000001                ASSERT ((__StackLimit >= __HeapLimit), region RAM overflowed with stack)

.cy_app_signature
 *(.cy_app_signature)

.cy_em_eeprom
 *(.cy_em_eeprom)

.cy_sflash_user_data
 *(.cy_sflash_user_data)

.cy_sflash_nar
 *(.cy_sflash_nar)

.cy_sflash_public_key
 *(.cy_sflash_public_key)

.cy_toc_part2
 *(.cy_toc_part2)

.cy_rtoc_part2
 *(.cy_rtoc_part2)

.cy_xip
 *(.cy_xip)

.cy_efuse
 *(.cy_efuse)

.cymeta
 *(.cymeta)
                0x10000000                __cy_memory_0_start = 0x10000000
                0x00200000                __cy_memory_0_length = 0x200000
                0x00000200                __cy_memory_0_row_size = 0x200
                0x14000000                __cy_memory_1_start = 0x14000000
                0x00008000                __cy_memory_1_length = 0x8000
                0x00000200                __cy_memory_1_row_size = 0x200
                0x16000000                __cy_memory_2_start = 0x16000000
                0x00008000                __cy_memory_2_length = 0x8000
                0x00000200                __cy_memory_2_row_size = 0x200
                0x18000000                __cy_memory_3_start = 0x18000000
                0x08000000                __cy_memory_3_length = 0x8000000
                0x00000200                __cy_memory_3_row_size = 0x200
                0x90700000                __cy_memory_4_start = 0x90700000
                0x00100000                __cy_memory_4_length = 0x100000
                0x00000001                __cy_memory_4_row_size = 0x1
OUTPUT(CypressTest_mainapp.elf elf32-littlearm)

.ARM.attributes
                0x00000000       0x2e
 .ARM.attributes
                0x00000000       0x22 c:/users/oleh/modustoolbox_1.1/tools/gcc-7.2.1-1.0/bin/../lib/gcc/arm-none-eabi/7.2.1/thumb/v7e-m/fpv4-sp/softfp/crti.o
 .ARM.attributes
                0x00000022       0x32 c:/users/oleh/modustoolbox_1.1/tools/gcc-7.2.1-1.0/bin/../lib/gcc/arm-none-eabi/7.2.1/thumb/v7e-m/fpv4-sp/softfp/crtbegin.o
 .ARM.attributes
                0x00000054       0x37 ./psoc6sw-1.1/components/psoc6pdl/utilities/retarget_io/retarget.o
 .ARM.attributes
                0x0000008b       0x1f ./psoc6sw-1.1/components/psoc6pdl/devices/psoc6/startup/gcc/startup_psoc6_02_cm4.o
 .ARM.attributes
                0x000000aa       0x37 ./psoc6sw-1.1/components/psoc6pdl/devices/psoc6/startup/system_psoc6_cm4.o
 .ARM.attributes
                0x000000e1       0x37 ./Source/main.o
 .ARM.attributes
                0x00000118       0x37 ./Source/stdio_user.o
 .ARM.attributes
                0x0000014f       0x37 ./GeneratedSource/Thermistor.o
 .ARM.attributes
                0x00000186       0x37 ./GeneratedSource/cycfg.o
 .ARM.attributes
                0x000001bd       0x37 ./GeneratedSource/cycfg_clocks.o
 .ARM.attributes
                0x000001f4       0x37 ./GeneratedSource/cycfg_peripherals.o
 .ARM.attributes
                0x0000022b       0x37 ./GeneratedSource/cycfg_pins.o
 .ARM.attributes
                0x00000262       0x37 ./GeneratedSource/cycfg_platform.o
 .ARM.attributes
                0x00000299       0x37 ./GeneratedSource/cycfg_routing.o
 .ARM.attributes
                0x000002d0       0x25 E:/Programming/Cypress/PSoC6/psoc6pdl_Cortex-M4/Debug/libpsoc6pdl_Cortex-M4.a(cy_syslib_gcc.o)
 .ARM.attributes
                0x000002f5       0x37 E:/Programming/Cypress/PSoC6/psoc6pdl_Cortex-M4/Debug/libpsoc6pdl_Cortex-M4.a(cy_device.o)
 .ARM.attributes
                0x0000032c       0x37 E:/Programming/Cypress/PSoC6/psoc6pdl_Cortex-M4/Debug/libpsoc6pdl_Cortex-M4.a(cy_gpio.o)
 .ARM.attributes
                0x00000363       0x37 E:/Programming/Cypress/PSoC6/psoc6pdl_Cortex-M4/Debug/libpsoc6pdl_Cortex-M4.a(cy_ipc_pipe.o)
 .ARM.attributes
                0x0000039a       0x37 E:/Programming/Cypress/PSoC6/psoc6pdl_Cortex-M4/Debug/libpsoc6pdl_Cortex-M4.a(cy_ipc_sema.o)
 .ARM.attributes
                0x000003d1       0x37 E:/Programming/Cypress/PSoC6/psoc6pdl_Cortex-M4/Debug/libpsoc6pdl_Cortex-M4.a(cy_rtc.o)
 .ARM.attributes
                0x00000408       0x37 E:/Programming/Cypress/PSoC6/psoc6pdl_Cortex-M4/Debug/libpsoc6pdl_Cortex-M4.a(cy_sar.o)
 .ARM.attributes
                0x0000043f       0x37 E:/Programming/Cypress/PSoC6/psoc6pdl_Cortex-M4/Debug/libpsoc6pdl_Cortex-M4.a(cy_scb_common.o)
 .ARM.attributes
                0x00000476       0x37 E:/Programming/Cypress/PSoC6/psoc6pdl_Cortex-M4/Debug/libpsoc6pdl_Cortex-M4.a(cy_scb_uart.o)
 .ARM.attributes
                0x000004ad       0x37 E:/Programming/Cypress/PSoC6/psoc6pdl_Cortex-M4/Debug/libpsoc6pdl_Cortex-M4.a(cy_sysanalog.o)
 .ARM.attributes
                0x000004e4       0x37 E:/Programming/Cypress/PSoC6/psoc6pdl_Cortex-M4/Debug/libpsoc6pdl_Cortex-M4.a(cy_sysclk.o)
 .ARM.attributes
                0x0000051b       0x37 E:/Programming/Cypress/PSoC6/psoc6pdl_Cortex-M4/Debug/libpsoc6pdl_Cortex-M4.a(cy_sysint.o)
 .ARM.attributes
                0x00000552       0x37 E:/Programming/Cypress/PSoC6/psoc6pdl_Cortex-M4/Debug/libpsoc6pdl_Cortex-M4.a(cy_syslib.o)
 .ARM.attributes
                0x00000589       0x37 E:/Programming/Cypress/PSoC6/psoc6pdl_Cortex-M4/Debug/libpsoc6pdl_Cortex-M4.a(cy_syspm.o)
 .ARM.attributes
                0x000005c0       0x37 E:/Programming/Cypress/PSoC6/psoc6pdl_Cortex-M4/Debug/libpsoc6pdl_Cortex-M4.a(cy_ipc_drv.o)
 .ARM.attributes
                0x000005f7       0x37 E:/Programming/Cypress/PSoC6/psoc6pdl_Cortex-M4/Debug/libpsoc6pdl_Cortex-M4.a(cy_prot.o)
 .ARM.attributes
                0x0000062e       0x22 c:/users/oleh/modustoolbox_1.1/tools/gcc-7.2.1-1.0/bin/../lib/gcc/arm-none-eabi/7.2.1/thumb/v7e-m/fpv4-sp/softfp\libgcc.a(_arm_addsubdf3.o)
 .ARM.attributes
                0x00000650       0x22 c:/users/oleh/modustoolbox_1.1/tools/gcc-7.2.1-1.0/bin/../lib/gcc/arm-none-eabi/7.2.1/thumb/v7e-m/fpv4-sp/softfp\libgcc.a(_arm_muldivdf3.o)
 .ARM.attributes
                0x00000672       0x22 c:/users/oleh/modustoolbox_1.1/tools/gcc-7.2.1-1.0/bin/../lib/gcc/arm-none-eabi/7.2.1/thumb/v7e-m/fpv4-sp/softfp\libgcc.a(_arm_truncdfsf2.o)
 .ARM.attributes
                0x00000694       0x32 c:/users/oleh/modustoolbox_1.1/tools/gcc-7.2.1-1.0/bin/../lib/gcc/arm-none-eabi/7.2.1/../../../../arm-none-eabi/lib/thumb/v7e-m/fpv4-sp/softfp\libg_nano.a(lib_a-impure.o)
 .ARM.attributes
                0x000006c6       0x32 c:/users/oleh/modustoolbox_1.1/tools/gcc-7.2.1-1.0/bin/../lib/gcc/arm-none-eabi/7.2.1/../../../../arm-none-eabi/lib/thumb/v7e-m/fpv4-sp/softfp\libg_nano.a(lib_a-memcpy-stub.o)
 .ARM.attributes
                0x000006f8       0x32 c:/users/oleh/modustoolbox_1.1/tools/gcc-7.2.1-1.0/bin/../lib/gcc/arm-none-eabi/7.2.1/../../../../arm-none-eabi/lib/thumb/v7e-m/fpv4-sp/softfp\libg_nano.a(lib_a-memset.o)
 .ARM.attributes
                0x0000072a       0x32 c:/users/oleh/modustoolbox_1.1/tools/gcc-7.2.1-1.0/bin/../lib/gcc/arm-none-eabi/7.2.1/../../../../arm-none-eabi/lib/thumb/v7e-m/fpv4-sp/softfp\libg_nano.a(lib_a-nano-vfprintf_float.o)
 .ARM.attributes
                0x0000075c       0x32 c:/users/oleh/modustoolbox_1.1/tools/gcc-7.2.1-1.0/bin/../lib/gcc/arm-none-eabi/7.2.1/../../../../arm-none-eabi/lib/thumb/v7e-m/fpv4-sp/softfp\libg_nano.a(lib_a-nano-vfprintf_i.o)
 .ARM.attributes
                0x0000078e       0x32 c:/users/oleh/modustoolbox_1.1/tools/gcc-7.2.1-1.0/bin/../lib/gcc/arm-none-eabi/7.2.1/../../../../arm-none-eabi/lib/thumb/v7e-m/fpv4-sp/softfp\libg_nano.a(lib_a-printf.o)
 .ARM.attributes
                0x000007c0       0x32 c:/users/oleh/modustoolbox_1.1/tools/gcc-7.2.1-1.0/bin/../lib/gcc/arm-none-eabi/7.2.1/../../../../arm-none-eabi/lib/thumb/v7e-m/fpv4-sp/softfp\libg_nano.a(lib_a-puts.o)
 .ARM.attributes
                0x000007f2       0x1b c:/users/oleh/modustoolbox_1.1/tools/gcc-7.2.1-1.0/bin/../lib/gcc/arm-none-eabi/7.2.1/../../../../arm-none-eabi/lib/thumb/v7e-m/fpv4-sp/softfp\libg_nano.a(lib_a-strlen.o)
 .ARM.attributes
                0x0000080d       0x32 c:/users/oleh/modustoolbox_1.1/tools/gcc-7.2.1-1.0/bin/../lib/gcc/arm-none-eabi/7.2.1/../../../../arm-none-eabi/lib/thumb/v7e-m/fpv4-sp/softfp\libg_nano.a(lib_a-strncpy.o)
 .ARM.attributes
                0x0000083f       0x32 c:/users/oleh/modustoolbox_1.1/tools/gcc-7.2.1-1.0/bin/../lib/gcc/arm-none-eabi/7.2.1/../../../../arm-none-eabi/lib/thumb/v7e-m/fpv4-sp/softfp\libg_nano.a(lib_a-wbuf.o)
 .ARM.attributes
                0x00000871       0x32 c:/users/oleh/modustoolbox_1.1/tools/gcc-7.2.1-1.0/bin/../lib/gcc/arm-none-eabi/7.2.1/../../../../arm-none-eabi/lib/thumb/v7e-m/fpv4-sp/softfp\libg_nano.a(lib_a-wsetup.o)
 .ARM.attributes
                0x000008a3       0x32 c:/users/oleh/modustoolbox_1.1/tools/gcc-7.2.1-1.0/bin/../lib/gcc/arm-none-eabi/7.2.1/../../../../arm-none-eabi/lib/thumb/v7e-m/fpv4-sp/softfp\libg_nano.a(lib_a-dtoa.o)
 .ARM.attributes
                0x000008d5       0x32 c:/users/oleh/modustoolbox_1.1/tools/gcc-7.2.1-1.0/bin/../lib/gcc/arm-none-eabi/7.2.1/../../../../arm-none-eabi/lib/thumb/v7e-m/fpv4-sp/softfp\libg_nano.a(lib_a-fflush.o)
 .ARM.attributes
                0x00000907       0x32 c:/users/oleh/modustoolbox_1.1/tools/gcc-7.2.1-1.0/bin/../lib/gcc/arm-none-eabi/7.2.1/../../../../arm-none-eabi/lib/thumb/v7e-m/fpv4-sp/softfp\libg_nano.a(lib_a-findfp.o)
 .ARM.attributes
                0x00000939       0x32 c:/users/oleh/modustoolbox_1.1/tools/gcc-7.2.1-1.0/bin/../lib/gcc/arm-none-eabi/7.2.1/../../../../arm-none-eabi/lib/thumb/v7e-m/fpv4-sp/softfp\libg_nano.a(lib_a-fwalk.o)
 .ARM.attributes
                0x0000096b       0x32 c:/users/oleh/modustoolbox_1.1/tools/gcc-7.2.1-1.0/bin/../lib/gcc/arm-none-eabi/7.2.1/../../../../arm-none-eabi/lib/thumb/v7e-m/fpv4-sp/softfp\libg_nano.a(lib_a-locale.o)
 .ARM.attributes
                0x0000099d       0x32 c:/users/oleh/modustoolbox_1.1/tools/gcc-7.2.1-1.0/bin/../lib/gcc/arm-none-eabi/7.2.1/../../../../arm-none-eabi/lib/thumb/v7e-m/fpv4-sp/softfp\libg_nano.a(lib_a-localeconv.o)
 .ARM.attributes
                0x000009cf       0x32 c:/users/oleh/modustoolbox_1.1/tools/gcc-7.2.1-1.0/bin/../lib/gcc/arm-none-eabi/7.2.1/../../../../arm-none-eabi/lib/thumb/v7e-m/fpv4-sp/softfp\libg_nano.a(lib_a-makebuf.o)
 .ARM.attributes
                0x00000a01       0x32 c:/users/oleh/modustoolbox_1.1/tools/gcc-7.2.1-1.0/bin/../lib/gcc/arm-none-eabi/7.2.1/../../../../arm-none-eabi/lib/thumb/v7e-m/fpv4-sp/softfp\libg_nano.a(lib_a-malloc.o)
 .ARM.attributes
                0x00000a33       0x32 c:/users/oleh/modustoolbox_1.1/tools/gcc-7.2.1-1.0/bin/../lib/gcc/arm-none-eabi/7.2.1/../../../../arm-none-eabi/lib/thumb/v7e-m/fpv4-sp/softfp\libg_nano.a(lib_a-mbtowc_r.o)
 .ARM.attributes
                0x00000a65       0x20 c:/users/oleh/modustoolbox_1.1/tools/gcc-7.2.1-1.0/bin/../lib/gcc/arm-none-eabi/7.2.1/../../../../arm-none-eabi/lib/thumb/v7e-m/fpv4-sp/softfp\libg_nano.a(lib_a-memchr.o)
 .ARM.attributes
                0x00000a85       0x32 c:/users/oleh/modustoolbox_1.1/tools/gcc-7.2.1-1.0/bin/../lib/gcc/arm-none-eabi/7.2.1/../../../../arm-none-eabi/lib/thumb/v7e-m/fpv4-sp/softfp\libg_nano.a(lib_a-mprec.o)
 .ARM.attributes
                0x00000ab7       0x32 c:/users/oleh/modustoolbox_1.1/tools/gcc-7.2.1-1.0/bin/../lib/gcc/arm-none-eabi/7.2.1/../../../../arm-none-eabi/lib/thumb/v7e-m/fpv4-sp/softfp\libg_nano.a(lib_a-nano-callocr.o)
 .ARM.attributes
                0x00000ae9       0x32 c:/users/oleh/modustoolbox_1.1/tools/gcc-7.2.1-1.0/bin/../lib/gcc/arm-none-eabi/7.2.1/../../../../arm-none-eabi/lib/thumb/v7e-m/fpv4-sp/softfp\libg_nano.a(lib_a-nano-freer.o)
 .ARM.attributes
                0x00000b1b       0x32 c:/users/oleh/modustoolbox_1.1/tools/gcc-7.2.1-1.0/bin/../lib/gcc/arm-none-eabi/7.2.1/../../../../arm-none-eabi/lib/thumb/v7e-m/fpv4-sp/softfp\libg_nano.a(lib_a-nano-mallocr.o)
 .ARM.attributes
                0x00000b4d       0x32 c:/users/oleh/modustoolbox_1.1/tools/gcc-7.2.1-1.0/bin/../lib/gcc/arm-none-eabi/7.2.1/../../../../arm-none-eabi/lib/thumb/v7e-m/fpv4-sp/softfp\libg_nano.a(lib_a-nano-vfprintf.o)
 .ARM.attributes
                0x00000b7f       0x32 c:/users/oleh/modustoolbox_1.1/tools/gcc-7.2.1-1.0/bin/../lib/gcc/arm-none-eabi/7.2.1/../../../../arm-none-eabi/lib/thumb/v7e-m/fpv4-sp/softfp\libg_nano.a(lib_a-sbrkr.o)
 .ARM.attributes
                0x00000bb1       0x32 c:/users/oleh/modustoolbox_1.1/tools/gcc-7.2.1-1.0/bin/../lib/gcc/arm-none-eabi/7.2.1/../../../../arm-none-eabi/lib/thumb/v7e-m/fpv4-sp/softfp\libg_nano.a(lib_a-stdio.o)
 .ARM.attributes
                0x00000be3       0x32 c:/users/oleh/modustoolbox_1.1/tools/gcc-7.2.1-1.0/bin/../lib/gcc/arm-none-eabi/7.2.1/../../../../arm-none-eabi/lib/thumb/v7e-m/fpv4-sp/softfp\libg_nano.a(lib_a-wctomb_r.o)
 .ARM.attributes
                0x00000c15       0x32 c:/users/oleh/modustoolbox_1.1/tools/gcc-7.2.1-1.0/bin/../lib/gcc/arm-none-eabi/7.2.1/../../../../arm-none-eabi/lib/thumb/v7e-m/fpv4-sp/softfp\libg_nano.a(lib_a-writer.o)
 .ARM.attributes
                0x00000c47       0x32 c:/users/oleh/modustoolbox_1.1/tools/gcc-7.2.1-1.0/bin/../lib/gcc/arm-none-eabi/7.2.1/../../../../arm-none-eabi/lib/thumb/v7e-m/fpv4-sp/softfp\libg_nano.a(lib_a-closer.o)
 .ARM.attributes
                0x00000c79       0x32 c:/users/oleh/modustoolbox_1.1/tools/gcc-7.2.1-1.0/bin/../lib/gcc/arm-none-eabi/7.2.1/../../../../arm-none-eabi/lib/thumb/v7e-m/fpv4-sp/softfp\libg_nano.a(lib_a-ctype_.o)
 .ARM.attributes
                0x00000cab       0x32 c:/users/oleh/modustoolbox_1.1/tools/gcc-7.2.1-1.0/bin/../lib/gcc/arm-none-eabi/7.2.1/../../../../arm-none-eabi/lib/thumb/v7e-m/fpv4-sp/softfp\libg_nano.a(lib_a-fstatr.o)
 .ARM.attributes
                0x00000cdd       0x32 c:/users/oleh/modustoolbox_1.1/tools/gcc-7.2.1-1.0/bin/../lib/gcc/arm-none-eabi/7.2.1/../../../../arm-none-eabi/lib/thumb/v7e-m/fpv4-sp/softfp\libg_nano.a(lib_a-isattyr.o)
 .ARM.attributes