Archive member included to satisfy reference by file (symbol)

E:/Programming/Cypress/PSoC6/psoc6pdl_Cortex-M4/Debug/libpsoc6pdl_Cortex-M4.a(cy_syslib_gcc.o)
                              ./psoc6sw-1.1/components/psoc6pdl/devices/psoc6/startup/system_psoc6_cm4.o (Cy_SysLib_EnterCriticalSection)
E:/Programming/Cypress/PSoC6/psoc6pdl_Cortex-M4/Debug/libpsoc6pdl_Cortex-M4.a(cy_csd.o)
                              ./psoc6sw-1.1/components/psoc6mw/csdadc/cy_csdadc.o (Cy_CSD_DeInit)
E:/Programming/Cypress/PSoC6/psoc6pdl_Cortex-M4/Debug/libpsoc6pdl_Cortex-M4.a(cy_device.o)
                              ./psoc6sw-1.1/components/psoc6pdl/devices/psoc6/startup/system_psoc6_cm4.o (Cy_PDL_Init)
E:/Programming/Cypress/PSoC6/psoc6pdl_Cortex-M4/Debug/libpsoc6pdl_Cortex-M4.a(cy_gpio.o)
                              ./GeneratedSource/cycfg_pins.o (Cy_GPIO_Pin_Init)
E:/Programming/Cypress/PSoC6/psoc6pdl_Cortex-M4/Debug/libpsoc6pdl_Cortex-M4.a(cy_ipc_pipe.o)
                              ./psoc6sw-1.1/components/psoc6pdl/devices/psoc6/startup/system_psoc6_cm4.o (Cy_IPC_Pipe_Config)
E:/Programming/Cypress/PSoC6/psoc6pdl_Cortex-M4/Debug/libpsoc6pdl_Cortex-M4.a(cy_ipc_sema.o)
                              ./psoc6sw-1.1/components/psoc6pdl/devices/psoc6/startup/system_psoc6_cm4.o (Cy_IPC_Sema_Init)
E:/Programming/Cypress/PSoC6/psoc6pdl_Cortex-M4/Debug/libpsoc6pdl_Cortex-M4.a(cy_rtc.o)
                              ./Source/main.o (Cy_RTC_Init)
E:/Programming/Cypress/PSoC6/psoc6pdl_Cortex-M4/Debug/libpsoc6pdl_Cortex-M4.a(cy_sar.o)
                              ./Source/main.o (Cy_SAR_Init)
E:/Programming/Cypress/PSoC6/psoc6pdl_Cortex-M4/Debug/libpsoc6pdl_Cortex-M4.a(cy_scb_common.o)
                              ./Source/stdio_user.o (Cy_SCB_Write)
E:/Programming/Cypress/PSoC6/psoc6pdl_Cortex-M4/Debug/libpsoc6pdl_Cortex-M4.a(cy_scb_uart.o)
                              ./Source/main.o (Cy_SCB_UART_Init)
E:/Programming/Cypress/PSoC6/psoc6pdl_Cortex-M4/Debug/libpsoc6pdl_Cortex-M4.a(cy_sd_host.o)
                              ./Source/main.o (Cy_SD_Host_Init)
E:/Programming/Cypress/PSoC6/psoc6pdl_Cortex-M4/Debug/libpsoc6pdl_Cortex-M4.a(cy_sysanalog.o)
                              ./Source/main.o (Cy_SysAnalog_Init)
E:/Programming/Cypress/PSoC6/psoc6pdl_Cortex-M4/Debug/libpsoc6pdl_Cortex-M4.a(cy_sysclk.o)
                              ./GeneratedSource/cycfg_platform.o (Cy_SysClk_ClkPathSetSource)
E:/Programming/Cypress/PSoC6/psoc6pdl_Cortex-M4/Debug/libpsoc6pdl_Cortex-M4.a(cy_sysint.o)
                              ./Source/main.o (Cy_SysInt_Init)
E:/Programming/Cypress/PSoC6/psoc6pdl_Cortex-M4/Debug/libpsoc6pdl_Cortex-M4.a(cy_syslib.o)
                              ./Source/main.o (Cy_SysLib_Delay)
E:/Programming/Cypress/PSoC6/psoc6pdl_Cortex-M4/Debug/libpsoc6pdl_Cortex-M4.a(cy_syspm.o)
                              ./GeneratedSource/cycfg_platform.o (Cy_SysPm_LdoSetVoltage)
E:/Programming/Cypress/PSoC6/psoc6pdl_Cortex-M4/Debug/libpsoc6pdl_Cortex-M4.a(cy_ipc_drv.o)
                              E:/Programming/Cypress/PSoC6/psoc6pdl_Cortex-M4/Debug/libpsoc6pdl_Cortex-M4.a(cy_ipc_pipe.o) (Cy_IPC_Drv_LockRelease)
E:/Programming/Cypress/PSoC6/psoc6pdl_Cortex-M4/Debug/libpsoc6pdl_Cortex-M4.a(cy_prot.o)
                              E:/Programming/Cypress/PSoC6/psoc6pdl_Cortex-M4/Debug/libpsoc6pdl_Cortex-M4.a(cy_syspm.o) (Cy_Prot_GetActivePC)
c:/users/oleh/modustoolbox_1.1/tools/gcc-7.2.1-1.0/bin/../lib/gcc/arm-none-eabi/7.2.1/thumb/v7e-m/fpv4-sp/softfp\libgcc.a(_arm_addsubdf3.o)
                              ./GeneratedSource/Thermistor.o (__aeabi_dsub)
c:/users/oleh/modustoolbox_1.1/tools/gcc-7.2.1-1.0/bin/../lib/gcc/arm-none-eabi/7.2.1/thumb/v7e-m/fpv4-sp/softfp\libgcc.a(_arm_muldivdf3.o)
                              ./Source/main.o (__aeabi_dmul)
c:/users/oleh/modustoolbox_1.1/tools/gcc-7.2.1-1.0/bin/../lib/gcc/arm-none-eabi/7.2.1/thumb/v7e-m/fpv4-sp/softfp\libgcc.a(_arm_truncdfsf2.o)
                              ./GeneratedSource/Thermistor.o (__aeabi_d2f)
c:/users/oleh/modustoolbox_1.1/tools/gcc-7.2.1-1.0/bin/../lib/gcc/arm-none-eabi/7.2.1/thumb/v7e-m/fpv4-sp/softfp\libgcc.a(_aeabi_ldivmod.o)
                              E:/Programming/Cypress/PSoC6/psoc6pdl_Cortex-M4/Debug/libpsoc6pdl_Cortex-M4.a(cy_sar.o) (__aeabi_ldivmod)
c:/users/oleh/modustoolbox_1.1/tools/gcc-7.2.1-1.0/bin/../lib/gcc/arm-none-eabi/7.2.1/thumb/v7e-m/fpv4-sp/softfp\libgcc.a(_aeabi_uldivmod.o)
                              E:/Programming/Cypress/PSoC6/psoc6pdl_Cortex-M4/Debug/libpsoc6pdl_Cortex-M4.a(cy_sysclk.o) (__aeabi_uldivmod)
c:/users/oleh/modustoolbox_1.1/tools/gcc-7.2.1-1.0/bin/../lib/gcc/arm-none-eabi/7.2.1/thumb/v7e-m/fpv4-sp/softfp\libgcc.a(_udivmoddi4.o)
                              c:/users/oleh/modustoolbox_1.1/tools/gcc-7.2.1-1.0/bin/../lib/gcc/arm-none-eabi/7.2.1/thumb/v7e-m/fpv4-sp/softfp\libgcc.a(_aeabi_ldivmod.o) (__udivmoddi4)
[...]
Memory Configuration

Name             Origin             Length             Attributes
ram              0x08002000         0x000fd800         xrw
flash            0x10002000         0x001fe000         xr
em_eeprom        0x14000000         0x00008000         xr
sflash_user_data 0x16000800         0x00000800         xr
sflash_nar       0x16001a00         0x00000200         xr
sflash_public_key 0x16005a00         0x00000c00         xr
sflash_toc_2     0x16007c00         0x00000200         xr
sflash_rtoc_2    0x16007e00         0x00000200         xr
xip              0x18000000         0x08000000         xr
efuse            0x90700000         0x00100000         r
*default*        0x00000000         0xffffffff

Linker script and memory map

LOAD c:/users/oleh/modustoolbox_1.1/tools/gcc-7.2.1-1.0/bin/../lib/gcc/arm-none-eabi/7.2.1/thumb/v7e-m/fpv4-sp/softfp/crti.o
LOAD c:/users/oleh/modustoolbox_1.1/tools/gcc-7.2.1-1.0/bin/../lib/gcc/arm-none-eabi/7.2.1/thumb/v7e-m/fpv4-sp/softfp/crtbegin.o
LOAD c:/users/oleh/modustoolbox_1.1/tools/gcc-7.2.1-1.0/bin/../lib/gcc/arm-none-eabi/7.2.1/../../../../arm-none-eabi/lib/thumb/v7e-m/fpv4-sp/softfp/crt0.o
START GROUP
LOAD ./psoc6sw-1.1/components/psoc6pdl/utilities/retarget_io/retarget.o
LOAD ./psoc6sw-1.1/components/psoc6pdl/devices/psoc6/startup/gcc/startup_psoc6_02_cm4.o
LOAD ./psoc6sw-1.1/components/psoc6pdl/devices/psoc6/startup/system_psoc6_cm4.o
LOAD ./psoc6sw-1.1/components/psoc6mw/csdadc/cy_csdadc.o
LOAD ./Source/main.o
LOAD ./Source/stdio_user.o
LOAD ./GeneratedSource/Thermistor.o
LOAD ./GeneratedSource/cycfg.o
LOAD ./GeneratedSource/cycfg_clocks.o
LOAD ./GeneratedSource/cycfg_peripherals.o
LOAD ./GeneratedSource/cycfg_pins.o
LOAD ./GeneratedSource/cycfg_platform.o
LOAD ./GeneratedSource/cycfg_routing.o
LOAD E:/Programming/Cypress/PSoC6/psoc6pdl_Cortex-M4/Debug/libpsoc6pdl_Cortex-M4.a
END GROUP
START GROUP
LOAD c:/users/oleh/modustoolbox_1.1/tools/gcc-7.2.1-1.0/bin/../lib/gcc/arm-none-eabi/7.2.1/thumb/v7e-m/fpv4-sp/softfp\libgcc.a
LOAD c:/users/oleh/modustoolbox_1.1/tools/gcc-7.2.1-1.0/bin/../lib/gcc/arm-none-eabi/7.2.1/../../../../arm-none-eabi/lib/thumb/v7e-m/fpv4-sp/softfp\libg_nano.a
LOAD c:/users/oleh/modustoolbox_1.1/tools/gcc-7.2.1-1.0/bin/../lib/gcc/arm-none-eabi/7.2.1/../../../../arm-none-eabi/lib/thumb/v7e-m/fpv4-sp/softfp\libc_nano.a
END GROUP
START GROUP
LOAD c:/users/oleh/modustoolbox_1.1/tools/gcc-7.2.1-1.0/bin/../lib/gcc/arm-none-eabi/7.2.1/thumb/v7e-m/fpv4-sp/softfp\libgcc.a
LOAD c:/users/oleh/modustoolbox_1.1/tools/gcc-7.2.1-1.0/bin/../lib/gcc/arm-none-eabi/7.2.1/../../../../arm-none-eabi/lib/thumb/v7e-m/fpv4-sp/softfp\libc_nano.a
END GROUP
LOAD c:/users/oleh/modustoolbox_1.1/tools/gcc-7.2.1-1.0/bin/../lib/gcc/arm-none-eabi/7.2.1/thumb/v7e-m/fpv4-sp/softfp/crtend.o
LOAD c:/users/oleh/modustoolbox_1.1/tools/gcc-7.2.1-1.0/bin/../lib/gcc/arm-none-eabi/7.2.1/thumb/v7e-m/fpv4-sp/softfp/crtn.o
START GROUP
LOAD c:/users/oleh/modustoolbox_1.1/tools/gcc-7.2.1-1.0/bin/../lib/gcc/arm-none-eabi/7.2.1/thumb/v7e-m/fpv4-sp/softfp\libgcc.a
LOAD c:/users/oleh/modustoolbox_1.1/tools/gcc-7.2.1-1.0/bin/../lib/gcc/arm-none-eabi/7.2.1/../../../../arm-none-eabi/lib/thumb/v7e-m/fpv4-sp/softfp\libc.a
LOAD c:/users/oleh/modustoolbox_1.1/tools/gcc-7.2.1-1.0/bin/../lib/gcc/arm-none-eabi/7.2.1/../../../../arm-none-eabi/lib/thumb/v7e-m/fpv4-sp/softfp\libnosys.a
END GROUP
START GROUP
LOAD c:/users/oleh/modustoolbox_1.1/tools/gcc-7.2.1-1.0/bin/../lib/gcc/arm-none-eabi/7.2.1/thumb/v7e-m/fpv4-sp/softfp\libgcc.a
LOAD c:/users/oleh/modustoolbox_1.1/tools/gcc-7.2.1-1.0/bin/../lib/gcc/arm-none-eabi/7.2.1/../../../../arm-none-eabi/lib/thumb/v7e-m/fpv4-sp/softfp\libc.a
LOAD c:/users/oleh/modustoolbox_1.1/tools/gcc-7.2.1-1.0/bin/../lib/gcc/arm-none-eabi/7.2.1/../../../../arm-none-eabi/lib/thumb/v7e-m/fpv4-sp/softfp\libm.a
LOAD c:/users/oleh/modustoolbox_1.1/tools/gcc-7.2.1-1.0/bin/../lib/gcc/arm-none-eabi/7.2.1/../../../../arm-none-eabi/lib/thumb/v7e-m/fpv4-sp/softfp\libnosys.a
END GROUP

.text           0x10002000     0xab4c
                0x10002000                . = ALIGN (0x4)
                0x10002000                __Vectors = .
 *(.vectors)
 .vectors       0x10002000      0x2e0 ./psoc6sw-1.1/components/psoc6pdl/devices/psoc6/startup/gcc/startup_psoc6_02_cm4.o
                0x100022e0                . = ALIGN (0x4)
                0x100022e0                __Vectors_End = .
                0x000002e0                __Vectors_Size = (__Vectors_End - __Vectors)
                0x100022e0                __end__ = .
                0x100022e0                . = ALIGN (0x4)
 *(.text*)
 .text          0x100022e0       0x40 c:/users/oleh/modustoolbox_1.1/tools/gcc-7.2.1-1.0/bin/../lib/gcc/arm-none-eabi/7.2.1/thumb/v7e-m/fpv4-sp/softfp/crtbegin.o
 .text._write   0x10002320       0x22 ./psoc6sw-1.1/components/psoc6pdl/utilities/retarget_io/retarget.o
                0x10002320                _write
 .text._read    0x10002342       0x2a ./psoc6sw-1.1/components/psoc6pdl/utilities/retarget_io/retarget.o
                0x10002342                _read
 .text          0x1000236c       0x84 ./psoc6sw-1.1/components/psoc6pdl/devices/psoc6/startup/gcc/startup_psoc6_02_cm4.o
                0x1000236c                Cy_OnResetUser
                0x1000236e                Reset_Handler
                0x100023d0                cpuss_interrupts_dw0_5_IRQHandler
                0x100023d0                cpuss_interrupts_dw1_28_IRQHandler
                0x100023d0                cpuss_interrupts_ipc_6_IRQHandler
                0x100023d0                DebugMon_Handler
                0x100023d0                tcpwm_1_interrupts_11_IRQHandler
                0x100023d0                cpuss_interrupts_dw1_24_IRQHandler
                0x100023d0                cpuss_interrupts_ipc_0_IRQHandler
                0x100023d0                tcpwm_1_interrupts_15_IRQHandler
                0x100023d0                cpuss_interrupts_dw0_23_IRQHandler
                0x100023d0                cpuss_interrupts_dw1_18_IRQHandler
                0x100023d0                cpuss_interrupts_dw1_21_IRQHandler
                0x100023d0                tcpwm_1_interrupts_13_IRQHandler
                0x100023d0                cpuss_interrupts_dw1_8_IRQHandler
                0x100023d0                tcpwm_0_interrupts_0_IRQHandler
                0x100023d0                SysTick_Handler
                0x100023d0                cpuss_interrupt_fm_IRQHandler
                0x100023d0                lpcomp_interrupt_IRQHandler
                0x100023d0                tcpwm_1_interrupts_14_IRQHandler
                0x100023d0                cpuss_interrupts_dmac_0_IRQHandler
                0x100023d0                cpuss_interrupts_dw0_11_IRQHandler
                0x100023d0                tcpwm_1_interrupts_9_IRQHandler
                0x100023d0                cpuss_interrupts_cm0_cti_1_IRQHandler
                0x100023d0                tcpwm_1_interrupts_22_IRQHandler
                0x100023d0                cpuss_interrupts_dw0_4_IRQHandler
                0x100023d0                PendSV_Handler
                0x100023d0                NMI_Handler
                0x100023d0                scb_10_interrupt_IRQHandler
                0x100023d0                cpuss_interrupts_dw1_12_IRQHandler
                0x100023d0                tcpwm_1_interrupts_12_IRQHandler
                0x100023d0                smif_interrupt_IRQHandler
                0x100023d0                tcpwm_1_interrupts_2_IRQHandler
                0x100023d0                cpuss_interrupts_ipc_13_IRQHandler
                0x100023d0                tcpwm_1_interrupts_18_IRQHandler
                0x100023d0                cpuss_interrupts_ipc_7_IRQHandler
                0x100023d0                tcpwm_0_interrupts_2_IRQHandler
                0x100023d0                cpuss_interrupts_dw0_13_IRQHandler
                0x100023d0                cpuss_interrupts_dw1_7_IRQHandler
                0x100023d0                ioss_interrupts_gpio_1_IRQHandler
                0x100023d0                ioss_interrupts_gpio_7_IRQHandler
                0x100023d0                cpuss_interrupts_dw0_24_IRQHandler
                0x100023d0                scb_5_interrupt_IRQHandler
                0x100023d0                cpuss_interrupts_fault_1_IRQHandler
                0x100023d0                cpuss_interrupts_ipc_4_IRQHandler
                0x100023d0                cpuss_interrupts_ipc_5_IRQHandler
                0x100023d0                cpuss_interrupts_dw0_19_IRQHandler
                0x100023d0                cpuss_interrupts_dw1_10_IRQHandler
                0x100023d0                audioss_0_interrupt_i2s_IRQHandler
                0x100023d0                tcpwm_1_interrupts_6_IRQHandler
                0x100023d0                scb_4_interrupt_IRQHandler
                0x100023d0                ioss_interrupts_gpio_2_IRQHandler
                0x100023d0                cpuss_interrupts_dw0_27_IRQHandler
                0x100023d0                cpuss_interrupts_dw1_9_IRQHandler
                0x100023d0                cpuss_interrupts_dw1_13_IRQHandler
                0x100023d0                scb_2_interrupt_IRQHandler
                0x100023d0                cpuss_interrupts_dw1_20_IRQHandler
                0x100023d0                ioss_interrupts_gpio_13_IRQHandler
                0x100023d0                cpuss_interrupts_dmac_3_IRQHandler
                0x100023d0                cpuss_interrupts_cm4_fp_IRQHandler
                0x100023d0                srss_interrupt_IRQHandler
                0x100023d0                scb_0_interrupt_IRQHandler
                0x100023d0                csd_interrupt_IRQHandler
                0x100023d0                cpuss_interrupts_dw0_18_IRQHandler
                0x100023d0                profile_interrupt_IRQHandler
                0x100023d0                tcpwm_1_interrupts_1_IRQHandler
                0x100023d0                scb_12_interrupt_IRQHandler
                0x100023d0                audioss_0_interrupt_pdm_IRQHandler
                0x100023d0                cpuss_interrupts_dw1_25_IRQHandler
                0x100023d0                sdhc_0_interrupt_wakeup_IRQHandler
                0x100023d0                cpuss_interrupts_ipc_12_IRQHandler
                0x100023d0                tcpwm_1_interrupts_3_IRQHandler
                0x100023d0                tcpwm_0_interrupts_7_IRQHandler
                0x100023d0                cpuss_interrupts_dw1_1_IRQHandler
                0x100023d0                cpuss_interrupts_dw1_0_IRQHandler
                0x100023d0                cpuss_interrupts_dw0_9_IRQHandler
                0x100023d0                scb_11_interrupt_IRQHandler
                0x100023d0                tcpwm_1_interrupts_23_IRQHandler
                0x100023d0                tcpwm_1_interrupts_20_IRQHandler
                0x100023d0                ioss_interrupt_gpio_IRQHandler
                0x100023d0                tcpwm_0_interrupts_1_IRQHandler
                0x100023d0                sdhc_0_interrupt_general_IRQHandler
                0x100023d0                ioss_interrupts_gpio_8_IRQHandler
                0x100023d0                tcpwm_0_interrupts_6_IRQHandler
                0x100023d0                scb_7_interrupt_IRQHandler
                0x100023d0                tcpwm_1_interrupts_7_IRQHandler
                0x100023d0                cpuss_interrupts_ipc_11_IRQHandler
                0x100023d0                cpuss_interrupts_dw0_15_IRQHandler
                0x100023d0                cpuss_interrupts_dw1_6_IRQHandler
                0x100023d0                cpuss_interrupt_crypto_IRQHandler
                0x100023d0                scb_1_interrupt_IRQHandler
                0x100023d0                Default_Handler
                0x100023d0                usb_interrupt_hi_IRQHandler
                0x100023d0                tcpwm_1_interrupts_0_IRQHandler
                0x100023d0                scb_9_interrupt_IRQHandler
                0x100023d0                srss_interrupt_mcwdt_0_IRQHandler
                0x100023d0                cpuss_interrupts_dmac_1_IRQHandler
                0x100023d0                scb_3_interrupt_IRQHandler
                0x100023d0                cpuss_interrupts_dw0_16_IRQHandler
                0x100023d0                ioss_interrupts_gpio_3_IRQHandler
                0x100023d0                scb_6_interrupt_IRQHandler
                0x100023d0                cpuss_interrupts_cm4_cti_0_IRQHandler
                0x100023d0                cpuss_interrupts_dw1_26_IRQHandler
                0x100023d0                cpuss_interrupts_dw1_3_IRQHandler
                0x100023d0                pass_interrupt_sar_IRQHandler
                0x100023d0                ioss_interrupts_gpio_0_IRQHandler
                0x100023d0                cpuss_interrupts_dw1_17_IRQHandler
                0x100023d0                sdhc_1_interrupt_general_IRQHandler
                0x100023d0                ioss_interrupts_gpio_14_IRQHandler
                0x100023d0                tcpwm_0_interrupts_4_IRQHandler
                0x100023d0                tcpwm_0_interrupts_5_IRQHandler
                0x100023d0                cpuss_interrupts_dw1_16_IRQHandler
                0x100023d0                cpuss_interrupts_ipc_15_IRQHandler
                0x100023d0                cpuss_interrupts_cm4_cti_1_IRQHandler
                0x100023d0                scb_8_interrupt_IRQHandler
                0x100023d0                srss_interrupt_mcwdt_1_IRQHandler
                0x100023d0                cpuss_interrupts_cm0_cti_0_IRQHandler
                0x100023d0                SVC_Handler
                0x100023d0                cpuss_interrupts_dw1_27_IRQHandler
                0x100023d0                cpuss_interrupts_dw0_20_IRQHandler
                0x100023d0                cpuss_interrupts_dw1_5_IRQHandler
                0x100023d0                audioss_1_interrupt_i2s_IRQHandler
                0x100023d0                cpuss_interrupts_ipc_1_IRQHandler
                0x100023d0                cpuss_interrupts_dw0_0_IRQHandler
                0x100023d0                ioss_interrupts_gpio_12_IRQHandler
                0x100023d0                cpuss_interrupts_dw0_17_IRQHandler
                0x100023d0                cpuss_interrupts_ipc_3_IRQHandler
                0x100023d0                cpuss_interrupts_dw1_22_IRQHandler
                0x100023d0                cpuss_interrupts_dw1_23_IRQHandler
                0x100023d0                tcpwm_1_interrupts_17_IRQHandler
                0x100023d0                srss_interrupt_backup_IRQHandler
                0x100023d0                cpuss_interrupts_dw0_26_IRQHandler
                0x100023d0                cpuss_interrupts_ipc_10_IRQHandler
                0x100023d0                cpuss_interrupts_ipc_9_IRQHandler
                0x100023d0                cpuss_interrupts_dw0_14_IRQHandler
                0x100023d0                tcpwm_1_interrupts_4_IRQHandler
                0x100023d0                tcpwm_0_interrupts_3_IRQHandler
                0x100023d0                cpuss_interrupts_dw1_15_IRQHandler
                0x100023d0                ioss_interrupts_gpio_10_IRQHandler
                0x100023d0                cpuss_interrupts_dw0_8_IRQHandler
                0x100023d0                cpuss_interrupts_dmac_2_IRQHandler
                0x100023d0                ioss_interrupts_gpio_11_IRQHandler
                0x100023d0                cpuss_interrupts_ipc_14_IRQHandler
                0x100023d0                ioss_interrupts_gpio_5_IRQHandler
                0x100023d0                ioss_interrupts_gpio_4_IRQHandler
                0x100023d0                tcpwm_1_interrupts_8_IRQHandler
                0x100023d0                cpuss_interrupts_dw1_14_IRQHandler
                0x100023d0                cpuss_interrupts_dw0_22_IRQHandler
                0x100023d0                usb_interrupt_med_IRQHandler
                0x100023d0                cpuss_interrupts_dw0_2_IRQHandler
                0x100023d0                tcpwm_1_interrupts_10_IRQHandler
                0x100023d0                cpuss_interrupts_dw0_28_IRQHandler
                0x100023d0                cpuss_interrupts_fault_0_IRQHandler
                0x100023d0                cpuss_interrupts_dw0_12_IRQHandler
                0x100023d0                ioss_interrupts_gpio_6_IRQHandler
                0x100023d0                tcpwm_1_interrupts_21_IRQHandler
                0x100023d0                tcpwm_1_interrupts_16_IRQHandler
                0x100023d0                cpuss_interrupts_dw1_4_IRQHandler
                0x100023d0                cpuss_interrupts_dw1_11_IRQHandler
                0x100023d0                cpuss_interrupts_dw0_6_IRQHandler
                0x100023d0                cpuss_interrupts_dw0_25_IRQHandler
                0x100023d0                ioss_interrupt_vdd_IRQHandler
                0x100023d0                cpuss_interrupts_dw1_2_IRQHandler
                0x100023d0                tcpwm_1_interrupts_5_IRQHandler
                0x100023d0                cpuss_interrupts_ipc_2_IRQHandler
                0x100023d0                cpuss_interrupts_dw0_10_IRQHandler
                0x100023d0                cpuss_interrupts_dw1_19_IRQHandler
                0x100023d0                tcpwm_1_interrupts_19_IRQHandler
                0x100023d0                cpuss_interrupts_dw0_1_IRQHandler
                0x100023d0                ioss_interrupts_gpio_9_IRQHandler
                0x100023d0                sdhc_1_interrupt_wakeup_IRQHandler
                0x100023d0                usb_interrupt_lo_IRQHandler
                0x100023d0                cpuss_interrupts_ipc_8_IRQHandler
                0x100023d0                cpuss_interrupts_dw0_21_IRQHandler
                0x100023d0                cpuss_interrupts_dw0_7_IRQHandler
                0x100023d0                cpuss_interrupts_dw0_3_IRQHandler
                0x100023d4                UsageFault_Handler
                0x100023d4                HardFault_Handler
                0x100023d4                MemManage_Handler
                0x100023d4                BusFault_Handler
 .text.Cy_SysIpcPipeIsrCm4
                0x100023f0        0xa ./psoc6sw-1.1/components/psoc6pdl/devices/psoc6/startup/system_psoc6_cm4.o
                0x100023f0                Cy_SysIpcPipeIsrCm4
 .text.Cy_SystemInit
                0x100023fa        0x2 ./psoc6sw-1.1/components/psoc6pdl/devices/psoc6/startup/system_psoc6_cm4.o
                0x100023fa                Cy_SystemInit
 .text.SystemCoreClockUpdate
                0x100023fc      0x1b8 ./psoc6sw-1.1/components/psoc6pdl/devices/psoc6/startup/system_psoc6_cm4.o
                0x100023fc                SystemCoreClockUpdate
 .text.SystemInit
                0x100025b4       0x44 ./psoc6sw-1.1/components/psoc6pdl/devices/psoc6/startup/system_psoc6_cm4.o
                0x100025b4                SystemInit
 .text.Cy_SystemInitFpuEnable
                0x100025f8       0x28 ./psoc6sw-1.1/components/psoc6pdl/devices/psoc6/startup/system_psoc6_cm4.o
                0x100025f8                Cy_SystemInitFpuEnable
 .text.Isr_switch
                0x10002620       0x34 ./Source/main.o
                0x10002620                Isr_switch
 .text.SD_Host_User_Isr
                0x10002654       0x30 ./Source/main.o
                0x10002654                SD_Host_User_Isr
 .text.Cy_SD_Host_IsCardConnected
                0x10002684        0x4 ./Source/main.o
                0x10002684                Cy_SD_Host_IsCardConnected
 .text.ThermistorInfo
                0x10002688       0xec ./Source/main.o
                0x10002688                ThermistorInfo
 .text.SDHCRW   0x10002774       0xe8 ./Source/main.o
                0x10002774                SDHCRW
 .text.PrintDateAndTime
                0x1000285c       0xac ./Source/main.o
                0x1000285c                PrintDateAndTime
 .text.main     0x10002908       0xb8 ./Source/main.o
                0x10002908                main
 .text.STDIO_PutChar
                0x100029c0       0x18 ./Source/stdio_user.o
                0x100029c0                STDIO_PutChar
 .text.STDIO_GetChar
                0x100029d8       0x1c ./Source/stdio_user.o
                0x100029d8                STDIO_GetChar
 .text.Thermistor_GetResistance
                0x100029f4       0x24 ./GeneratedSource/Thermistor.o
                0x100029f4                Thermistor_GetResistance
 .text.Thermistor_GetTemperature
                0x10002a18       0xc8 ./GeneratedSource/Thermistor.o
                0x10002a18                Thermistor_GetTemperature
 .text.init_cycfg_all
                0x10002ae0       0x18 ./GeneratedSource/cycfg.o
                0x10002ae0                init_cycfg_all
 .text.init_cycfg_clocks
                0x10002af8       0xa4 ./GeneratedSource/cycfg_clocks.o
                0x10002af8                init_cycfg_clocks
 .text.init_cycfg_peripherals
                0x10002b9c       0x30 ./GeneratedSource/cycfg_peripherals.o
                0x10002b9c                init_cycfg_peripherals
 .text.init_cycfg_pins
                0x10002bcc      0x15c ./GeneratedSource/cycfg_pins.o
                0x10002bcc                init_cycfg_pins
 .text.cycfg_ClockStartupError
                0x10002d28        0x2 ./GeneratedSource/cycfg_platform.o
                0x10002d28                cycfg_ClockStartupError
 *fill*         0x10002d2a        0x2 
 .text.init_cycfg_platform
                0x10002d2c      0x3dc ./GeneratedSource/cycfg_platform.o
                0x10002d2c                init_cycfg_platform
 .text.init_cycfg_routing
                0x10003108       0x10 ./GeneratedSource/cycfg_routing.o
                0x10003108                init_cycfg_routing
 .text          0x10003118       0x20 E:/Programming/Cypress/PSoC6/psoc6pdl_Cortex-M4/Debug/libpsoc6pdl_Cortex-M4.a(cy_syslib_gcc.o)
                0x10003118                Cy_SysLib_DelayCycles
                0x1000312a                Cy_SysLib_EnterCriticalSection
                0x10003132                Cy_SysLib_ExitCriticalSection
 .text.Cy_PDL_Init
                0x10003138        0xc E:/Programming/Cypress/PSoC6/psoc6pdl_Cortex-M4/Debug/libpsoc6pdl_Cortex-M4.a(cy_device.o)
                0x10003138                Cy_PDL_Init
 .text.Cy_GPIO_Pin_Init
                0x10003144      0x360 E:/Programming/Cypress/PSoC6/psoc6pdl_Cortex-M4/Debug/libpsoc6pdl_Cortex-M4.a(cy_gpio.o)
                0x10003144                Cy_GPIO_Pin_Init
 .text.Cy_GPIO_Pin_FastInit
                0x100034a4       0xfc E:/Programming/Cypress/PSoC6/psoc6pdl_Cortex-M4/Debug/libpsoc6pdl_Cortex-M4.a(cy_gpio.o)
                0x100034a4                Cy_GPIO_Pin_FastInit
 .text.Cy_IPC_Pipe_Config
                0x100035a0       0x14 E:/Programming/Cypress/PSoC6/psoc6pdl_Cortex-M4/Debug/libpsoc6pdl_Cortex-M4.a(cy_ipc_pipe.o)
                0x100035a0                Cy_IPC_Pipe_Config
 .text.Cy_IPC_Pipe_EndpointInit
                0x100035b4       0xdc E:/Programming/Cypress/PSoC6/psoc6pdl_Cortex-M4/Debug/libpsoc6pdl_Cortex-M4.a(cy_ipc_pipe.o)
                0x100035b4                Cy_IPC_Pipe_EndpointInit
 .text.Cy_IPC_Pipe_Init
                0x10003690       0xc0 E:/Programming/Cypress/PSoC6/psoc6pdl_Cortex-M4/Debug/libpsoc6pdl_Cortex-M4.a(cy_ipc_pipe.o)
                0x10003690                Cy_IPC_Pipe_Init
 .text.Cy_IPC_Pipe_ExecCallback
                0x10003750       0xcc E:/Programming/Cypress/PSoC6/psoc6pdl_Cortex-M4/Debug/libpsoc6pdl_Cortex-M4.a(cy_ipc_pipe.o)
                0x10003750                Cy_IPC_Pipe_ExecCallback
 .text.Cy_IPC_Pipe_ExecuteCallback
                0x1000381c       0x30 E:/Programming/Cypress/PSoC6/psoc6pdl_Cortex-M4/Debug/libpsoc6pdl_Cortex-M4.a(cy_ipc_pipe.o)
                0x1000381c                Cy_IPC_Pipe_ExecuteCallback
 .text.Cy_IPC_Sema_InitExt
                0x1000384c       0xac E:/Programming/Cypress/PSoC6/psoc6pdl_Cortex-M4/Debug/libpsoc6pdl_Cortex-M4.a(cy_ipc_sema.o)
                0x1000384c                Cy_IPC_Sema_InitExt
 .text.Cy_IPC_Sema_Init
                0x100038f8       0x6c E:/Programming/Cypress/PSoC6/psoc6pdl_Cortex-M4/Debug/libpsoc6pdl_Cortex-M4.a(cy_ipc_sema.o)
                0x100038f8                Cy_IPC_Sema_Init
 .text.ConstructTimeDate
                0x10003964      0x18c E:/Programming/Cypress/PSoC6/psoc6pdl_Cortex-M4/Debug/libpsoc6pdl_Cortex-M4.a(cy_rtc.o)
 .text.Cy_RTC_SetDateAndTime
                0x10003af0      0x184 E:/Programming/Cypress/PSoC6/psoc6pdl_Cortex-M4/Debug/libpsoc6pdl_Cortex-M4.a(cy_rtc.o)
                0x10003af0                Cy_RTC_SetDateAndTime
 .text.Cy_RTC_Init
                0x10003c74        0x8 E:/Programming/Cypress/PSoC6/psoc6pdl_Cortex-M4/Debug/libpsoc6pdl_Cortex-M4.a(cy_rtc.o)
                0x10003c74                Cy_RTC_Init
 .text.Cy_RTC_GetDateAndTime
                0x10003c7c       0xf8 E:/Programming/Cypress/PSoC6/psoc6pdl_Cortex-M4/Debug/libpsoc6pdl_Cortex-M4.a(cy_rtc.o)
                0x10003c7c                Cy_RTC_GetDateAndTime
 .text.Cy_SAR_Init
                0x10003d74      0x220 E:/Programming/Cypress/PSoC6/psoc6pdl_Cortex-M4/Debug/libpsoc6pdl_Cortex-M4.a(cy_sar.o)
                0x10003d74                Cy_SAR_Init
 .text.Cy_SAR_Enable
                0x10003f94       0x20 E:/Programming/Cypress/PSoC6/psoc6pdl_Cortex-M4/Debug/libpsoc6pdl_Cortex-M4.a(cy_sar.o)
                0x10003f94                Cy_SAR_Enable
 .text.Cy_SAR_StartConvert
                0x10003fb4       0x30 E:/Programming/Cypress/PSoC6/psoc6pdl_Cortex-M4/Debug/libpsoc6pdl_Cortex-M4.a(cy_sar.o)
                0x10003fb4                Cy_SAR_StartConvert
 .text.Cy_SAR_GetResult16
                0x10003fe4       0x30 E:/Programming/Cypress/PSoC6/psoc6pdl_Cortex-M4/Debug/libpsoc6pdl_Cortex-M4.a(cy_sar.o)
                0x10003fe4                Cy_SAR_GetResult16
 .text.Cy_SCB_Write
                0x10004014       0x26 E:/Programming/Cypress/PSoC6/psoc6pdl_Cortex-M4/Debug/libpsoc6pdl_Cortex-M4.a(cy_scb_common.o)
                0x10004014                Cy_SCB_Write
 *fill*         0x1000403a        0x2 
 .text.Cy_SCB_UART_Init
                0x1000403c      0x3a4 E:/Programming/Cypress/PSoC6/psoc6pdl_Cortex-M4/Debug/libpsoc6pdl_Cortex-M4.a(cy_scb_uart.o)
                0x1000403c                Cy_SCB_UART_Init
 .text.Cy_SD_Host_NormalReset
                0x100043e0       0x12 E:/Programming/Cypress/PSoC6/psoc6pdl_Cortex-M4/Debug/libpsoc6pdl_Cortex-M4.a(cy_sd_host.o)
 *fill*         0x100043f2        0x2 
 .text.Cy_SD_Host_CmdRxData
                0x100043f4       0xf4 E:/Programming/Cypress/PSoC6/psoc6pdl_Cortex-M4/Debug/libpsoc6pdl_Cortex-M4.a(cy_sd_host.o)
 .text.Cy_SD_Host_SendCommand
                0x100044e8       0xe8 E:/Programming/Cypress/PSoC6/psoc6pdl_Cortex-M4/Debug/libpsoc6pdl_Cortex-M4.a(cy_sd_host.o)
                0x100044e8                Cy_SD_Host_SendCommand
 .text.Cy_SD_Host_OpsGoIdle
                0x100045d0       0x68 E:/Programming/Cypress/PSoC6/psoc6pdl_Cortex-M4/Debug/libpsoc6pdl_Cortex-M4.a(cy_sd_host.o)
 .text.Cy_SD_Host_OpsSendAppCmd
                0x10004638       0x70 E:/Programming/Cypress/PSoC6/psoc6pdl_Cortex-M4/Debug/libpsoc6pdl_Cortex-M4.a(cy_sd_host.o)
 .text.Cy_SD_Host_OpsSelectCard
                0x100046a8       0x94 E:/Programming/Cypress/PSoC6/psoc6pdl_Cortex-M4/Debug/libpsoc6pdl_Cortex-M4.a(cy_sd_host.o)
 .text.Cy_SD_Host_OpsSwitchFunc
                0x1000473c       0x6c E:/Programming/Cypress/PSoC6/psoc6pdl_Cortex-M4/Debug/libpsoc6pdl_Cortex-M4.a(cy_sd_host.o)
 .text.Cy_SD_Host_OpsSendIoRwDirectCmd
                0x100047a8       0x94 E:/Programming/Cypress/PSoC6/psoc6pdl_Cortex-M4/Debug/libpsoc6pdl_Cortex-M4.a(cy_sd_host.o)
 .text.Cy_SD_Host_Init
                0x1000483c       0xf4 E:/Programming/Cypress/PSoC6/psoc6pdl_Cortex-M4/Debug/libpsoc6pdl_Cortex-M4.a(cy_sd_host.o)
                0x1000483c                Cy_SD_Host_Init
 .text.Cy_SD_Host_Enable
                0x10004930       0x3e E:/Programming/Cypress/PSoC6/psoc6pdl_Cortex-M4/Debug/libpsoc6pdl_Cortex-M4.a(cy_sd_host.o)
                0x10004930                Cy_SD_Host_Enable
 *fill*         0x1000496e        0x2 
 .text.Cy_SD_Host_SetSdClkDiv
                0x10004970       0x34 E:/Programming/Cypress/PSoC6/psoc6pdl_Cortex-M4/Debug/libpsoc6pdl_Cortex-M4.a(cy_sd_host.o)
                0x10004970                Cy_SD_Host_SetSdClkDiv
 .text.Cy_SD_Host_SdCardChangeClock
                0x100049a4       0x6c E:/Programming/Cypress/PSoC6/psoc6pdl_Cortex-M4/Debug/libpsoc6pdl_Cortex-M4.a(cy_sd_host.o)
 .text.Cy_SD_Host_SetHostBusWidth
                0x10004a10       0x40 E:/Programming/Cypress/PSoC6/psoc6pdl_Cortex-M4/Debug/libpsoc6pdl_Cortex-M4.a(cy_sd_host.o)
                0x10004a10                Cy_SD_Host_SetHostBusWidth
 .text.Cy_SD_Host_SetBusWidth
                0x10004a50      0x11c E:/Programming/Cypress/PSoC6/psoc6pdl_Cortex-M4/Debug/libpsoc6pdl_Cortex-M4.a(cy_sd_host.o)
                0x10004a50                Cy_SD_Host_SetBusWidth
 .text.Cy_SD_Host_SetHostSpeedMode
                0x10004b6c       0x68 E:/Programming/Cypress/PSoC6/psoc6pdl_Cortex-M4/Debug/libpsoc6pdl_Cortex-M4.a(cy_sd_host.o)
                0x10004b6c                Cy_SD_Host_SetHostSpeedMode
 .text.Cy_SD_Host_EnableCardVoltage
                0x10004bd4       0x12 E:/Programming/Cypress/PSoC6/psoc6pdl_Cortex-M4/Debug/libpsoc6pdl_Cortex-M4.a(cy_sd_host.o)
                0x10004bd4                Cy_SD_Host_EnableCardVoltage
 .text.Cy_SD_Host_DisableCardVoltage
                0x10004be6        0xe E:/Programming/Cypress/PSoC6/psoc6pdl_Cortex-M4/Debug/libpsoc6pdl_Cortex-M4.a(cy_sd_host.o)
                0x10004be6                Cy_SD_Host_DisableCardVoltage
 .text.Cy_SD_Host_GetResponse
                0x10004bf4       0x3c E:/Programming/Cypress/PSoC6/psoc6pdl_Cortex-M4/Debug/libpsoc6pdl_Cortex-M4.a(cy_sd_host.o)
                0x10004bf4                Cy_SD_Host_GetResponse
 .text.Cy_SD_Host_OpsSdioSendOpCond
                0x10004c30       0x7c E:/Programming/Cypress/PSoC6/psoc6pdl_Cortex-M4/Debug/libpsoc6pdl_Cortex-M4.a(cy_sd_host.o)
 .text.Cy_SD_Host_OpsSdSendOpCond
                0x10004cac       0xa4 E:/Programming/Cypress/PSoC6/psoc6pdl_Cortex-M4/Debug/libpsoc6pdl_Cortex-M4.a(cy_sd_host.o)
 .text.Cy_SD_Host_GetCid
                0x10004d50       0xa4 E:/Programming/Cypress/PSoC6/psoc6pdl_Cortex-M4/Debug/libpsoc6pdl_Cortex-M4.a(cy_sd_host.o)
                0x10004d50                Cy_SD_Host_GetCid
 .text.Cy_SD_Host_GetCsd
                0x10004df4      0x118 E:/Programming/Cypress/PSoC6/psoc6pdl_Cortex-M4/Debug/libpsoc6pdl_Cortex-M4.a(cy_sd_host.o)
                0x10004df4                Cy_SD_Host_GetCsd
 .text.Cy_SD_Host_GetRca
                0x10004f0c       0x6e E:/Programming/Cypress/PSoC6/psoc6pdl_Cortex-M4/Debug/libpsoc6pdl_Cortex-M4.a(cy_sd_host.o)
                0x10004f0c                Cy_SD_Host_GetRca
 *fill*         0x10004f7a        0x2 
 .text.Cy_SD_Host_SetBusSpeedMode
                0x10004f7c      0x130 E:/Programming/Cypress/PSoC6/psoc6pdl_Cortex-M4/Debug/libpsoc6pdl_Cortex-M4.a(cy_sd_host.o)
                0x10004f7c                Cy_SD_Host_SetBusSpeedMode
 .text.Cy_SD_Host_InitDataTransfer
                0x100050ac      0x228 E:/Programming/Cypress/PSoC6/psoc6pdl_Cortex-M4/Debug/libpsoc6pdl_Cortex-M4.a(cy_sd_host.o)
                0x100050ac                Cy_SD_Host_InitDataTransfer
 .text.Cy_SD_Host_Read
                0x100052d4      0x168 E:/Programming/Cypress/PSoC6/psoc6pdl_Cortex-M4/Debug/libpsoc6pdl_Cortex-M4.a(cy_sd_host.o)
                0x100052d4                Cy_SD_Host_Read
 .text.Cy_SD_Host_Write
                0x1000543c      0x238 E:/Programming/Cypress/PSoC6/psoc6pdl_Cortex-M4/Debug/libpsoc6pdl_Cortex-M4.a(cy_sd_host.o)
                0x1000543c                Cy_SD_Host_Write
 .text.Cy_SD_Host_GetExtCsd
                0x10005674       0xdc E:/Programming/Cypress/PSoC6/psoc6pdl_Cortex-M4/Debug/libpsoc6pdl_Cortex-M4.a(cy_sd_host.o)
                0x10005674                Cy_SD_Host_GetExtCsd
 .text.Cy_SD_Host_ChangeIoVoltage
                0x10005750       0x22 E:/Programming/Cypress/PSoC6/psoc6pdl_Cortex-M4/Debug/libpsoc6pdl_Cortex-M4.a(cy_sd_host.o)
                0x10005750                Cy_SD_Host_ChangeIoVoltage
 .text.Cy_SD_Host_SoftwareReset
                0x10005772       0x7c E:/Programming/Cypress/PSoC6/psoc6pdl_Cortex-M4/Debug/libpsoc6pdl_Cortex-M4.a(cy_sd_host.o)
                0x10005772                Cy_SD_Host_SoftwareReset
 .text.Cy_SD_Host_ErrorReset
                0x100057ee       0x1c E:/Programming/Cypress/PSoC6/psoc6pdl_Cortex-M4/Debug/libpsoc6pdl_Cortex-M4.a(cy_sd_host.o)
 *fill*         0x1000580a        0x2 
 .text.Cy_SD_Host_eMMC_InitCard
                0x1000580c      0x264 E:/Programming/Cypress/PSoC6/psoc6pdl_Cortex-M4/Debug/libpsoc6pdl_Cortex-M4.a(cy_sd_host.o)
 .text.Cy_SD_Host_GetPresentState
                0x10005a70        0x8 E:/Programming/Cypress/PSoC6/psoc6pdl_Cortex-M4/Debug/libpsoc6pdl_Cortex-M4.a(cy_sd_host.o)
                0x10005a70                Cy_SD_Host_GetPresentState
 .text.Cy_SD_Host_OpsVoltageSwitch
                0x10005a78       0xf8 E:/Programming/Cypress/PSoC6/psoc6pdl_Cortex-M4/Debug/libpsoc6pdl_Cortex-M4.a(cy_sd_host.o)
 .text.Cy_SD_Host_InitCard
                0x10005b70      0x658 E:/Programming/Cypress/PSoC6/psoc6pdl_Cortex-M4/Debug/libpsoc6pdl_Cortex-M4.a(cy_sd_host.o)
                0x10005b70                Cy_SD_Host_InitCard
 .text.Cy_SysAnalog_Init
                0x100061c8       0xa4 E:/Programming/Cypress/PSoC6/psoc6pdl_Cortex-M4/Debug/libpsoc6pdl_Cortex-M4.a(cy_sysanalog.o)
                0x100061c8                Cy_SysAnalog_Init
 .text.Cy_SysClk_ClkPathSetSource
                0x1000626c       0x5c E:/Programming/Cypress/PSoC6/psoc6pdl_Cortex-M4/Debug/libpsoc6pdl_Cortex-M4.a(cy_sysclk.o)
                0x1000626c                Cy_SysClk_ClkPathSetSource
 .text.Cy_SysClk_ClkPathGetSource
                0x100062c8       0x4c E:/Programming/Cypress/PSoC6/psoc6pdl_Cortex-M4/Debug/libpsoc6pdl_Cortex-M4.a(cy_sysclk.o)
                0x100062c8                Cy_SysClk_ClkPathGetSource
 .text.Cy_SysClk_FllManualConfigure
                0x10006314      0x164 E:/Programming/Cypress/PSoC6/psoc6pdl_Cortex-M4/Debug/libpsoc6pdl_Cortex-M4.a(cy_sysclk.o)
                0x10006314                Cy_SysClk_FllManualConfigure
 .text.Cy_SysClk_FllEnable
                0x10006478       0xc4 E:/Programming/Cypress/PSoC6/psoc6pdl_Cortex-M4/Debug/libpsoc6pdl_Cortex-M4.a(cy_sysclk.o)
                0x10006478                Cy_SysClk_FllEnable
 .text.Cy_SysClk_PllManualConfigure
                0x1000653c       0xc8 E:/Programming/Cypress/PSoC6/psoc6pdl_Cortex-M4/Debug/libpsoc6pdl_Cortex-M4.a(cy_sysclk.o)
                0x1000653c                Cy_SysClk_PllManualConfigure
 .text.Cy_SysClk_PllEnable
                0x10006604       0x60 E:/Programming/Cypress/PSoC6/psoc6pdl_Cortex-M4/Debug/libpsoc6pdl_Cortex-M4.a(cy_sysclk.o)
                0x10006604                Cy_SysClk_PllEnable
 .text.Cy_SysInt_SetVector
                0x10006664       0x48 E:/Programming/Cypress/PSoC6/psoc6pdl_Cortex-M4/Debug/libpsoc6pdl_Cortex-M4.a(cy_sysint.o)
                0x10006664                Cy_SysInt_SetVector
 .text.Cy_SysInt_Init
                0x100066ac       0x74 E:/Programming/Cypress/PSoC6/psoc6pdl_Cortex-M4/Debug/libpsoc6pdl_Cortex-M4.a(cy_sysint.o)
                0x100066ac                Cy_SysInt_Init
 .text.Cy_SysLib_Delay
                0x10006720       0x30 E:/Programming/Cypress/PSoC6/psoc6pdl_Cortex-M4/Debug/libpsoc6pdl_Cortex-M4.a(cy_syslib.o)
                0x10006720                Cy_SysLib_Delay
 .text.Cy_SysLib_DelayUs
                0x10006750       0x14 E:/Programming/Cypress/PSoC6/psoc6pdl_Cortex-M4/Debug/libpsoc6pdl_Cortex-M4.a(cy_syslib.o)
                0x10006750                Cy_SysLib_DelayUs
 .text.Cy_SysLib_Halt
                0x10006764        0x4 E:/Programming/Cypress/PSoC6/psoc6pdl_Cortex-M4/Debug/libpsoc6pdl_Cortex-M4.a(cy_syslib.o)
                0x10006764                Cy_SysLib_Halt
 .text.Cy_SysLib_AssertFailed
                0x10006768       0x1c E:/Programming/Cypress/PSoC6/psoc6pdl_Cortex-M4/Debug/libpsoc6pdl_Cortex-M4.a(cy_syslib.o)
                0x10006768                Cy_SysLib_AssertFailed
 .text.Cy_SysLib_ResetBackupDomain
                0x10006784       0x20 E:/Programming/Cypress/PSoC6/psoc6pdl_Cortex-M4/Debug/libpsoc6pdl_Cortex-M4.a(cy_syslib.o)
                0x10006784                Cy_SysLib_ResetBackupDomain
 .text.Cy_SysLib_GetResetReason
                0x100067a4       0x18 E:/Programming/Cypress/PSoC6/psoc6pdl_Cortex-M4/Debug/libpsoc6pdl_Cortex-M4.a(cy_syslib.o)
                0x100067a4                Cy_SysLib_GetResetReason
 .text.Cy_SysLib_ProcessingFault
                0x100067bc        0x2 E:/Programming/Cypress/PSoC6/psoc6pdl_Cortex-M4/Debug/libpsoc6pdl_Cortex-M4.a(cy_syslib.o)
                0x100067bc                Cy_SysLib_ProcessingFault
 *fill*         0x100067be        0x2 
 .text.Cy_SysLib_FaultHandler
                0x100067c0       0xa4 E:/Programming/Cypress/PSoC6/psoc6pdl_Cortex-M4/Debug/libpsoc6pdl_Cortex-M4.a(cy_syslib.o)
                0x100067c0                Cy_SysLib_FaultHandler
 .text.Cy_SysLib_SetWaitStates
                0x10006864       0xcc E:/Programming/Cypress/PSoC6/psoc6pdl_Cortex-M4/Debug/libpsoc6pdl_Cortex-M4.a(cy_syslib.o)
                0x10006864                Cy_SysLib_SetWaitStates
 .text.SetReadMarginTrimUlp
                0x10006930       0x84 E:/Programming/Cypress/PSoC6/psoc6pdl_Cortex-M4/Debug/libpsoc6pdl_Cortex-M4.a(cy_syspm.o)
 .text.SetReadMarginTrimLp
                0x100069b4       0x7c E:/Programming/Cypress/PSoC6/psoc6pdl_Cortex-M4/Debug/libpsoc6pdl_Cortex-M4.a(cy_syspm.o)
 .text.SetWriteAssistTrimUlp
                0x10006a30       0x58 E:/Programming/Cypress/PSoC6/psoc6pdl_Cortex-M4/Debug/libpsoc6pdl_Cortex-M4.a(cy_syspm.o)
 .text.SetWriteAssistTrimLp
                0x10006a88       0x68 E:/Programming/Cypress/PSoC6/psoc6pdl_Cortex-M4/Debug/libpsoc6pdl_Cortex-M4.a(cy_syspm.o)
 .text.IsVoltageChangePossible
                0x10006af0       0x46 E:/Programming/Cypress/PSoC6/psoc6pdl_Cortex-M4/Debug/libpsoc6pdl_Cortex-M4.a(cy_syspm.o)
 *fill*         0x10006b36        0x2 
 .text.Cy_SysPm_WriteVoltageBitForFlash
                0x10006b38      0x118 E:/Programming/Cypress/PSoC6/psoc6pdl_Cortex-M4/Debug/libpsoc6pdl_Cortex-M4.a(cy_syspm.o)
                0x10006b38                Cy_SysPm_WriteVoltageBitForFlash
 .text.Cy_SysPm_LdoSetVoltage
                0x10006c50       0xcc E:/Programming/Cypress/PSoC6/psoc6pdl_Cortex-M4/Debug/libpsoc6pdl_Cortex-M4.a(cy_syspm.o)
                0x10006c50                Cy_SysPm_LdoSetVoltage
 .text.Cy_IPC_Drv_LockRelease
                0x10006d1c       0x40 E:/Programming/Cypress/PSoC6/psoc6pdl_Cortex-M4/Debug/libpsoc6pdl_Cortex-M4.a(cy_ipc_drv.o)
                0x10006d1c                Cy_IPC_Drv_LockRelease
 .text.Cy_IPC_Drv_SendMsgWord
                0x10006d5c       0x34 E:/Programming/Cypress/PSoC6/psoc6pdl_Cortex-M4/Debug/libpsoc6pdl_Cortex-M4.a(cy_ipc_drv.o)
                0x10006d5c                Cy_IPC_Drv_SendMsgWord
 .text.Cy_IPC_Drv_ReadMsgWord
                0x10006d90       0x38 E:/Programming/Cypress/PSoC6/psoc6pdl_Cortex-M4/Debug/libpsoc6pdl_Cortex-M4.a(cy_ipc_drv.o)
                0x10006d90                Cy_IPC_Drv_ReadMsgWord
 .text.Cy_Prot_GetActivePC
                0x10006dc8       0x38 E:/Programming/Cypress/PSoC6/psoc6pdl_Cortex-M4/Debug/libpsoc6pdl_Cortex-M4.a(cy_prot.o)
                0x10006dc8                Cy_Prot_GetActivePC
 .text          0x10006e00      0x378 c:/users/oleh/modustoolbox_1.1/tools/gcc-7.2.1-1.0/bin/../lib/gcc/arm-none-eabi/7.2.1/thumb/v7e-m/fpv4-sp/softfp\libgcc.a(_arm_addsubdf3.o)
                0x10006e00                __aeabi_drsub
                0x10006e08                __aeabi_dsub
                0x10006e08                __subdf3
                0x10006e0c                __aeabi_dadd
                0x10006e0c                __adddf3
                0x10007084                __floatunsidf
                0x10007084                __aeabi_ui2d
                0x100070a4                __floatsidf
                0x100070a4                __aeabi_i2d
                0x100070c8                __aeabi_f2d
                0x100070c8                __extendsfdf2
                0x1000710c                __floatundidf
                0x1000710c                __aeabi_ul2d
                0x1000711c                __floatdidf
                0x1000711c                __aeabi_l2d
 .text          0x10007178      0x424 c:/users/oleh/modustoolbox_1.1/tools/gcc-7.2.1-1.0/bin/../lib/gcc/arm-none-eabi/7.2.1/thumb/v7e-m/fpv4-sp/softfp\libgcc.a(_arm_muldivdf3.o)
                0x10007178                __aeabi_dmul
                0x10007178                __muldf3
                0x100073cc                __divdf3
                0x100073cc                __aeabi_ddiv
 .text          0x1000759c       0xa0 c:/users/oleh/modustoolbox_1.1/tools/gcc-7.2.1-1.0/bin/../lib/gcc/arm-none-eabi/7.2.1/thumb/v7e-m/fpv4-sp/softfp\libgcc.a(_arm_truncdfsf2.o)
                0x1000759c                __truncdfsf2
                0x1000759c                __aeabi_d2f
 .text._fwrite_r
                0x1000763c       0x9c c:/users/oleh/modustoolbox_1.1/tools/gcc-7.2.1-1.0/bin/../lib/gcc/arm-none-eabi/7.2.1/../../../../arm-none-eabi/lib/thumb/v7e-m/fpv4-sp/softfp\libg_nano.a(lib_a-fwrite.o)
                0x1000763c                _fwrite_r
 .text.fwrite   0x100076d8       0x1c c:/users/oleh/modustoolbox_1.1/tools/gcc-7.2.1-1.0/bin/../lib/gcc/arm-none-eabi/7.2.1/../../../../arm-none-eabi/lib/thumb/v7e-m/fpv4-sp/softfp\libg_nano.a(lib_a-fwrite.o)
                0x100076d8                fwrite
 .text.memcpy   0x100076f4       0x16 c:/users/oleh/modustoolbox_1.1/tools/gcc-7.2.1-1.0/bin/../lib/gcc/arm-none-eabi/7.2.1/../../../../arm-none-eabi/lib/thumb/v7e-m/fpv4-sp/softfp\libg_nano.a(lib_a-memcpy-stub.o)
                0x100076f4                memcpy
 .text.memset   0x1000770a       0x10 c:/users/oleh/modustoolbox_1.1/tools/gcc-7.2.1-1.0/bin/../lib/gcc/arm-none-eabi/7.2.1/../../../../arm-none-eabi/lib/thumb/v7e-m/fpv4-sp/softfp\libg_nano.a(lib_a-memset.o)
                0x1000770a                memset
 .text.__cvt    0x1000771a       0xbc c:/users/oleh/modustoolbox_1.1/tools/gcc-7.2.1-1.0/bin/../lib/gcc/arm-none-eabi/7.2.1/../../../../arm-none-eabi/lib/thumb/v7e-m/fpv4-sp/softfp\libg_nano.a(lib_a-nano-vfprintf_float.o)
                0x1000771a                __cvt
 .text.__exponent
                0x100077d6       0x66 c:/users/oleh/modustoolbox_1.1/tools/gcc-7.2.1-1.0/bin/../lib/gcc/arm-none-eabi/7.2.1/../../../../arm-none-eabi/lib/thumb/v7e-m/fpv4-sp/softfp\libg_nano.a(lib_a-nano-vfprintf_float.o)
                0x100077d6                __exponent
 .text._printf_float
                0x1000783c      0x48c c:/users/oleh/modustoolbox_1.1/tools/gcc-7.2.1-1.0/bin/../lib/gcc/arm-none-eabi/7.2.1/../../../../arm-none-eabi/lib/thumb/v7e-m/fpv4-sp/softfp\libg_nano.a(lib_a-nano-vfprintf_float.o)
                0x1000783c                _printf_float
 .text._printf_common
                0x10007cc8       0xea c:/users/oleh/modustoolbox_1.1/tools/gcc-7.2.1-1.0/bin/../lib/gcc/arm-none-eabi/7.2.1/../../../../arm-none-eabi/lib/thumb/v7e-m/fpv4-sp/softfp\libg_nano.a(lib_a-nano-vfprintf_i.o)
                0x10007cc8                _printf_common
 *fill*         0x10007db2        0x2 
 .text._printf_i
                0x10007db4      0x224 c:/users/oleh/modustoolbox_1.1/tools/gcc-7.2.1-1.0/bin/../lib/gcc/arm-none-eabi/7.2.1/../../../../arm-none-eabi/lib/thumb/v7e-m/fpv4-sp/softfp\libg_nano.a(lib_a-nano-vfprintf_i.o)
                0x10007db4                _printf_i
 .text.printf   0x10007fd8       0x30 c:/users/oleh/modustoolbox_1.1/tools/gcc-7.2.1-1.0/bin/../lib/gcc/arm-none-eabi/7.2.1/../../../../arm-none-eabi/lib/thumb/v7e-m/fpv4-sp/softfp\libg_nano.a(lib_a-printf.o)
                0x10007fd8                iprintf
                0x10007fd8                printf
 .text._puts_r  0x10008008       0xb8 c:/users/oleh/modustoolbox_1.1/tools/gcc-7.2.1-1.0/bin/../lib/gcc/arm-none-eabi/7.2.1/../../../../arm-none-eabi/lib/thumb/v7e-m/fpv4-sp/softfp\libg_nano.a(lib_a-puts.o)
                0x10008008                _puts_r
 .text.puts     0x100080c0       0x10 c:/users/oleh/modustoolbox_1.1/tools/gcc-7.2.1-1.0/bin/../lib/gcc/arm-none-eabi/7.2.1/../../../../arm-none-eabi/lib/thumb/v7e-m/fpv4-sp/softfp\libg_nano.a(lib_a-puts.o)
                0x100080c0                puts
 .text.sprintf  0x100080d0       0x40 c:/users/oleh/modustoolbox_1.1/tools/gcc-7.2.1-1.0/bin/../lib/gcc/arm-none-eabi/7.2.1/../../../../arm-none-eabi/lib/thumb/v7e-m/fpv4-sp/softfp\libg_nano.a(lib_a-sprintf.o)
                0x100080d0                siprintf
                0x100080d0                sprintf
 .text          0x10008110       0x10 c:/users/oleh/modustoolbox_1.1/tools/gcc-7.2.1-1.0/bin/../lib/gcc/arm-none-eabi/7.2.1/../../../../arm-none-eabi/lib/thumb/v7e-m/fpv4-sp/softfp\libg_nano.a(lib_a-strlen.o)
                0x10008110                strlen
 .text.strncat  0x10008120       0x28 c:/users/oleh/modustoolbox_1.1/tools/gcc-7.2.1-1.0/bin/../lib/gcc/arm-none-eabi/7.2.1/../../../../arm-none-eabi/lib/thumb/v7e-m/fpv4-sp/softfp\libg_nano.a(lib_a-strncat.o)
                0x10008120                strncat
 .text.strncpy  0x10008148       0x2a c:/users/oleh/modustoolbox_1.1/tools/gcc-7.2.1-1.0/bin/../lib/gcc/arm-none-eabi/7.2.1/../../../../arm-none-eabi/lib/thumb/v7e-m/fpv4-sp/softfp\libg_nano.a(lib_a-strncpy.o)
                0x10008148                strncpy
 *fill*         0x10008172        0x2 
 .text.__swbuf_r
                0x10008174       0xa4 c:/users/oleh/modustoolbox_1.1/tools/gcc-7.2.1-1.0/bin/../lib/gcc/arm-none-eabi/7.2.1/../../../../arm-none-eabi/lib/thumb/v7e-m/fpv4-sp/softfp\libg_nano.a(lib_a-wbuf.o)
                0x10008174                __swbuf_r
 .text.__swsetup_r
                0x10008218       0xdc c:/users/oleh/modustoolbox_1.1/tools/gcc-7.2.1-1.0/bin/../lib/gcc/arm-none-eabi/7.2.1/../../../../arm-none-eabi/lib/thumb/v7e-m/fpv4-sp/softfp\libg_nano.a(lib_a-wsetup.o)
                0x10008218                __swsetup_r
 .text.quorem   0x100082f4      0x118 c:/users/oleh/modustoolbox_1.1/tools/gcc-7.2.1-1.0/bin/../lib/gcc/arm-none-eabi/7.2.1/../../../../arm-none-eabi/lib/thumb/v7e-m/fpv4-sp/softfp\libg_nano.a(lib_a-dtoa.o)
 *fill*         0x1000840c        0x4 
 .text._dtoa_r  0x10008410      0xb7c c:/users/oleh/modustoolbox_1.1/tools/gcc-7.2.1-1.0/bin/../lib/gcc/arm-none-eabi/7.2.1/../../../../arm-none-eabi/lib/thumb/v7e-m/fpv4-sp/softfp\libg_nano.a(lib_a-dtoa.o)
                0x10008410                _dtoa_r
 .text.__sflush_r
                0x10008f8c      0x10c c:/users/oleh/modustoolbox_1.1/tools/gcc-7.2.1-1.0/bin/../lib/gcc/arm-none-eabi/7.2.1/../../../../arm-none-eabi/lib/thumb/v7e-m/fpv4-sp/softfp\libg_nano.a(lib_a-fflush.o)
                0x10008f8c                __sflush_r
 .text._fflush_r
                0x10009098       0x54 c:/users/oleh/modustoolbox_1.1/tools/gcc-7.2.1-1.0/bin/../lib/gcc/arm-none-eabi/7.2.1/../../../../arm-none-eabi/lib/thumb/v7e-m/fpv4-sp/softfp\libg_nano.a(lib_a-fflush.o)
                0x10009098                _fflush_r
 .text.std      0x100090ec       0x48 c:/users/oleh/modustoolbox_1.1/tools/gcc-7.2.1-1.0/bin/../lib/gcc/arm-none-eabi/7.2.1/../../../../arm-none-eabi/lib/thumb/v7e-m/fpv4-sp/softfp\libg_nano.a(lib_a-findfp.o)
 .text._cleanup_r
                0x10009134        0xc c:/users/oleh/modustoolbox_1.1/tools/gcc-7.2.1-1.0/bin/../lib/gcc/arm-none-eabi/7.2.1/../../../../arm-none-eabi/lib/thumb/v7e-m/fpv4-sp/softfp\libg_nano.a(lib_a-findfp.o)
                0x10009134                _cleanup_r
 .text.__sfmoreglue
                0x10009140       0x2c c:/users/oleh/modustoolbox_1.1/tools/gcc-7.2.1-1.0/bin/../lib/gcc/arm-none-eabi/7.2.1/../../../../arm-none-eabi/lib/thumb/v7e-m/fpv4-sp/softfp\libg_nano.a(lib_a-findfp.o)
                0x10009140                __sfmoreglue
 .text.__sinit  0x1000916c       0x60 c:/users/oleh/modustoolbox_1.1/tools/gcc-7.2.1-1.0/bin/../lib/gcc/arm-none-eabi/7.2.1/../../../../arm-none-eabi/lib/thumb/v7e-m/fpv4-sp/softfp\libg_nano.a(lib_a-findfp.o)
                0x1000916c                __sinit
 .text.__sfp    0x100091cc       0x78 c:/users/oleh/modustoolbox_1.1/tools/gcc-7.2.1-1.0/bin/../lib/gcc/arm-none-eabi/7.2.1/../../../../arm-none-eabi/lib/thumb/v7e-m/fpv4-sp/softfp\libg_nano.a(lib_a-findfp.o)
                0x100091cc                __sfp
 .text._fwalk_reent
                0x10009244       0x3c c:/users/oleh/modustoolbox_1.1/tools/gcc-7.2.1-1.0/bin/../lib/gcc/arm-none-eabi/7.2.1/../../../../arm-none-eabi/lib/thumb/v7e-m/fpv4-sp/softfp\libg_nano.a(lib_a-fwalk.o)
                0x10009244                _fwalk_reent
 .text._localeconv_r
                0x10009280       0x1c c:/users/oleh/modustoolbox_1.1/tools/gcc-7.2.1-1.0/bin/../lib/gcc/arm-none-eabi/7.2.1/../../../../arm-none-eabi/lib/thumb/v7e-m/fpv4-sp/softfp\libg_nano.a(lib_a-localeconv.o)
                0x10009280                _localeconv_r
 .text.__swhatbuf_r
                0x1000929c       0x48 c:/users/oleh/modustoolbox_1.1/tools/gcc-7.2.1-1.0/bin/../lib/gcc/arm-none-eabi/7.2.1/../../../../arm-none-eabi/lib/thumb/v7e-m/fpv4-sp/softfp\libg_nano.a(lib_a-makebuf.o)
                0x1000929c                __swhatbuf_r
 .text.__smakebuf_r
                0x100092e4       0x80 c:/users/oleh/modustoolbox_1.1/tools/gcc-7.2.1-1.0/bin/../lib/gcc/arm-none-eabi/7.2.1/../../../../arm-none-eabi/lib/thumb/v7e-m/fpv4-sp/softfp\libg_nano.a(lib_a-makebuf.o)
                0x100092e4                __smakebuf_r
 .text.malloc   0x10009364       0x10 c:/users/oleh/modustoolbox_1.1/tools/gcc-7.2.1-1.0/bin/../lib/gcc/arm-none-eabi/7.2.1/../../../../arm-none-eabi/lib/thumb/v7e-m/fpv4-sp/softfp\libg_nano.a(lib_a-malloc.o)
                0x10009364                malloc
 .text.__ascii_mbtowc
                0x10009374       0x24 c:/users/oleh/modustoolbox_1.1/tools/gcc-7.2.1-1.0/bin/../lib/gcc/arm-none-eabi/7.2.1/../../../../arm-none-eabi/lib/thumb/v7e-m/fpv4-sp/softfp\libg_nano.a(lib_a-mbtowc_r.o)
                0x10009374                __ascii_mbtowc
 *fill*         0x10009398        0x8 
 .text          0x100093a0       0xa0 c:/users/oleh/modustoolbox_1.1/tools/gcc-7.2.1-1.0/bin/../lib/gcc/arm-none-eabi/7.2.1/../../../../arm-none-eabi/lib/thumb/v7e-m/fpv4-sp/softfp\libg_nano.a(lib_a-memchr.o)
                0x100093a0                memchr
 .text._Balloc  0x10009440       0x68 c:/users/oleh/modustoolbox_1.1/tools/gcc-7.2.1-1.0/bin/../lib/gcc/arm-none-eabi/7.2.1/../../../../arm-none-eabi/lib/thumb/v7e-m/fpv4-sp/softfp\libg_nano.a(lib_a-mprec.o)
                0x10009440                _Balloc
 .text._Bfree   0x100094a8       0x2e c:/users/oleh/modustoolbox_1.1/tools/gcc-7.2.1-1.0/bin/../lib/gcc/arm-none-eabi/7.2.1/../../../../arm-none-eabi/lib/thumb/v7e-m/fpv4-sp/softfp\libg_nano.a(lib_a-mprec.o)
                0x100094a8                _Bfree
 .text.__multadd
                0x100094d6       0x76 c:/users/oleh/modustoolbox_1.1/tools/gcc-7.2.1-1.0/bin/../lib/gcc/arm-none-eabi/7.2.1/../../../../arm-none-eabi/lib/thumb/v7e-m/fpv4-sp/softfp\libg_nano.a(lib_a-mprec.o)
                0x100094d6                __multadd
 .text.__hi0bits
                0x1000954c       0x3e c:/users/oleh/modustoolbox_1.1/tools/gcc-7.2.1-1.0/bin/../lib/gcc/arm-none-eabi/7.2.1/../../../../arm-none-eabi/lib/thumb/v7e-m/fpv4-sp/softfp\libg_nano.a(lib_a-mprec.o)
                0x1000954c                __hi0bits
 .text.__lo0bits
                0x1000958a       0x5e c:/users/oleh/modustoolbox_1.1/tools/gcc-7.2.1-1.0/bin/../lib/gcc/arm-none-eabi/7.2.1/../../../../arm-none-eabi/lib/thumb/v7e-m/fpv4-sp/softfp\libg_nano.a(lib_a-mprec.o)
                0x1000958a                __lo0bits
 .text.__i2b    0x100095e8       0x12 c:/users/oleh/modustoolbox_1.1/tools/gcc-7.2.1-1.0/bin/../lib/gcc/arm-none-eabi/7.2.1/../../../../arm-none-eabi/lib/thumb/v7e-m/fpv4-sp/softfp\libg_nano.a(lib_a-mprec.o)
                0x100095e8                __i2b
 .text.__multiply
                0x100095fa      0x12c c:/users/oleh/modustoolbox_1.1/tools/gcc-7.2.1-1.0/bin/../lib/gcc/arm-none-eabi/7.2.1/../../../../arm-none-eabi/lib/thumb/v7e-m/fpv4-sp/softfp\libg_nano.a(lib_a-mprec.o)
                0x100095fa                __multiply
 *fill*         0x10009726        0x2 
 .text.__pow5mult
                0x10009728       0x9c c:/users/oleh/modustoolbox_1.1/tools/gcc-7.2.1-1.0/bin/../lib/gcc/arm-none-eabi/7.2.1/../../../../arm-none-eabi/lib/thumb/v7e-m/fpv4-sp/softfp\libg_nano.a(lib_a-mprec.o)
                0x10009728                __pow5mult
 .text.__lshift
                0x100097c4       0xa8 c:/users/oleh/modustoolbox_1.1/tools/gcc-7.2.1-1.0/bin/../lib/gcc/arm-none-eabi/7.2.1/../../../../arm-none-eabi/lib/thumb/v7e-m/fpv4-sp/softfp\libg_nano.a(lib_a-mprec.o)
                0x100097c4                __lshift
 .text.__mcmp   0x1000986c       0x34 c:/users/oleh/modustoolbox_1.1/tools/gcc-7.2.1-1.0/bin/../lib/gcc/arm-none-eabi/7.2.1/../../../../arm-none-eabi/lib/thumb/v7e-m/fpv4-sp/softfp\libg_nano.a(lib_a-mprec.o)
                0x1000986c                __mcmp
 .text.__mdiff  0x100098a0       0xba c:/users/oleh/modustoolbox_1.1/tools/gcc-7.2.1-1.0/bin/../lib/gcc/arm-none-eabi/7.2.1/../../../../arm-none-eabi/lib/thumb/v7e-m/fpv4-sp/softfp\libg_nano.a(lib_a-mprec.o)
                0x100098a0                __mdiff
 .text.__d2b    0x1000995a       0x9e c:/users/oleh/modustoolbox_1.1/tools/gcc-7.2.1-1.0/bin/../lib/gcc/arm-none-eabi/7.2.1/../../../../arm-none-eabi/lib/thumb/v7e-m/fpv4-sp/softfp\libg_nano.a(lib_a-mprec.o)
                0x1000995a                __d2b
 .text._calloc_r
                0x100099f8       0x1c c:/users/oleh/modustoolbox_1.1/tools/gcc-7.2.1-1.0/bin/../lib/gcc/arm-none-eabi/7.2.1/../../../../arm-none-eabi/lib/thumb/v7e-m/fpv4-sp/softfp\libg_nano.a(lib_a-nano-callocr.o)
                0x100099f8                _calloc_r
 .text._free_r  0x10009a14       0x9c c:/users/oleh/modustoolbox_1.1/tools/gcc-7.2.1-1.0/bin/../lib/gcc/arm-none-eabi/7.2.1/../../../../arm-none-eabi/lib/thumb/v7e-m/fpv4-sp/softfp\libg_nano.a(lib_a-nano-freer.o)
                0x10009a14                _free_r
 .text._malloc_r
                0x10009ab0       0xb4 c:/users/oleh/modustoolbox_1.1/tools/gcc-7.2.1-1.0/bin/../lib/gcc/arm-none-eabi/7.2.1/../../../../arm-none-eabi/lib/thumb/v7e-m/fpv4-sp/softfp\libg_nano.a(lib_a-nano-mallocr.o)
                0x10009ab0                _malloc_r
 .text.__ssputs_r
                0x10009b64       0xb4 c:/users/oleh/modustoolbox_1.1/tools/gcc-7.2.1-1.0/bin/../lib/gcc/arm-none-eabi/7.2.1/../../../../arm-none-eabi/lib/thumb/v7e-m/fpv4-sp/softfp\libg_nano.a(lib_a-nano-svfprintf.o)
                0x10009b64                __ssputs_r
 .text._svfprintf_r
                0x10009c18      0x1ec c:/users/oleh/modustoolbox_1.1/tools/gcc-7.2.1-1.0/bin/../lib/gcc/arm-none-eabi/7.2.1/../../../../arm-none-eabi/lib/thumb/v7e-m/fpv4-sp/softfp\libg_nano.a(lib_a-nano-svfprintf.o)
                0x10009c18                _svfiprintf_r
                0x10009c18                _svfprintf_r
 .text.__sfputc_r
                0x10009e04       0x2e c:/users/oleh/modustoolbox_1.1/tools/gcc-7.2.1-1.0/bin/../lib/gcc/arm-none-eabi/7.2.1/../../../../arm-none-eabi/lib/thumb/v7e-m/fpv4-sp/softfp\libg_nano.a(lib_a-nano-vfprintf.o)
 .text.__sfputs_r
                0x10009e32       0x24 c:/users/oleh/modustoolbox_1.1/tools/gcc-7.2.1-1.0/bin/../lib/gcc/arm-none-eabi/7.2.1/../../../../arm-none-eabi/lib/thumb/v7e-m/fpv4-sp/softfp\libg_nano.a(lib_a-nano-vfprintf.o)
                0x10009e32                __sfputs_r
 *fill*         0x10009e56        0x2 
 .text._vfprintf_r
                0x10009e58      0x228 c:/users/oleh/modustoolbox_1.1/tools/gcc-7.2.1-1.0/bin/../lib/gcc/arm-none-eabi/7.2.1/../../../../arm-none-eabi/lib/thumb/v7e-m/fpv4-sp/softfp\libg_nano.a(lib_a-nano-vfprintf.o)
                0x10009e58                _vfprintf_r
                0x10009e58                _vfiprintf_r
 .text._sbrk_r  0x1000a080       0x20 c:/users/oleh/modustoolbox_1.1/tools/gcc-7.2.1-1.0/bin/../lib/gcc/arm-none-eabi/7.2.1/../../../../arm-none-eabi/lib/thumb/v7e-m/fpv4-sp/softfp\libg_nano.a(lib_a-sbrkr.o)
                0x1000a080                _sbrk_r
 .text.__sread  0x1000a0a0       0x22 c:/users/oleh/modustoolbox_1.1/tools/gcc-7.2.1-1.0/bin/../lib/gcc/arm-none-eabi/7.2.1/../../../../arm-none-eabi/lib/thumb/v7e-m/fpv4-sp/softfp\libg_nano.a(lib_a-stdio.o)
                0x1000a0a0                __sread
 .text.__swrite
                0x1000a0c2       0x38 c:/users/oleh/modustoolbox_1.1/tools/gcc-7.2.1-1.0/bin/../lib/gcc/arm-none-eabi/7.2.1/../../../../arm-none-eabi/lib/thumb/v7e-m/fpv4-sp/softfp\libg_nano.a(lib_a-stdio.o)
                0x1000a0c2                __swrite
 .text.__sseek  0x1000a0fa       0x24 c:/users/oleh/modustoolbox_1.1/tools/gcc-7.2.1-1.0/bin/../lib/gcc/arm-none-eabi/7.2.1/../../../../arm-none-eabi/lib/thumb/v7e-m/fpv4-sp/softfp\libg_nano.a(lib_a-stdio.o)
                0x1000a0fa                __sseek
 .text.__sclose
                0x1000a11e        0x8 c:/users/oleh/modustoolbox_1.1/tools/gcc-7.2.1-1.0/bin/../lib/gcc/arm-none-eabi/7.2.1/../../../../arm-none-eabi/lib/thumb/v7e-m/fpv4-sp/softfp\libg_nano.a(lib_a-stdio.o)
                0x1000a11e                __sclose
 .text.__ascii_wctomb
                0x1000a126       0x1a c:/users/oleh/modustoolbox_1.1/tools/gcc-7.2.1-1.0/bin/../lib/gcc/arm-none-eabi/7.2.1/../../../../arm-none-eabi/lib/thumb/v7e-m/fpv4-sp/softfp\libg_nano.a(lib_a-wctomb_r.o)
                0x1000a126                __ascii_wctomb
 .text._write_r
                0x1000a140       0x24 c:/users/oleh/modustoolbox_1.1/tools/gcc-7.2.1-1.0/bin/../lib/gcc/arm-none-eabi/7.2.1/../../../../arm-none-eabi/lib/thumb/v7e-m/fpv4-sp/softfp\libg_nano.a(lib_a-writer.o)
                0x1000a140                _write_r
 .text._close_r
                0x1000a164       0x20 c:/users/oleh/modustoolbox_1.1/tools/gcc-7.2.1-1.0/bin/../lib/gcc/arm-none-eabi/7.2.1/../../../../arm-none-eabi/lib/thumb/v7e-m/fpv4-sp/softfp\libg_nano.a(lib_a-closer.o)
                0x1000a164                _close_r
 .text._fstat_r
                0x1000a184       0x24 c:/users/oleh/modustoolbox_1.1/tools/gcc-7.2.1-1.0/bin/../lib/gcc/arm-none-eabi/7.2.1/../../../../arm-none-eabi/lib/thumb/v7e-m/fpv4-sp/softfp\libg_nano.a(lib_a-fstatr.o)
                0x1000a184                _fstat_r
 .text._isatty_r
                0x1000a1a8       0x20 c:/users/oleh/modustoolbox_1.1/tools/gcc-7.2.1-1.0/bin/../lib/gcc/arm-none-eabi/7.2.1/../../../../arm-none-eabi/lib/thumb/v7e-m/fpv4-sp/softfp\libg_nano.a(lib_a-isattyr.o)
                0x1000a1a8                _isatty_r
 .text._lseek_r
                0x1000a1c8       0x24 c:/users/oleh/modustoolbox_1.1/tools/gcc-7.2.1-1.0/bin/../lib/gcc/arm-none-eabi/7.2.1/../../../../arm-none-eabi/lib/thumb/v7e-m/fpv4-sp/softfp\libg_nano.a(lib_a-lseekr.o)
                0x1000a1c8                _lseek_r
 .text.memmove  0x1000a1ec       0x32 c:/users/oleh/modustoolbox_1.1/tools/gcc-7.2.1-1.0/bin/../lib/gcc/arm-none-eabi/7.2.1/../../../../arm-none-eabi/lib/thumb/v7e-m/fpv4-sp/softfp\libg_nano.a(lib_a-memmove.o)
                0x1000a1ec                memmove
 .text.__malloc_lock
                0x1000a21e        0x2 c:/users/oleh/modustoolbox_1.1/tools/gcc-7.2.1-1.0/bin/../lib/gcc/arm-none-eabi/7.2.1/../../../../arm-none-eabi/lib/thumb/v7e-m/fpv4-sp/softfp\libg_nano.a(lib_a-mlock.o)
                0x1000a21e                __malloc_lock
 .text.__malloc_unlock
                0x1000a220        0x2 c:/users/oleh/modustoolbox_1.1/tools/gcc-7.2.1-1.0/bin/../lib/gcc/arm-none-eabi/7.2.1/../../../../arm-none-eabi/lib/thumb/v7e-m/fpv4-sp/softfp\libg_nano.a(lib_a-mlock.o)
                0x1000a220                __malloc_unlock
 .text._realloc_r
                0x1000a222       0x4c c:/users/oleh/modustoolbox_1.1/tools/gcc-7.2.1-1.0/bin/../lib/gcc/arm-none-eabi/7.2.1/../../../../arm-none-eabi/lib/thumb/v7e-m/fpv4-sp/softfp\libg_nano.a(lib_a-nano-reallocr.o)
                0x1000a222                _realloc_r
 *fill*         0x1000a26e        0x2 
 .text._read_r  0x1000a270       0x24 c:/users/oleh/modustoolbox_1.1/tools/gcc-7.2.1-1.0/bin/../lib/gcc/arm-none-eabi/7.2.1/../../../../arm-none-eabi/lib/thumb/v7e-m/fpv4-sp/softfp\libg_nano.a(lib_a-readr.o)
                0x1000a270                _read_r
 .text._malloc_usable_size_r
                0x1000a294       0x10 c:/users/oleh/modustoolbox_1.1/tools/gcc-7.2.1-1.0/bin/../lib/gcc/arm-none-eabi/7.2.1/../../../../arm-none-eabi/lib/thumb/v7e-m/fpv4-sp/softfp\libg_nano.a(lib_a-nano-msizer.o)
                0x1000a294                _malloc_usable_size_r
 .text          0x1000a2a4      0x110 c:/users/oleh/modustoolbox_1.1/tools/gcc-7.2.1-1.0/bin/../lib/gcc/arm-none-eabi/7.2.1/thumb/v7e-m/fpv4-sp/softfp\libgcc.a(_arm_cmpdf2.o)
                0x1000a2a4                __gtdf2
                0x1000a2a4                __gedf2
                0x1000a2ac                __ltdf2
                0x1000a2ac                __ledf2
                0x1000a2b4                __nedf2
                0x1000a2b4                __eqdf2
                0x1000a2b4                __cmpdf2
                0x1000a330                __aeabi_cdrcmple
                0x1000a340                __aeabi_cdcmpeq
                0x1000a340                __aeabi_cdcmple
                0x1000a350                __aeabi_dcmpeq
                0x1000a364                __aeabi_dcmplt
                0x1000a378                __aeabi_dcmple
                0x1000a38c                __aeabi_dcmpge
                0x1000a3a0                __aeabi_dcmpgt
 .text          0x1000a3b4       0x2c c:/users/oleh/modustoolbox_1.1/tools/gcc-7.2.1-1.0/bin/../lib/gcc/arm-none-eabi/7.2.1/thumb/v7e-m/fpv4-sp/softfp\libgcc.a(_arm_unorddf2.o)
                0x1000a3b4                __unorddf2
                0x1000a3b4                __aeabi_dcmpun
 .text          0x1000a3e0       0x50 c:/users/oleh/modustoolbox_1.1/tools/gcc-7.2.1-1.0/bin/../lib/gcc/arm-none-eabi/7.2.1/thumb/v7e-m/fpv4-sp/softfp\libgcc.a(_arm_fixdfsi.o)
                0x1000a3e0                __aeabi_d2iz
                0x1000a3e0                __fixdfsi
 .text._close   0x1000a430       0x10 c:/users/oleh/modustoolbox_1.1/tools/gcc-7.2.1-1.0/bin/../lib/gcc/arm-none-eabi/7.2.1/../../../../arm-none-eabi/lib/thumb/v7e-m/fpv4-sp/softfp\libnosys.a(close.o)
                0x1000a430                _close
 .text._fstat   0x1000a440       0x10 c:/users/oleh/modustoolbox_1.1/tools/gcc-7.2.1-1.0/bin/../lib/gcc/arm-none-eabi/7.2.1/../../../../arm-none-eabi/lib/thumb/v7e-m/fpv4-sp/softfp\libnosys.a(fstat.o)
                0x1000a440                _fstat
 .text._isatty  0x1000a450       0x10 c:/users/oleh/modustoolbox_1.1/tools/gcc-7.2.1-1.0/bin/../lib/gcc/arm-none-eabi/7.2.1/../../../../arm-none-eabi/lib/thumb/v7e-m/fpv4-sp/softfp\libnosys.a(isatty.o)
                0x1000a450                _isatty
 .text._lseek   0x1000a460       0x10 c:/users/oleh/modustoolbox_1.1/tools/gcc-7.2.1-1.0/bin/../lib/gcc/arm-none-eabi/7.2.1/../../../../arm-none-eabi/lib/thumb/v7e-m/fpv4-sp/softfp\libnosys.a(lseek.o)
                0x1000a460                _lseek
 .text._sbrk    0x1000a470       0x1c c:/users/oleh/modustoolbox_1.1/tools/gcc-7.2.1-1.0/bin/../lib/gcc/arm-none-eabi/7.2.1/../../../../arm-none-eabi/lib/thumb/v7e-m/fpv4-sp/softfp\libnosys.a(sbrk.o)
                0x1000a470                _sbrk
 .text.log      0x1000a48c       0xfc c:/users/oleh/modustoolbox_1.1/tools/gcc-7.2.1-1.0/bin/../lib/gcc/arm-none-eabi/7.2.1/../../../../arm-none-eabi/lib/thumb/v7e-m/fpv4-sp/softfp\libm.a(lib_a-w_log.o)
                0x1000a48c                log
 .text.pow      0x1000a588      0x33c c:/users/oleh/modustoolbox_1.1/tools/gcc-7.2.1-1.0/bin/../lib/gcc/arm-none-eabi/7.2.1/../../../../arm-none-eabi/lib/thumb/v7e-m/fpv4-sp/softfp\libm.a(lib_a-w_pow.o)
                0x1000a588                pow
 *fill*         0x1000a8c4        0x4 
 .text.__ieee754_log
                0x1000a8c8      0x394 c:/users/oleh/modustoolbox_1.1/tools/gcc-7.2.1-1.0/bin/../lib/gcc/arm-none-eabi/7.2.1/../../../../arm-none-eabi/lib/thumb/v7e-m/fpv4-sp/softfp\libm.a(lib_a-e_log.o)
                0x1000a8c8                __ieee754_log
 *fill*         0x1000ac5c        0x4 
 .text.__ieee754_pow
                0x1000ac60      0xaa8 c:/users/oleh/modustoolbox_1.1/tools/gcc-7.2.1-1.0/bin/../lib/gcc/arm-none-eabi/7.2.1/../../../../arm-none-eabi/lib/thumb/v7e-m/fpv4-sp/softfp\libm.a(lib_a-e_pow.o)
                0x1000ac60                __ieee754_pow
 .text.__ieee754_sqrt
                0x1000b708      0x180 c:/users/oleh/modustoolbox_1.1/tools/gcc-7.2.1-1.0/bin/../lib/gcc/arm-none-eabi/7.2.1/../../../../arm-none-eabi/lib/thumb/v7e-m/fpv4-sp/softfp\libm.a(lib_a-e_sqrt.o)
                0x1000b708                __ieee754_sqrt
 .text.fabs     0x1000b888        0x8 c:/users/oleh/modustoolbox_1.1/tools/gcc-7.2.1-1.0/bin/../lib/gcc/arm-none-eabi/7.2.1/../../../../arm-none-eabi/lib/thumb/v7e-m/fpv4-sp/softfp\libm.a(lib_a-s_fabs.o)
                0x1000b888                fabs
 .text.finite   0x1000b890        0xc c:/users/oleh/modustoolbox_1.1/tools/gcc-7.2.1-1.0/bin/../lib/gcc/arm-none-eabi/7.2.1/../../../../arm-none-eabi/lib/thumb/v7e-m/fpv4-sp/softfp\libm.a(lib_a-s_finite.o)
                0x1000b890                finite
 .text.matherr  0x1000b89c        0x4 c:/users/oleh/modustoolbox_1.1/tools/gcc-7.2.1-1.0/bin/../lib/gcc/arm-none-eabi/7.2.1/../../../../arm-none-eabi/lib/thumb/v7e-m/fpv4-sp/softfp\libm.a(lib_a-s_matherr.o)
                0x1000b89c                matherr
 .text.nan      0x1000b8a0        0xc c:/users/oleh/modustoolbox_1.1/tools/gcc-7.2.1-1.0/bin/../lib/gcc/arm-none-eabi/7.2.1/../../../../arm-none-eabi/lib/thumb/v7e-m/fpv4-sp/softfp\libm.a(lib_a-s_nan.o)
                0x1000b8a0                nan
 .text.rint     0x1000b8ac      0x11c c:/users/oleh/modustoolbox_1.1/tools/gcc-7.2.1-1.0/bin/../lib/gcc/arm-none-eabi/7.2.1/../../../../arm-none-eabi/lib/thumb/v7e-m/fpv4-sp/softfp\libm.a(lib_a-s_rint.o)
                0x1000b8ac                rint
 .text.scalbn   0x1000b9c8       0xfc c:/users/oleh/modustoolbox_1.1/tools/gcc-7.2.1-1.0/bin/../lib/gcc/arm-none-eabi/7.2.1/../../../../arm-none-eabi/lib/thumb/v7e-m/fpv4-sp/softfp\libm.a(lib_a-s_scalbn.o)
                0x1000b9c8                scalbn
 .text.copysign
                0x1000bac4       0x10 c:/users/oleh/modustoolbox_1.1/tools/gcc-7.2.1-1.0/bin/../lib/gcc/arm-none-eabi/7.2.1/../../../../arm-none-eabi/lib/thumb/v7e-m/fpv4-sp/softfp\libm.a(lib_a-s_copysign.o)
                0x1000bac4                copysign
 .text.__errno  0x1000bad4        0xc c:/users/oleh/modustoolbox_1.1/tools/gcc-7.2.1-1.0/bin/../lib/gcc/arm-none-eabi/7.2.1/../../../../arm-none-eabi/lib/thumb/v7e-m/fpv4-sp/softfp\libc.a(lib_a-errno.o)
                0x1000bad4                __errno
 *(.init)
 .init          0x1000bae0        0x4 c:/users/oleh/modustoolbox_1.1/tools/gcc-7.2.1-1.0/bin/../lib/gcc/arm-none-eabi/7.2.1/thumb/v7e-m/fpv4-sp/softfp/crti.o
                0x1000bae0                _init
 .init          0x1000bae4        0x8 c:/users/oleh/modustoolbox_1.1/tools/gcc-7.2.1-1.0/bin/../lib/gcc/arm-none-eabi/7.2.1/thumb/v7e-m/fpv4-sp/softfp/crtn.o
 *(.fini)
 .fini          0x1000baec        0x4 c:/users/oleh/modustoolbox_1.1/tools/gcc-7.2.1-1.0/bin/../lib/gcc/arm-none-eabi/7.2.1/thumb/v7e-m/fpv4-sp/softfp/crti.o
                0x1000baec                _fini
 .fini          0x1000baf0        0x8 c:/users/oleh/modustoolbox_1.1/tools/gcc-7.2.1-1.0/bin/../lib/gcc/arm-none-eabi/7.2.1/thumb/v7e-m/fpv4-sp/softfp/crtn.o
 *crtbegin.o(.ctors)
 *crtbegin?.o(.ctors)
 *(EXCLUDE_FILE(*crtend.o *crtend?.o) .ctors)
 *(SORT_BY_NAME(.ctors.*))
 *(.ctors)
 *crtbegin.o(.dtors)
 *crtbegin?.o(.dtors)
 *(EXCLUDE_FILE(*crtend.o *crtend?.o) .dtors)
 *(SORT_BY_NAME(.dtors.*))
 *(.dtors)
 *(.rodata .rodata.* .constdata .constdata.* .conststring .conststring.*)
 .rodata.systemIpcPipeConfigCm4.12323
                0x1000baf8       0x34 ./psoc6sw-1.1/components/psoc6pdl/devices/psoc6/startup/system_psoc6_cm4.o
 .rodata.PrintDateAndTime.str1.4
                0x1000bb2c       0x1b ./Source/main.o
 *fill*         0x1000bb47        0x1 
 .rodata.SDHCRW.str1.4
                0x1000bb48       0x13 ./Source/main.o
 *fill*         0x1000bb5b        0x1 
 .rodata.ThermistorInfo.str1.4
                0x1000bb5c        0xf ./Source/main.o
 *fill*         0x1000bb6b        0x1 
 .rodata.main.str1.4
                0x1000bb6c       0x1a ./Source/main.o
 *fill*         0x1000bb86        0x2 
 .rodata.sdHostConfig
                0x1000bb88        0x3 ./Source/main.o
                0x1000bb88                sdHostConfig
 *fill*         0x1000bb8b        0x1 
 .rodata.sdHostIntrConfig
                0x1000bb8c        0x8 ./Source/main.o
                0x1000bb8c                sdHostIntrConfig
 .rodata.switch_intr_config
                0x1000bb94        0x8 ./Source/main.o
                0x1000bb94                switch_intr_config
 .rodata.Bridge_UART_config
                0x1000bb9c       0x40 ./GeneratedSource/cycfg_peripherals.o
                0x1000bb9c                Bridge_UART_config
 .rodata.RTC_config
                0x1000bbdc       0x20 ./GeneratedSource/cycfg_peripherals.o
                0x1000bbdc                RTC_config
 .rodata.SAR_config
                0x1000bbfc       0x78 ./GeneratedSource/cycfg_peripherals.o
                0x1000bbfc                SAR_config
 .rodata.PIN_SW_config
                0x1000bc74       0x34 ./GeneratedSource/cycfg_pins.o
                0x1000bc74                PIN_SW_config
 .rodata.Pin_Led_config
                0x1000bca8       0x34 ./GeneratedSource/cycfg_pins.o
                0x1000bca8                Pin_Led_config
 .rodata.SWCLK_config
                0x1000bcdc       0x34 ./GeneratedSource/cycfg_pins.o
                0x1000bcdc                SWCLK_config
 .rodata.SWDIO_config
                0x1000bd10       0x34 ./GeneratedSource/cycfg_pins.o
                0x1000bd10                SWDIO_config
 .rodata.SWO_config
                0x1000bd44       0x34 ./GeneratedSource/cycfg_pins.o
                0x1000bd44                SWO_config
 .rodata.ioss_0_port_0_pin_0_config
                0x1000bd78       0x34 ./GeneratedSource/cycfg_pins.o
                0x1000bd78                ioss_0_port_0_pin_0_config
 .rodata.ioss_0_port_0_pin_1_config
                0x1000bdac       0x34 ./GeneratedSource/cycfg_pins.o
                0x1000bdac                ioss_0_port_0_pin_1_config
 .rodata.ioss_0_port_10_pin_0_config
                0x1000bde0       0x34 ./GeneratedSource/cycfg_pins.o
                0x1000bde0                ioss_0_port_10_pin_0_config
 .rodata.ioss_0_port_10_pin_1_config
                0x1000be14       0x34 ./GeneratedSource/cycfg_pins.o
                0x1000be14                ioss_0_port_10_pin_1_config
 .rodata.ioss_0_port_10_pin_2_config
                0x1000be48       0x34 ./GeneratedSource/cycfg_pins.o
                0x1000be48                ioss_0_port_10_pin_2_config
 .rodata.ioss_0_port_10_pin_3_config
                0x1000be7c       0x34 ./GeneratedSource/cycfg_pins.o
                0x1000be7c                ioss_0_port_10_pin_3_config
 .rodata.ioss_0_port_12_pin_1_config
                0x1000beb0       0x34 ./GeneratedSource/cycfg_pins.o
                0x1000beb0                ioss_0_port_12_pin_1_config
 .rodata.ioss_0_port_12_pin_2_config
                0x1000bee4       0x34 ./GeneratedSource/cycfg_pins.o
                0x1000bee4                ioss_0_port_12_pin_2_config
 .rodata.ioss_0_port_12_pin_4_config
                0x1000bf18       0x34 ./GeneratedSource/cycfg_pins.o
                0x1000bf18                ioss_0_port_12_pin_4_config
 .rodata.ioss_0_port_12_pin_5_config
                0x1000bf4c       0x34 ./GeneratedSource/cycfg_pins.o
                0x1000bf4c                ioss_0_port_12_pin_5_config
 .rodata.ioss_0_port_12_pin_6_config
                0x1000bf80       0x34 ./GeneratedSource/cycfg_pins.o
                0x1000bf80                ioss_0_port_12_pin_6_config
 .rodata.ioss_0_port_12_pin_7_config
                0x1000bfb4       0x34 ./GeneratedSource/cycfg_pins.o
                0x1000bfb4                ioss_0_port_12_pin_7_config
 .rodata.ioss_0_port_13_pin_0_config
                0x1000bfe8       0x34 ./GeneratedSource/cycfg_pins.o
                0x1000bfe8                ioss_0_port_13_pin_0_config
 .rodata.ioss_0_port_13_pin_1_config
                0x1000c01c       0x34 ./GeneratedSource/cycfg_pins.o
                0x1000c01c                ioss_0_port_13_pin_1_config
 .rodata.ioss_0_port_13_pin_2_config
                0x1000c050       0x34 ./GeneratedSource/cycfg_pins.o
                0x1000c050                ioss_0_port_13_pin_2_config
 .rodata.ioss_0_port_13_pin_3_config
                0x1000c084       0x34 ./GeneratedSource/cycfg_pins.o
                0x1000c084                ioss_0_port_13_pin_3_config
 .rodata.ioss_0_port_5_pin_0_config
                0x1000c0b8       0x34 ./GeneratedSource/cycfg_pins.o
                0x1000c0b8                ioss_0_port_5_pin_0_config
 .rodata.ioss_0_port_5_pin_1_config
                0x1000c0ec       0x34 ./GeneratedSource/cycfg_pins.o
                0x1000c0ec                ioss_0_port_5_pin_1_config
 .rodata.init_cycfg_platform.str1.4
                0x1000c120       0x65 ./GeneratedSource/cycfg_platform.o
 *fill*         0x1000c185        0x3 
 .rodata.srss_0_clock_0_fll_0_fllConfig
                0x1000c188       0x14 ./GeneratedSource/cycfg_platform.o
 .rodata.srss_0_clock_0_pll_0_pllConfig
                0x1000c19c        0x5 ./GeneratedSource/cycfg_platform.o
 *fill*         0x1000c1a1        0x3 
 .rodata.cy_deviceIpBlockCfgPSoC6_02
                0x1000c1a4       0xb8 E:/Programming/Cypress/PSoC6/psoc6pdl_Cortex-M4/Debug/libpsoc6pdl_Cortex-M4.a(cy_device.o)
                0x1000c1a4                cy_deviceIpBlockCfgPSoC6_02
 .rodata.Cy_GPIO_Pin_Init.str1.4
                0x1000c25c       0xc7 E:/Programming/Cypress/PSoC6/psoc6pdl_Cortex-M4/Debug/libpsoc6pdl_Cortex-M4.a(cy_gpio.o)
 *fill*         0x1000c323        0x1 
 .rodata.Cy_IPC_Pipe_EndpointInit.str1.4
                0x1000c324       0xce E:/Programming/Cypress/PSoC6/psoc6pdl_Cortex-M4/Debug/libpsoc6pdl_Cortex-M4.a(cy_ipc_pipe.o)
 .rodata.Cy_IPC_Sema_InitExt.str1.4
                0x1000c3f2       0x66 E:/Programming/Cypress/PSoC6/psoc6pdl_Cortex-M4/Debug/libpsoc6pdl_Cortex-M4.a(cy_ipc_sema.o)
 *fill*         0x1000c3f2        0x2 
 .rodata.Cy_RTC_SetDateAndTime.str1.4
                0x1000c3f4       0x61 E:/Programming/Cypress/PSoC6/psoc6pdl_Cortex-M4/Debug/libpsoc6pdl_Cortex-M4.a(cy_rtc.o)
 *fill*         0x1000c455        0x3 
 .rodata.RelativeToFixed.str1.4
                0x1000c458       0x62 E:/Programming/Cypress/PSoC6/psoc6pdl_Cortex-M4/Debug/libpsoc6pdl_Cortex-M4.a(cy_rtc.o)
 *fill*         0x1000c4ba        0x2 
 .rodata.cy_RTC_daysInMonthTbl
                0x1000c4bc        0xc E:/Programming/Cypress/PSoC6/psoc6pdl_Cortex-M4/Debug/libpsoc6pdl_Cortex-M4.a(cy_rtc.o)
                0x1000c4bc                cy_RTC_daysInMonthTbl
 .rodata.Cy_SAR_Init.str1.4
                0x1000c4c8       0x61 E:/Programming/Cypress/PSoC6/psoc6pdl_Cortex-M4/Debug/libpsoc6pdl_Cortex-M4.a(cy_sar.o)
 *fill*         0x1000c529        0x3 
 .rodata.Cy_SCB_UART_Init.str1.4
                0x1000c52c       0x66 E:/Programming/Cypress/PSoC6/psoc6pdl_Cortex-M4/Debug/libpsoc6pdl_Cortex-M4.a(cy_scb_uart.o)
 *fill*         0x1000c592        0x2 
 .rodata.Cy_SD_Host_SendCommand.str1.4
                0x1000c594       0x65 E:/Programming/Cypress/PSoC6/psoc6pdl_Cortex-M4/Debug/libpsoc6pdl_Cortex-M4.a(cy_sd_host.o)
 *fill*         0x1000c5f9        0x3 
 .rodata.Cy_SysAnalog_Fast_Local
                0x1000c5fc       0x10 E:/Programming/Cypress/PSoC6/psoc6pdl_Cortex-M4/Debug/libpsoc6pdl_Cortex-M4.a(cy_sysanalog.o)
                0x1000c5fc                Cy_SysAnalog_Fast_Local
 .rodata.Cy_SysAnalog_Init.str1.4
                0x1000c60c       0x67 E:/Programming/Cypress/PSoC6/psoc6pdl_Cortex-M4/Debug/libpsoc6pdl_Cortex-M4.a(cy_sysanalog.o)
 *fill*         0x1000c673        0x1 
 .rodata.Cy_SysClk_ClkPathGetSource.str1.4
                0x1000c674       0x64 E:/Programming/Cypress/PSoC6/psoc6pdl_Cortex-M4/Debug/libpsoc6pdl_Cortex-M4.a(cy_sysclk.o)
 .rodata.Cy_SysInt_SetVector.str1.4
                0x1000c6d8       0x64 E:/Programming/Cypress/PSoC6/psoc6pdl_Cortex-M4/Debug/libpsoc6pdl_Cortex-M4.a(cy_sysint.o)
 .rodata.Cy_SysPm_SetHibernateWakeupSource.str1.4
                0x1000c73c       0x63 E:/Programming/Cypress/PSoC6/psoc6pdl_Cortex-M4/Debug/libpsoc6pdl_Cortex-M4.a(cy_syspm.o)
 .rodata.Cy_SysPm_WriteVoltageBitForFlash.str1.4
                0x1000c79f       0x66 E:/Programming/Cypress/PSoC6/psoc6pdl_Cortex-M4/Debug/libpsoc6pdl_Cortex-M4.a(cy_syspm.o)
 .rodata.Cy_IPC_Drv_LockRelease.str1.4
                0x1000c79f       0x66 E:/Programming/Cypress/PSoC6/psoc6pdl_Cortex-M4/Debug/libpsoc6pdl_Cortex-M4.a(cy_ipc_drv.o)
 *fill*         0x1000c79f        0x1 
 .rodata.Cy_IPC_Drv_ReadMsgWord.str1.4
                0x1000c7a0       0x65 E:/Programming/Cypress/PSoC6/psoc6pdl_Cortex-M4/Debug/libpsoc6pdl_Cortex-M4.a(cy_ipc_drv.o)
 *fill*         0x1000c805        0x3 
 .rodata.Cy_Prot_ConfigBusMaster.str1.4
                0x1000c808       0x62 E:/Programming/Cypress/PSoC6/psoc6pdl_Cortex-M4/Debug/libpsoc6pdl_Cortex-M4.a(cy_prot.o)
 *fill*         0x1000c86a        0x2 
 .rodata._global_impure_ptr
                0x1000c86c        0x4 c:/users/oleh/modustoolbox_1.1/tools/gcc-7.2.1-1.0/bin/../lib/gcc/arm-none-eabi/7.2.1/../../../../arm-none-eabi/lib/thumb/v7e-m/fpv4-sp/softfp\libg_nano.a(lib_a-impure.o)
                0x1000c86c                _global_impure_ptr
 .rodata._printf_float.str1.1
                0x1000c870       0x12 c:/users/oleh/modustoolbox_1.1/tools/gcc-7.2.1-1.0/bin/../lib/gcc/arm-none-eabi/7.2.1/../../../../arm-none-eabi/lib/thumb/v7e-m/fpv4-sp/softfp\libg_nano.a(lib_a-nano-vfprintf_float.o)
 .rodata._printf_i.str1.1
                0x1000c882       0x22 c:/users/oleh/modustoolbox_1.1/tools/gcc-7.2.1-1.0/bin/../lib/gcc/arm-none-eabi/7.2.1/../../../../arm-none-eabi/lib/thumb/v7e-m/fpv4-sp/softfp\libg_nano.a(lib_a-nano-vfprintf_i.o)
 .rodata._dtoa_r.str1.1
                0x1000c8a4        0xd c:/users/oleh/modustoolbox_1.1/tools/gcc-7.2.1-1.0/bin/../lib/gcc/arm-none-eabi/7.2.1/../../../../arm-none-eabi/lib/thumb/v7e-m/fpv4-sp/softfp\libg_nano.a(lib_a-dtoa.o)
                                  0xf (size before relaxing)
 *fill*         0x1000c8b1        0x3 
 .rodata.__sf_fake_stderr
                0x1000c8b4       0x20 c:/users/oleh/modustoolbox_1.1/tools/gcc-7.2.1-1.0/bin/../lib/gcc/arm-none-eabi/7.2.1/../../../../arm-none-eabi/lib/thumb/v7e-m/fpv4-sp/softfp\libg_nano.a(lib_a-findfp.o)
                0x1000c8b4                __sf_fake_stderr
 .rodata.__sf_fake_stdin
                0x1000c8d4       0x20 c:/users/oleh/modustoolbox_1.1/tools/gcc-7.2.1-1.0/bin/../lib/gcc/arm-none-eabi/7.2.1/../../../../arm-none-eabi/lib/thumb/v7e-m/fpv4-sp/softfp\libg_nano.a(lib_a-findfp.o)
                0x1000c8d4                __sf_fake_stdin
 .rodata.__sf_fake_stdout
                0x1000c8f4       0x20 c:/users/oleh/modustoolbox_1.1/tools/gcc-7.2.1-1.0/bin/../lib/gcc/arm-none-eabi/7.2.1/../../../../arm-none-eabi/lib/thumb/v7e-m/fpv4-sp/softfp\libg_nano.a(lib_a-findfp.o)
                0x1000c8f4                __sf_fake_stdout
 .rodata._setlocale_r.str1.1
                0x1000c914        0x8 c:/users/oleh/modustoolbox_1.1/tools/gcc-7.2.1-1.0/bin/../lib/gcc/arm-none-eabi/7.2.1/../../../../arm-none-eabi/lib/thumb/v7e-m/fpv4-sp/softfp\libg_nano.a(lib_a-locale.o)
                                  0x9 (size before relaxing)
 .rodata.str1.1
                0x1000c91c        0x2 c:/users/oleh/modustoolbox_1.1/tools/gcc-7.2.1-1.0/bin/../lib/gcc/arm-none-eabi/7.2.1/../../../../arm-none-eabi/lib/thumb/v7e-m/fpv4-sp/softfp\libg_nano.a(lib_a-locale.o)
 *fill*         0x1000c91e        0x2 
 .rodata.__mprec_bigtens
                0x1000c920       0x28 c:/users/oleh/modustoolbox_1.1/tools/gcc-7.2.1-1.0/bin/../lib/gcc/arm-none-eabi/7.2.1/../../../../arm-none-eabi/lib/thumb/v7e-m/fpv4-sp/softfp\libg_nano.a(lib_a-mprec.o)
                0x1000c920                __mprec_bigtens
 .rodata.__mprec_tens
                0x1000c948       0xc8 c:/users/oleh/modustoolbox_1.1/tools/gcc-7.2.1-1.0/bin/../lib/gcc/arm-none-eabi/7.2.1/../../../../arm-none-eabi/lib/thumb/v7e-m/fpv4-sp/softfp\libg_nano.a(lib_a-mprec.o)
                0x1000c948                __mprec_tens
 .rodata.p05.7359
                0x1000ca10        0xc c:/users/oleh/modustoolbox_1.1/tools/gcc-7.2.1-1.0/bin/../lib/gcc/arm-none-eabi/7.2.1/../../../../arm-none-eabi/lib/thumb/v7e-m/fpv4-sp/softfp\libg_nano.a(lib_a-mprec.o)
 .rodata._svfprintf_r.str1.1
                0x1000ca1c       0x11 c:/users/oleh/modustoolbox_1.1/tools/gcc-7.2.1-1.0/bin/../lib/gcc/arm-none-eabi/7.2.1/../../../../arm-none-eabi/lib/thumb/v7e-m/fpv4-sp/softfp\libg_nano.a(lib_a-nano-svfprintf.o)
 .rodata._vfprintf_r.str1.1
                0x1000ca2d       0x11 c:/users/oleh/modustoolbox_1.1/tools/gcc-7.2.1-1.0/bin/../lib/gcc/arm-none-eabi/7.2.1/../../../../arm-none-eabi/lib/thumb/v7e-m/fpv4-sp/softfp\libg_nano.a(lib_a-nano-vfprintf.o)
 .rodata._ctype_
                0x1000ca2d      0x101 c:/users/oleh/modustoolbox_1.1/tools/gcc-7.2.1-1.0/bin/../lib/gcc/arm-none-eabi/7.2.1/../../../../arm-none-eabi/lib/thumb/v7e-m/fpv4-sp/softfp\libg_nano.a(lib_a-ctype_.o)
                0x1000ca2d                _ctype_
 *fill*         0x1000cb2e        0x2 
 .rodata.log.str1.4
                0x1000cb30        0x4 c:/users/oleh/modustoolbox_1.1/tools/gcc-7.2.1-1.0/bin/../lib/gcc/arm-none-eabi/7.2.1/../../../../arm-none-eabi/lib/thumb/v7e-m/fpv4-sp/softfp\libm.a(lib_a-w_log.o)
                                  0x5 (size before relaxing)
 .rodata.pow.str1.4
                0x1000cb34        0x4 c:/users/oleh/modustoolbox_1.1/tools/gcc-7.2.1-1.0/bin/../lib/gcc/arm-none-eabi/7.2.1/../../../../arm-none-eabi/lib/thumb/v7e-m/fpv4-sp/softfp\libm.a(lib_a-w_pow.o)
 .rodata.__ieee754_pow.str1.4
                0x1000cb38        0x1 c:/users/oleh/modustoolbox_1.1/tools/gcc-7.2.1-1.0/bin/../lib/gcc/arm-none-eabi/7.2.1/../../../../arm-none-eabi/lib/thumb/v7e-m/fpv4-sp/softfp\libm.a(lib_a-e_pow.o)
 .rodata.TWO52  0x1000cb38       0x10 c:/users/oleh/modustoolbox_1.1/tools/gcc-7.2.1-1.0/bin/../lib/gcc/arm-none-eabi/7.2.1/../../../../arm-none-eabi/lib/thumb/v7e-m/fpv4-sp/softfp\libm.a(lib_a-s_rint.o)
 *(.eh_frame*)
 .eh_frame      0x1000cb48        0x0 c:/users/oleh/modustoolbox_1.1/tools/gcc-7.2.1-1.0/bin/../lib/gcc/arm-none-eabi/7.2.1/thumb/v7e-m/fpv4-sp/softfp/crtbegin.o
 .eh_frame      0x1000cb48        0x4 c:/users/oleh/modustoolbox_1.1/tools/gcc-7.2.1-1.0/bin/../lib/gcc/arm-none-eabi/7.2.1/thumb/v7e-m/fpv4-sp/softfp/crtend.o

.glue_7         0x1000cb4c        0x0
 .glue_7        0x1000cb4c        0x0 linker stubs

.glue_7t        0x1000cb4c        0x0
 .glue_7t       0x1000cb4c        0x0 linker stubs

.vfp11_veneer   0x1000cb4c        0x0
 .vfp11_veneer  0x1000cb4c        0x0 linker stubs

.v4_bx          0x1000cb4c        0x0
 .v4_bx         0x1000cb4c        0x0 linker stubs

.iplt           0x1000cb4c        0x0
 .iplt          0x1000cb4c        0x0 c:/users/oleh/modustoolbox_1.1/tools/gcc-7.2.1-1.0/bin/../lib/gcc/arm-none-eabi/7.2.1/thumb/v7e-m/fpv4-sp/softfp/crtbegin.o

.rel.dyn        0x1000cb4c        0x0
 .rel.iplt      0x1000cb4c        0x0 c:/users/oleh/modustoolbox_1.1/tools/gcc-7.2.1-1.0/bin/../lib/gcc/arm-none-eabi/7.2.1/thumb/v7e-m/fpv4-sp/softfp/crtbegin.o

.ARM.extab
 *(.ARM.extab* .gnu.linkonce.armextab.*)
                0x1000cb4c                __exidx_start = .

.ARM.exidx
 *(.ARM.exidx* .gnu.linkonce.armexidx.*)
                0x1000cb4c                __exidx_end = .

.copy.table     0x1000cb4c       0x18
                0x1000cb4c                . = ALIGN (0x4)
                0x1000cb4c                __copy_table_start__ = .
                0x1000cb4c        0x4 LONG 0x10002000 __Vectors
                0x1000cb50        0x4 LONG 0x8002000 __ram_vectors_start__
                0x1000cb54        0x4 LONG 0x2e0 (__Vectors_End - __Vectors)
                0x1000cb58        0x4 LONG 0x1000cb6c __etext
                0x1000cb5c        0x4 LONG 0x80022e0 __data_start__
                0x1000cb60        0x4 LONG 0x420 (__data_end__ - __data_start__)
                0x1000cb64                __copy_table_end__ = .

.zero.table     0x1000cb64        0x8
                0x1000cb64                . = ALIGN (0x4)
                0x1000cb64                __zero_table_start__ = .
                0x1000cb64        0x4 LONG 0x8002794 __bss_start__
                0x1000cb68        0x4 LONG 0x2e0 (__bss_end__ - __bss_start__)
                0x1000cb6c                __zero_table_end__ = .
                0x1000cb6c                __etext = .

.ramVectors     0x08002000      0x2e0
                0x08002000                __ram_vectors_start__ = .
 *(.ram_vectors)
 .ram_vectors   0x08002000      0x2e0 ./psoc6sw-1.1/components/psoc6pdl/devices/psoc6/startup/gcc/startup_psoc6_02_cm4.o
                0x08002000                __ramVectors
                0x080022e0                __ram_vectors_end__ = .

.data           0x080022e0      0x420 load address 0x1000cb6c
                0x080022e0                __data_start__ = .
 *(vtable)
 *(.data*)
 .data.SystemCoreClock
                0x080022e0        0x4 ./psoc6sw-1.1/components/psoc6pdl/devices/psoc6/startup/system_psoc6_cm4.o
                0x080022e0                SystemCoreClock
 .data.cy_Hfclk0FreqHz
                0x080022e4        0x4 ./psoc6sw-1.1/components/psoc6pdl/devices/psoc6/startup/system_psoc6_cm4.o
                0x080022e4                cy_Hfclk0FreqHz
 .data.cy_PeriClkFreqHz
                0x080022e8        0x4 ./psoc6sw-1.1/components/psoc6pdl/devices/psoc6/startup/system_psoc6_cm4.o
                0x080022e8                cy_PeriClkFreqHz
 .data.cy_delay32kMs
                0x080022ec        0x4 ./psoc6sw-1.1/components/psoc6pdl/devices/psoc6/startup/system_psoc6_cm4.o
                0x080022ec                cy_delay32kMs
 .data.cy_delayFreqHz
                0x080022f0        0x4 ./psoc6sw-1.1/components/psoc6pdl/devices/psoc6/startup/system_psoc6_cm4.o
                0x080022f0                cy_delayFreqHz
 .data.cy_delayFreqKhz
                0x080022f4        0x4 ./psoc6sw-1.1/components/psoc6pdl/devices/psoc6/startup/system_psoc6_cm4.o
                0x080022f4                cy_delayFreqKhz
 .data.cy_delayFreqMhz
                0x080022f8        0x1 ./psoc6sw-1.1/components/psoc6pdl/devices/psoc6/startup/system_psoc6_cm4.o
                0x080022f8                cy_delayFreqMhz
 *fill*         0x080022f9        0x3 
 .data.sdCardConfig
                0x080022fc       0x10 ./Source/main.o
                0x080022fc                sdCardConfig
 .data.secPrev.17033
                0x0800230c        0x4 ./Source/main.o
 .data.temperature_sw
                0x08002310        0x1 ./Source/main.o
                0x08002310                temperature_sw
 *fill*         0x08002311        0x3 
 .data._impure_ptr
                0x08002314        0x4 c:/users/oleh/modustoolbox_1.1/tools/gcc-7.2.1-1.0/bin/../lib/gcc/arm-none-eabi/7.2.1/../../../../arm-none-eabi/lib/thumb/v7e-m/fpv4-sp/softfp\libg_nano.a(lib_a-impure.o)
                0x08002314                _impure_ptr
 .data.impure_data
                0x08002318       0x60 c:/users/oleh/modustoolbox_1.1/tools/gcc-7.2.1-1.0/bin/../lib/gcc/arm-none-eabi/7.2.1/../../../../arm-none-eabi/lib/thumb/v7e-m/fpv4-sp/softfp\libg_nano.a(lib_a-impure.o)
 .data.__global_locale
                0x08002378      0x16c c:/users/oleh/modustoolbox_1.1/tools/gcc-7.2.1-1.0/bin/../lib/gcc/arm-none-eabi/7.2.1/../../../../arm-none-eabi/lib/thumb/v7e-m/fpv4-sp/softfp\libg_nano.a(lib_a-locale.o)
                0x08002378                __global_locale
 .data.__fdlib_version
                0x080024e4        0x1 c:/users/oleh/modustoolbox_1.1/tools/gcc-7.2.1-1.0/bin/../lib/gcc/arm-none-eabi/7.2.1/../../../../arm-none-eabi/lib/thumb/v7e-m/fpv4-sp/softfp\libm.a(lib_a-s_lib_ver.o)
                0x080024e4                __fdlib_version
                0x080024e8                . = ALIGN (0x4)
 *fill*         0x080024e5        0x3 
                0x080024e8                PROVIDE (__preinit_array_start, .)
 *(.preinit_array)
                0x080024e8                PROVIDE (__preinit_array_end, .)
                0x080024e8                . = ALIGN (0x4)
                0x080024e8                PROVIDE (__init_array_start, .)
 *(SORT_BY_NAME(.init_array.*))
 *(.init_array)
 .init_array    0x080024e8        0x4 c:/users/oleh/modustoolbox_1.1/tools/gcc-7.2.1-1.0/bin/../lib/gcc/arm-none-eabi/7.2.1/thumb/v7e-m/fpv4-sp/softfp/crtbegin.o
                0x080024ec                PROVIDE (__init_array_end, .)
                0x080024ec                . = ALIGN (0x4)
                [!provide]                PROVIDE (__fini_array_start, .)
 *(SORT_BY_NAME(.fini_array.*))
 *(.fini_array)
 .fini_array    0x080024ec        0x4 c:/users/oleh/modustoolbox_1.1/tools/gcc-7.2.1-1.0/bin/../lib/gcc/arm-none-eabi/7.2.1/thumb/v7e-m/fpv4-sp/softfp/crtbegin.o
                [!provide]                PROVIDE (__fini_array_end, .)
 *(.jcr*)
                0x080024f0                . = ALIGN (0x4)
 *(.cy_ramfunc*)
 .cy_ramfunc    0x080024f0      0x210 E:/Programming/Cypress/PSoC6/psoc6pdl_Cortex-M4/Debug/libpsoc6pdl_Cortex-M4.a(cy_syspm.o)
                0x08002700                . = ALIGN (0x4)
                0x08002700                __data_end__ = .

.igot.plt       0x08002700        0x0 load address 0x1000cf8c
 .igot.plt      0x08002700        0x0 c:/users/oleh/modustoolbox_1.1/tools/gcc-7.2.1-1.0/bin/../lib/gcc/arm-none-eabi/7.2.1/thumb/v7e-m/fpv4-sp/softfp/crtbegin.o

.noinit         0x08002700       0x94 load address 0x1000cf90
 *(.noinit)
 .noinit        0x08002700       0x94 E:/Programming/Cypress/PSoC6/psoc6pdl_Cortex-M4/Debug/libpsoc6pdl_Cortex-M4.a(cy_syslib.o)
                0x08002700                cy_assertFileName
                0x08002718                cy_assertLine
                0x0800271c                cy_faultFrame

.bss            0x08002794      0x2e0 load address 0x1000d024
                0x08002794                . = ALIGN (0x4)
                0x08002794                __bss_start__ = .
 *(.bss*)
 .bss           0x08002794       0x1c c:/users/oleh/modustoolbox_1.1/tools/gcc-7.2.1-1.0/bin/../lib/gcc/arm-none-eabi/7.2.1/thumb/v7e-m/fpv4-sp/softfp/crtbegin.o
 .bss.systemIpcPipeEpArray.12321
                0x080027b0      0x160 ./psoc6sw-1.1/components/psoc6pdl/devices/psoc6/startup/system_psoc6_cm4.o
 .bss.systemIpcPipeSysCbArray.12322
                0x08002910       0x20 ./psoc6sw-1.1/components/psoc6pdl/devices/psoc6/startup/system_psoc6_cm4.o
 .bss.cy_ipc_pipe_epArray
                0x08002930        0x4 E:/Programming/Cypress/PSoC6/psoc6pdl_Cortex-M4/Debug/libpsoc6pdl_Cortex-M4.a(cy_ipc_pipe.o)
 .bss.cy_semaData.9850
                0x08002934        0x8 E:/Programming/Cypress/PSoC6/psoc6pdl_Cortex-M4/Debug/libpsoc6pdl_Cortex-M4.a(cy_ipc_sema.o)
 .bss.cy_semaIpcStruct
                0x0800293c        0x4 E:/Programming/Cypress/PSoC6/psoc6pdl_Cortex-M4/Debug/libpsoc6pdl_Cortex-M4.a(cy_ipc_sema.o)
 .bss.bkpRegs   0x08002940       0x20 E:/Programming/Cypress/PSoC6/psoc6pdl_Cortex-M4/Debug/libpsoc6pdl_Cortex-M4.a(cy_syspm.o)
 .bss.wasEventSent
                0x08002960        0x1 E:/Programming/Cypress/PSoC6/psoc6pdl_Cortex-M4/Debug/libpsoc6pdl_Cortex-M4.a(cy_syspm.o)
 *fill*         0x08002961        0x3 
 .bss.__malloc_free_list
                0x08002964        0x4 c:/users/oleh/modustoolbox_1.1/tools/gcc-7.2.1-1.0/bin/../lib/gcc/arm-none-eabi/7.2.1/../../../../arm-none-eabi/lib/thumb/v7e-m/fpv4-sp/softfp\libg_nano.a(lib_a-nano-mallocr.o)
                0x08002964                __malloc_free_list
 .bss.__malloc_sbrk_start
                0x08002968        0x4 c:/users/oleh/modustoolbox_1.1/tools/gcc-7.2.1-1.0/bin/../lib/gcc/arm-none-eabi/7.2.1/../../../../arm-none-eabi/lib/thumb/v7e-m/fpv4-sp/softfp\libg_nano.a(lib_a-nano-mallocr.o)
                0x08002968                __malloc_sbrk_start
 .bss.heap_end.5377
                0x0800296c        0x4 c:/users/oleh/modustoolbox_1.1/tools/gcc-7.2.1-1.0/bin/../lib/gcc/arm-none-eabi/7.2.1/../../../../arm-none-eabi/lib/thumb/v7e-m/fpv4-sp/softfp\libnosys.a(sbrk.o)
 *(COMMON)
 COMMON         0x08002970       0x9c ./Source/main.o
                0x08002970                data
                0x08002988                cardCapacity
                0x08002989                cardType
                0x0800298c                sdHostContext
                0x080029ac                rca
                0x080029b0                ret
                0x080029b4                dateTime
                0x080029d4                uart_context
 COMMON         0x08002a0c        0x4 E:/Programming/Cypress/PSoC6/psoc6pdl_Cortex-M4/Debug/libpsoc6pdl_Cortex-M4.a(cy_device.o)
                0x08002a0c                cy_device
 COMMON         0x08002a10       0x60 E:/Programming/Cypress/PSoC6/psoc6pdl_Cortex-M4/Debug/libpsoc6pdl_Cortex-M4.a(cy_sar.o)
                0x08002a10                Cy_SAR_offset
                0x08002a30                Cy_SAR_countsPer10Volt
 COMMON         0x08002a70        0x4 c:/users/oleh/modustoolbox_1.1/tools/gcc-7.2.1-1.0/bin/../lib/gcc/arm-none-eabi/7.2.1/../../../../arm-none-eabi/lib/thumb/v7e-m/fpv4-sp/softfp\libg_nano.a(lib_a-reent.o)
                0x08002a70                errno
                0x08002a74                . = ALIGN (0x4)